Archive member included because of file (symbol)

c:/program files (x86)/gnu tools arm embedded/4.9 2015q3/bin/../lib/gcc/arm-none-eabi/4.9.3/../../../../arm-none-eabi/lib/armv7e-m/fpu\libg_nano.a(lib_a-errno.o)
                              ./synergy/ssp/src/bsp/mcu/all/bsp_sbrk.o (__errno)
c:/program files (x86)/gnu tools arm embedded/4.9 2015q3/bin/../lib/gcc/arm-none-eabi/4.9.3/../../../../arm-none-eabi/lib/armv7e-m/fpu\libg_nano.a(lib_a-exit.o)
                              c:/program files (x86)/gnu tools arm embedded/4.9 2015q3/bin/../lib/gcc/arm-none-eabi/4.9.3/../../../../arm-none-eabi/lib/armv7e-m/fpu/rdimon-crt0.o (exit)
c:/program files (x86)/gnu tools arm embedded/4.9 2015q3/bin/../lib/gcc/arm-none-eabi/4.9.3/../../../../arm-none-eabi/lib/armv7e-m/fpu\libg_nano.a(lib_a-impure.o)
                              c:/program files (x86)/gnu tools arm embedded/4.9 2015q3/bin/../lib/gcc/arm-none-eabi/4.9.3/../../../../arm-none-eabi/lib/armv7e-m/fpu\libg_nano.a(lib_a-exit.o) (_global_impure_ptr)
c:/program files (x86)/gnu tools arm embedded/4.9 2015q3/bin/../lib/gcc/arm-none-eabi/4.9.3/../../../../arm-none-eabi/lib/armv7e-m/fpu\libg_nano.a(lib_a-init.o)
                              c:/program files (x86)/gnu tools arm embedded/4.9 2015q3/bin/../lib/gcc/arm-none-eabi/4.9.3/../../../../arm-none-eabi/lib/armv7e-m/fpu/rdimon-crt0.o (__libc_init_array)
c:/program files (x86)/gnu tools arm embedded/4.9 2015q3/bin/../lib/gcc/arm-none-eabi/4.9.3/../../../../arm-none-eabi/lib/armv7e-m/fpu\libg_nano.a(lib_a-memset.o)
                              c:/program files (x86)/gnu tools arm embedded/4.9 2015q3/bin/../lib/gcc/arm-none-eabi/4.9.3/../../../../arm-none-eabi/lib/armv7e-m/fpu/rdimon-crt0.o (memset)
c:/program files (x86)/gnu tools arm embedded/4.9 2015q3/bin/../lib/gcc/arm-none-eabi/4.9.3/../../../../arm-none-eabi/lib/armv7e-m/fpu\libg_nano.a(lib_a-printf.o)
                              ./src/hal_entry.o (printf)
c:/program files (x86)/gnu tools arm embedded/4.9 2015q3/bin/../lib/gcc/arm-none-eabi/4.9.3/../../../../arm-none-eabi/lib/armv7e-m/fpu\libg_nano.a(lib_a-puts.o)
                              ./src/hal_entry.o (puts)
c:/program files (x86)/gnu tools arm embedded/4.9 2015q3/bin/../lib/gcc/arm-none-eabi/4.9.3/../../../../arm-none-eabi/lib/armv7e-m/fpu\libg_nano.a(lib_a-setvbuf.o)
                              ./src/hal_entry.o (setvbuf)
c:/program files (x86)/gnu tools arm embedded/4.9 2015q3/bin/../lib/gcc/arm-none-eabi/4.9.3/../../../../arm-none-eabi/lib/armv7e-m/fpu\libg_nano.a(lib_a-wbuf.o)
                              c:/program files (x86)/gnu tools arm embedded/4.9 2015q3/bin/../lib/gcc/arm-none-eabi/4.9.3/../../../../arm-none-eabi/lib/armv7e-m/fpu\libg_nano.a(lib_a-puts.o) (__swbuf_r)
c:/program files (x86)/gnu tools arm embedded/4.9 2015q3/bin/../lib/gcc/arm-none-eabi/4.9.3/../../../../arm-none-eabi/lib/armv7e-m/fpu\libg_nano.a(lib_a-wsetup.o)
                              c:/program files (x86)/gnu tools arm embedded/4.9 2015q3/bin/../lib/gcc/arm-none-eabi/4.9.3/../../../../arm-none-eabi/lib/armv7e-m/fpu\libg_nano.a(lib_a-puts.o) (__swsetup_r)
c:/program files (x86)/gnu tools arm embedded/4.9 2015q3/bin/../lib/gcc/arm-none-eabi/4.9.3/../../../../arm-none-eabi/lib/armv7e-m/fpu\libg_nano.a(lib_a-fflush.o)
                              c:/program files (x86)/gnu tools arm embedded/4.9 2015q3/bin/../lib/gcc/arm-none-eabi/4.9.3/../../../../arm-none-eabi/lib/armv7e-m/fpu\libg_nano.a(lib_a-setvbuf.o) (_fflush_r)
c:/program files (x86)/gnu tools arm embedded/4.9 2015q3/bin/../lib/gcc/arm-none-eabi/4.9.3/../../../../arm-none-eabi/lib/armv7e-m/fpu\libg_nano.a(lib_a-findfp.o)
                              c:/program files (x86)/gnu tools arm embedded/4.9 2015q3/bin/../lib/gcc/arm-none-eabi/4.9.3/../../../../arm-none-eabi/lib/armv7e-m/fpu\libg_nano.a(lib_a-setvbuf.o) (_cleanup_r)
c:/program files (x86)/gnu tools arm embedded/4.9 2015q3/bin/../lib/gcc/arm-none-eabi/4.9.3/../../../../arm-none-eabi/lib/armv7e-m/fpu\libg_nano.a(lib_a-fwalk.o)
                              c:/program files (x86)/gnu tools arm embedded/4.9 2015q3/bin/../lib/gcc/arm-none-eabi/4.9.3/../../../../arm-none-eabi/lib/armv7e-m/fpu\libg_nano.a(lib_a-findfp.o) (_fwalk)
c:/program files (x86)/gnu tools arm embedded/4.9 2015q3/bin/../lib/gcc/arm-none-eabi/4.9.3/../../../../arm-none-eabi/lib/armv7e-m/fpu\libg_nano.a(lib_a-makebuf.o)
                              c:/program files (x86)/gnu tools arm embedded/4.9 2015q3/bin/../lib/gcc/arm-none-eabi/4.9.3/../../../../arm-none-eabi/lib/armv7e-m/fpu\libg_nano.a(lib_a-wsetup.o) (__smakebuf_r)
c:/program files (x86)/gnu tools arm embedded/4.9 2015q3/bin/../lib/gcc/arm-none-eabi/4.9.3/../../../../arm-none-eabi/lib/armv7e-m/fpu\libg_nano.a(lib_a-malloc.o)
                              c:/program files (x86)/gnu tools arm embedded/4.9 2015q3/bin/../lib/gcc/arm-none-eabi/4.9.3/../../../../arm-none-eabi/lib/armv7e-m/fpu\libg_nano.a(lib_a-setvbuf.o) (malloc)
[...]
Memory Configuration

Name             Origin             Length             Attributes
FLASH            0x00000000         0x00400000         xr
RAM              0x1ffe0000         0x000a0000         xrw
DATA_FLASH       0x40100000         0x00010000         xr
QSPI_FLASH       0x60000000         0x04000000         xr
SDRAM            0x90000000         0x02000000         xrw
*default*        0x00000000         0xffffffff

Linker script and memory map

LOAD c:/program files (x86)/gnu tools arm embedded/4.9 2015q3/bin/../lib/gcc/arm-none-eabi/4.9.3/armv7e-m/fpu/crti.o
LOAD c:/program files (x86)/gnu tools arm embedded/4.9 2015q3/bin/../lib/gcc/arm-none-eabi/4.9.3/armv7e-m/fpu/crtbegin.o
LOAD c:/program files (x86)/gnu tools arm embedded/4.9 2015q3/bin/../lib/gcc/arm-none-eabi/4.9.3/../../../../arm-none-eabi/lib/armv7e-m/fpu/rdimon-crt0.o
START GROUP
LOAD ./synergy/ssp/src/driver/r_sci_uart/r_sci_uart.o
LOAD ./synergy/ssp/src/driver/r_sci_spi/r_sci_spi.o
LOAD ./synergy/ssp/src/driver/r_sci_common/r_sci_common.o
LOAD ./synergy/ssp/src/driver/r_ioport/r_ioport.o
LOAD ./synergy/ssp/src/driver/r_elc/r_elc.o
LOAD ./synergy/ssp/src/driver/r_cgc/hw/target/hw_cgc_target.o
LOAD ./synergy/ssp/src/driver/r_cgc/hw/common/hw_cgc_common.o
LOAD ./synergy/ssp/src/driver/r_cgc/hw/hw_cgc.o
LOAD ./synergy/ssp/src/driver/r_cgc/r_cgc.o
LOAD ./synergy/ssp/src/bsp/mcu/s7g2/bsp_cache.o
LOAD ./synergy/ssp/src/bsp/mcu/s7g2/bsp_clocks.o
LOAD ./synergy/ssp/src/bsp/mcu/s7g2/bsp_group_irq.o
LOAD ./synergy/ssp/src/bsp/mcu/s7g2/bsp_irq.o
LOAD ./synergy/ssp/src/bsp/mcu/s7g2/bsp_locking.o
LOAD ./synergy/ssp/src/bsp/mcu/s7g2/bsp_register_protection.o
LOAD ./synergy/ssp/src/bsp/mcu/s7g2/bsp_rom_registers.o
LOAD ./synergy/ssp/src/bsp/mcu/s7g2/bsp_vbatt.o
LOAD ./synergy/ssp/src/bsp/mcu/all/bsp_common.o
LOAD ./synergy/ssp/src/bsp/mcu/all/bsp_common_leds.o
LOAD ./synergy/ssp/src/bsp/mcu/all/bsp_delay.o
LOAD ./synergy/ssp/src/bsp/mcu/all/bsp_sbrk.o
LOAD ./synergy/ssp/src/bsp/cmsis/Device/RENESAS/S7G2/Source/startup_S7G2.o
LOAD ./synergy/ssp/src/bsp/cmsis/Device/RENESAS/S7G2/Source/system_S7G2.o
LOAD ./synergy/ssp/src/bsp/cmsis/Device/RENESAS/S3A7/Source/startup_S3A7.o
LOAD ./synergy/ssp/src/bsp/cmsis/Device/RENESAS/S3A7/Source/system_S3A7.o
LOAD ./synergy/ssp/src/bsp/cmsis/Device/RENESAS/S128/Source/startup_S128.o
LOAD ./synergy/ssp/src/bsp/cmsis/Device/RENESAS/S128/Source/system_S128.o
LOAD ./synergy/ssp/src/bsp/cmsis/Device/RENESAS/S124/Source/startup_S124.o
LOAD ./synergy/ssp/src/bsp/cmsis/Device/RENESAS/S124/Source/system_S124.o
LOAD ./synergy/ssp/src/bsp/board/s7g2_sk/bsp_init.o
LOAD ./synergy/ssp/src/bsp/board/s7g2_sk/bsp_leds.o
LOAD ./synergy/ssp/src/bsp/board/s7g2_sk/bsp_qspi.o
LOAD ./src/synergy_gen/common_data.o
LOAD ./src/synergy_gen/hal_data.o
LOAD ./src/synergy_gen/main.o
LOAD ./src/synergy_gen/pin_data.o
LOAD ./src/hal_entry.o
LOAD C:\Users\Kirti\e2_studio\workspace\BMESPI\synergy\ssp\src\bsp\cmsis\DSP_Lib\cm4_gcc\libDSP_Lib.a
END GROUP
START GROUP
LOAD c:/program files (x86)/gnu tools arm embedded/4.9 2015q3/bin/../lib/gcc/arm-none-eabi/4.9.3/armv7e-m/fpu\libgcc.a
LOAD c:/program files (x86)/gnu tools arm embedded/4.9 2015q3/bin/../lib/gcc/arm-none-eabi/4.9.3/../../../../arm-none-eabi/lib/armv7e-m/fpu\libg_nano.a
LOAD c:/program files (x86)/gnu tools arm embedded/4.9 2015q3/bin/../lib/gcc/arm-none-eabi/4.9.3/../../../../arm-none-eabi/lib/armv7e-m/fpu\libc_nano.a
END GROUP
START GROUP
LOAD c:/program files (x86)/gnu tools arm embedded/4.9 2015q3/bin/../lib/gcc/arm-none-eabi/4.9.3/armv7e-m/fpu\libgcc.a
LOAD c:/program files (x86)/gnu tools arm embedded/4.9 2015q3/bin/../lib/gcc/arm-none-eabi/4.9.3/../../../../arm-none-eabi/lib/armv7e-m/fpu\libc_nano.a
LOAD c:/program files (x86)/gnu tools arm embedded/4.9 2015q3/bin/../lib/gcc/arm-none-eabi/4.9.3/../../../../arm-none-eabi/lib/armv7e-m/fpu\librdimon_nano.a
END GROUP
START GROUP
LOAD c:/program files (x86)/gnu tools arm embedded/4.9 2015q3/bin/../lib/gcc/arm-none-eabi/4.9.3/armv7e-m/fpu\libgcc.a
LOAD c:/program files (x86)/gnu tools arm embedded/4.9 2015q3/bin/../lib/gcc/arm-none-eabi/4.9.3/../../../../arm-none-eabi/lib/armv7e-m/fpu\libc_nano.a
LOAD c:/program files (x86)/gnu tools arm embedded/4.9 2015q3/bin/../lib/gcc/arm-none-eabi/4.9.3/../../../../arm-none-eabi/lib/armv7e-m/fpu\librdimon_nano.a
END GROUP
LOAD c:/program files (x86)/gnu tools arm embedded/4.9 2015q3/bin/../lib/gcc/arm-none-eabi/4.9.3/armv7e-m/fpu/crtend.o
LOAD c:/program files (x86)/gnu tools arm embedded/4.9 2015q3/bin/../lib/gcc/arm-none-eabi/4.9.3/armv7e-m/fpu/crtn.o
START GROUP
LOAD c:/program files (x86)/gnu tools arm embedded/4.9 2015q3/bin/../lib/gcc/arm-none-eabi/4.9.3/armv7e-m/fpu\libgcc.a
LOAD c:/program files (x86)/gnu tools arm embedded/4.9 2015q3/bin/../lib/gcc/arm-none-eabi/4.9.3/../../../../arm-none-eabi/lib/armv7e-m/fpu\libc.a
LOAD c:/program files (x86)/gnu tools arm embedded/4.9 2015q3/bin/../lib/gcc/arm-none-eabi/4.9.3/../../../../arm-none-eabi/lib/armv7e-m/fpu\libm.a
LOAD c:/program files (x86)/gnu tools arm embedded/4.9 2015q3/bin/../lib/gcc/arm-none-eabi/4.9.3/../../../../arm-none-eabi/lib/armv7e-m/fpu\libnosys.a
END GROUP

.text           0x00000000     0x6294
                0x00000000                __ROM_Start = .
 *(.vectors)
 .vectors       0x00000000      0x1c0 ./synergy/ssp/src/bsp/cmsis/Device/RENESAS/S7G2/Source/startup_S7G2.o
                0x00000000                __Vectors
                0x000001c0                __Vectors_End = .
                0x000001c0                __Vectors_Size = (__Vectors_End - __Vectors)
                0x000001c0                __end__ = .
                0x00000400                . = (__ROM_Start + 0x400)
 *fill*         0x000001c0      0x240 ff
 *(.rom_registers*)
 .rom_registers
                0x00000400       0x3c ./synergy/ssp/src/bsp/mcu/s7g2/bsp_rom_registers.o
                0x00000500                . = (__ROM_Start + 0x500)
 *fill*         0x0000043c       0xc4 ff
 *(.text*)
 .text          0x00000500       0x5c c:/program files (x86)/gnu tools arm embedded/4.9 2015q3/bin/../lib/gcc/arm-none-eabi/4.9.3/armv7e-m/fpu/crtbegin.o
 .text.NVIC_EnableIRQ
                0x0000055c       0x18 ./synergy/ssp/src/driver/r_sci_uart/r_sci_uart.o
 .text.NVIC_DisableIRQ
                0x00000574       0x18 ./synergy/ssp/src/driver/r_sci_uart/r_sci_uart.o
 .text.R_SCI_UartInfoGet
                0x0000058c       0x60 ./synergy/ssp/src/driver/r_sci_uart/r_sci_uart.o
                0x0000058c                R_SCI_UartInfoGet
 .text.R_SCI_UartVersionGet
                0x000005ec       0x10 ./synergy/ssp/src/driver/r_sci_uart/r_sci_uart.o
                0x000005ec                R_SCI_UartVersionGet
 .text.R_SCI_UartClose
                0x000005fc       0x50 ./synergy/ssp/src/driver/r_sci_uart/r_sci_uart.o
                0x000005fc                R_SCI_UartClose
 .text.r_sci_read_write_param_check
                0x0000064c       0x58 ./synergy/ssp/src/driver/r_sci_uart/r_sci_uart.o
 .text.R_SCI_UartRead
                0x000006a4       0x7c ./synergy/ssp/src/driver/r_sci_uart/r_sci_uart.o
                0x000006a4                R_SCI_UartRead
 .text.r_sci_uart_baud_set
                0x00000720      0x15c ./synergy/ssp/src/driver/r_sci_uart/r_sci_uart.o
 .text.R_SCI_UartWrite
                0x0000087c       0xec ./synergy/ssp/src/driver/r_sci_uart/r_sci_uart.o
                0x0000087c                R_SCI_UartWrite
 .text.R_SCI_UartBaudSet
                0x00000968      0x194 ./synergy/ssp/src/driver/r_sci_uart/r_sci_uart.o
                0x00000968                R_SCI_UartBaudSet
 .text.R_SCI_UartOpen
                0x00000afc      0x7ac ./synergy/ssp/src/driver/r_sci_uart/r_sci_uart.o
                0x00000afc                R_SCI_UartOpen
 .text.r_sci_uart_txi_common
                0x000012a8      0x19c ./synergy/ssp/src/driver/r_sci_uart/r_sci_uart.o
                0x000012a8                r_sci_uart_txi_common
 .text.r_sci_uart_rxi_common
                0x00001444       0xc0 ./synergy/ssp/src/driver/r_sci_uart/r_sci_uart.o
                0x00001444                r_sci_uart_rxi_common
 .text.r_sci_uart_tei
                0x00001504       0x78 ./synergy/ssp/src/driver/r_sci_uart/r_sci_uart.o
                0x00001504                r_sci_uart_tei
 .text.r_sci_uart_eri_common
                0x0000157c       0x6c ./synergy/ssp/src/driver/r_sci_uart/r_sci_uart.o
                0x0000157c                r_sci_uart_eri_common
 .text.NVIC_EnableIRQ
                0x000015e8       0x18 ./synergy/ssp/src/driver/r_sci_spi/r_sci_spi.o
 .text.NVIC_DisableIRQ
                0x00001600       0x18 ./synergy/ssp/src/driver/r_sci_spi/r_sci_spi.o
 .text.R_SCI_SPI_VersionGet
                0x00001618       0x14 ./synergy/ssp/src/driver/r_sci_spi/r_sci_spi.o
                0x00001618                R_SCI_SPI_VersionGet
 .text.R_SCI_SPI_Open
                0x0000162c      0x3e0 ./synergy/ssp/src/driver/r_sci_spi/r_sci_spi.o
                0x0000162c                R_SCI_SPI_Open
 .text.R_SCI_SPI_Close
                0x00001a0c      0x150 ./synergy/ssp/src/driver/r_sci_spi/r_sci_spi.o
                0x00001a0c                R_SCI_SPI_Close
 .text.r_sci_spi_write_read_common
                0x00001b5c      0x3b4 ./synergy/ssp/src/driver/r_sci_spi/r_sci_spi.o
 .text.R_SCI_SPI_Read
                0x00001f10       0x34 ./synergy/ssp/src/driver/r_sci_spi/r_sci_spi.o
                0x00001f10                R_SCI_SPI_Read
 .text.R_SCI_SPI_Write
                0x00001f44       0x30 ./synergy/ssp/src/driver/r_sci_spi/r_sci_spi.o
                0x00001f44                R_SCI_SPI_Write
 .text.R_SCI_SPI_WriteRead
                0x00001f74       0x34 ./synergy/ssp/src/driver/r_sci_spi/r_sci_spi.o
                0x00001f74                R_SCI_SPI_WriteRead
 .text.r_sci_spi_tx_rx_common
                0x00001fa8      0x748 ./synergy/ssp/src/driver/r_sci_spi/r_sci_spi.o
                0x00001fa8                r_sci_spi_tx_rx_common
 .text.r_sci_spi_spei_isr_common
                0x000026f0       0x7c ./synergy/ssp/src/driver/r_sci_spi/r_sci_spi.o
                0x000026f0                r_sci_spi_spei_isr_common
 .text.NVIC_DisableIRQ
                0x0000276c       0x18 ./synergy/ssp/src/driver/r_sci_common/r_sci_common.o
 .text.txi_handler
                0x00002784       0x20 ./synergy/ssp/src/driver/r_sci_common/r_sci_common.o
 .text.eri_handler
                0x000027a4       0x38 ./synergy/ssp/src/driver/r_sci_common/r_sci_common.o
 .text.tei_handler
                0x000027dc       0x20 ./synergy/ssp/src/driver/r_sci_common/r_sci_common.o
 .text.rxi_handler
                0x000027fc       0x40 ./synergy/ssp/src/driver/r_sci_common/r_sci_common.o
 .text.r_sci_hardware_lock
                0x0000283c       0x24 ./synergy/ssp/src/driver/r_sci_common/r_sci_common.o
                0x0000283c                r_sci_hardware_lock
 .text.r_sci_hardware_unlock
                0x00002860       0x14 ./synergy/ssp/src/driver/r_sci_common/r_sci_common.o
                0x00002860                r_sci_hardware_unlock
 .text.r_sci_close_common
                0x00002874      0x11c ./synergy/ssp/src/driver/r_sci_common/r_sci_common.o
                0x00002874                r_sci_close_common
 .text.r_sci_channel_param_check
                0x00002990        0xc ./synergy/ssp/src/driver/r_sci_common/r_sci_common.o
                0x00002990                r_sci_channel_param_check
 .text.sci0_txi_isr
                0x0000299c       0x24 ./synergy/ssp/src/driver/r_sci_common/r_sci_common.o
                0x0000299c                sci0_txi_isr
 .text.sci8_txi_isr
                0x000029c0       0x24 ./synergy/ssp/src/driver/r_sci_common/r_sci_common.o
                0x000029c0                sci8_txi_isr
 .text.sci0_rxi_isr
                0x000029e4       0x24 ./synergy/ssp/src/driver/r_sci_common/r_sci_common.o
                0x000029e4                sci0_rxi_isr
 .text.sci8_rxi_isr
                0x00002a08       0x24 ./synergy/ssp/src/driver/r_sci_common/r_sci_common.o
                0x00002a08                sci8_rxi_isr
 .text.sci0_eri_isr
                0x00002a2c       0x24 ./synergy/ssp/src/driver/r_sci_common/r_sci_common.o
                0x00002a2c                sci0_eri_isr
 .text.sci8_eri_isr
                0x00002a50       0x24 ./synergy/ssp/src/driver/r_sci_common/r_sci_common.o
                0x00002a50                sci8_eri_isr
 .text.sci0_tei_isr
                0x00002a74       0x24 ./synergy/ssp/src/driver/r_sci_common/r_sci_common.o
                0x00002a74                sci0_tei_isr
 .text.sci8_tei_isr
                0x00002a98       0x24 ./synergy/ssp/src/driver/r_sci_common/r_sci_common.o
                0x00002a98                sci8_tei_isr
 .text.sci_irq_status_clear
                0x00002abc       0x38 ./synergy/ssp/src/driver/r_sci_common/r_sci_common.o
                0x00002abc                sci_irq_status_clear
 .text.R_IOPORT_VersionGet
                0x00002af4       0x10 ./synergy/ssp/src/driver/r_ioport/r_ioport.o
                0x00002af4                R_IOPORT_VersionGet
 .text.R_IOPORT_PinRead
                0x00002b04       0x30 ./synergy/ssp/src/driver/r_ioport/r_ioport.o
                0x00002b04                R_IOPORT_PinRead
 .text.R_IOPORT_PortRead
                0x00002b34       0x24 ./synergy/ssp/src/driver/r_ioport/r_ioport.o
                0x00002b34                R_IOPORT_PortRead
 .text.R_IOPORT_PortWrite
                0x00002b58       0x2c ./synergy/ssp/src/driver/r_ioport/r_ioport.o
                0x00002b58                R_IOPORT_PortWrite
 .text.R_IOPORT_PinWrite
                0x00002b84       0x70 ./synergy/ssp/src/driver/r_ioport/r_ioport.o
                0x00002b84                R_IOPORT_PinWrite
 .text.R_IOPORT_PortDirectionSet
                0x00002bf4       0x3c ./synergy/ssp/src/driver/r_ioport/r_ioport.o
                0x00002bf4                R_IOPORT_PortDirectionSet
 .text.R_IOPORT_PortEventInputRead
                0x00002c30       0x28 ./synergy/ssp/src/driver/r_ioport/r_ioport.o
                0x00002c30                R_IOPORT_PortEventInputRead
 .text.R_IOPORT_PinEventInputRead
                0x00002c58       0x44 ./synergy/ssp/src/driver/r_ioport/r_ioport.o
                0x00002c58                R_IOPORT_PinEventInputRead
 .text.R_IOPORT_PortEventOutputWrite
                0x00002c9c       0x2c ./synergy/ssp/src/driver/r_ioport/r_ioport.o
                0x00002c9c                R_IOPORT_PortEventOutputWrite
 .text.R_IOPORT_PinEventOutputWrite
                0x00002cc8       0x44 ./synergy/ssp/src/driver/r_ioport/r_ioport.o
                0x00002cc8                R_IOPORT_PinEventOutputWrite
 .text.R_IOPORT_EthernetModeCfg
                0x00002d0c       0x2c ./synergy/ssp/src/driver/r_ioport/r_ioport.o
                0x00002d0c                R_IOPORT_EthernetModeCfg
 .text.R_IOPORT_Init
                0x00002d38       0x70 ./synergy/ssp/src/driver/r_ioport/r_ioport.o
                0x00002d38                R_IOPORT_Init
 .text.R_IOPORT_PinCfg
                0x00002da8       0x70 ./synergy/ssp/src/driver/r_ioport/r_ioport.o
                0x00002da8                R_IOPORT_PinCfg
 .text.R_IOPORT_PinDirectionSet
                0x00002e18       0x70 ./synergy/ssp/src/driver/r_ioport/r_ioport.o
                0x00002e18                R_IOPORT_PinDirectionSet
 .text.R_ELC_LinkSet
                0x00002e88       0x10 ./synergy/ssp/src/driver/r_elc/r_elc.o
                0x00002e88                R_ELC_LinkSet
 .text.R_ELC_LinkBreak
                0x00002e98       0x10 ./synergy/ssp/src/driver/r_elc/r_elc.o
                0x00002e98                R_ELC_LinkBreak
 .text.R_ELC_Enable
                0x00002ea8       0x14 ./synergy/ssp/src/driver/r_elc/r_elc.o
                0x00002ea8                R_ELC_Enable
 .text.R_ELC_Disable
                0x00002ebc       0x14 ./synergy/ssp/src/driver/r_elc/r_elc.o
                0x00002ebc                R_ELC_Disable
 .text.R_ELC_VersionGet
                0x00002ed0       0x14 ./synergy/ssp/src/driver/r_elc/r_elc.o
                0x00002ed0                R_ELC_VersionGet
 .text.R_ELC_SoftwareEventGenerate
                0x00002ee4       0x2c ./synergy/ssp/src/driver/r_elc/r_elc.o
                0x00002ee4                R_ELC_SoftwareEventGenerate
 .text.R_ELC_Init
                0x00002f10       0x50 ./synergy/ssp/src/driver/r_elc/r_elc.o
                0x00002f10                R_ELC_Init
 .text.HW_CGC_Init
                0x00002f60       0x34 ./synergy/ssp/src/driver/r_cgc/hw/hw_cgc.o
                0x00002f60                HW_CGC_Init
 .text.HW_CGC_InitPLLFreq
                0x00002f94       0x74 ./synergy/ssp/src/driver/r_cgc/hw/hw_cgc.o
                0x00002f94                HW_CGC_InitPLLFreq
 .text.HW_CGC_MainClockDriveSet
                0x00003008       0x40 ./synergy/ssp/src/driver/r_cgc/hw/hw_cgc.o
                0x00003008                HW_CGC_MainClockDriveSet
 .text.HW_CGC_SubClockDriveSet
                0x00003048       0x40 ./synergy/ssp/src/driver/r_cgc/hw/hw_cgc.o
                0x00003048                HW_CGC_SubClockDriveSet
 .text.HW_CGC_ClockStart
                0x00003088       0xa0 ./synergy/ssp/src/driver/r_cgc/hw/hw_cgc.o
                0x00003088                HW_CGC_ClockStart
 .text.HW_CGC_ClockStop
                0x00003128       0xa0 ./synergy/ssp/src/driver/r_cgc/hw/hw_cgc.o
                0x00003128                HW_CGC_ClockStop
 .text.HW_CGC_ClockCheck
                0x000031c8       0x38 ./synergy/ssp/src/driver/r_cgc/hw/hw_cgc.o
                0x000031c8                HW_CGC_ClockCheck
 .text.HW_CGC_ClockRunStateGet
                0x00003200       0x78 ./synergy/ssp/src/driver/r_cgc/hw/hw_cgc.o
                0x00003200                HW_CGC_ClockRunStateGet
 .text.HW_CGC_DelayCycles
                0x00003278       0x10 ./synergy/ssp/src/driver/r_cgc/hw/hw_cgc.o
                0x00003278                HW_CGC_DelayCycles
 .text.HW_CGC_MainOscSourceSet
                0x00003288       0x40 ./synergy/ssp/src/driver/r_cgc/hw/hw_cgc.o
                0x00003288                HW_CGC_MainOscSourceSet
 .text.HW_CGC_ClockWaitSet
                0x000032c8       0x40 ./synergy/ssp/src/driver/r_cgc/hw/hw_cgc.o
                0x000032c8                HW_CGC_ClockWaitSet
 .text.HW_CGC_ClockSourceValidCheck
                0x00003308        0xc ./synergy/ssp/src/driver/r_cgc/hw/hw_cgc.o
                0x00003308                HW_CGC_ClockSourceValidCheck
 .text.HW_CGC_SystemClockValidCheck
                0x00003314        0xc ./synergy/ssp/src/driver/r_cgc/hw/hw_cgc.o
                0x00003314                HW_CGC_SystemClockValidCheck
 .text.HW_CGC_ClockSourceGet
                0x00003320       0x10 ./synergy/ssp/src/driver/r_cgc/hw/hw_cgc.o
                0x00003320                HW_CGC_ClockSourceGet
 .text.HW_CGC_ClockSourceSet
                0x00003330       0x40 ./synergy/ssp/src/driver/r_cgc/hw/hw_cgc.o
                0x00003330                HW_CGC_ClockSourceSet
 .text.HW_CGC_PLLClockSourceGet
                0x00003370       0x14 ./synergy/ssp/src/driver/r_cgc/hw/hw_cgc.o
                0x00003370                HW_CGC_PLLClockSourceGet
 .text.HW_CGC_PLLClockSourceSet
                0x00003384       0x48 ./synergy/ssp/src/driver/r_cgc/hw/hw_cgc.o
                0x00003384                HW_CGC_PLLClockSourceSet
 .text.HW_CGC_PLLMultiplierSet
                0x000033cc       0x4c ./synergy/ssp/src/driver/r_cgc/hw/hw_cgc.o
                0x000033cc                HW_CGC_PLLMultiplierSet
 .text.HW_CGC_PLLDividerSet
                0x00003418       0x44 ./synergy/ssp/src/driver/r_cgc/hw/hw_cgc.o
                0x00003418                HW_CGC_PLLDividerSet
 .text.HW_CGC_SystemDividersSet
                0x0000345c       0x80 ./synergy/ssp/src/driver/r_cgc/hw/hw_cgc.o
                0x0000345c                HW_CGC_SystemDividersSet
 .text.HW_CGC_SystemDividersGet
                0x000034dc       0x40 ./synergy/ssp/src/driver/r_cgc/hw/hw_cgc.o
                0x000034dc                HW_CGC_SystemDividersGet
 .text.HW_CGC_ClockCfgValidCheck
                0x0000351c       0x3c ./synergy/ssp/src/driver/r_cgc/hw/hw_cgc.o
                0x0000351c                HW_CGC_ClockCfgValidCheck
 .text.HW_CGC_ClockDividerGet
                0x00003558       0x60 ./synergy/ssp/src/driver/r_cgc/hw/hw_cgc.o
                0x00003558                HW_CGC_ClockDividerGet
 .text.HW_CGC_ClockHzGet
                0x000035b8       0x24 ./synergy/ssp/src/driver/r_cgc/hw/hw_cgc.o
                0x000035b8                HW_CGC_ClockHzGet
 .text.HW_CGC_ClockHzCalculate
                0x000035dc       0x10 ./synergy/ssp/src/driver/r_cgc/hw/hw_cgc.o
                0x000035dc                HW_CGC_ClockHzCalculate
 .text.HW_CGC_OscStopDetectEnable
                0x000035ec       0x44 ./synergy/ssp/src/driver/r_cgc/hw/hw_cgc.o
                0x000035ec                HW_CGC_OscStopDetectEnable
 .text.HW_CGC_OscStopDetectDisable
                0x00003630       0x44 ./synergy/ssp/src/driver/r_cgc/hw/hw_cgc.o
                0x00003630                HW_CGC_OscStopDetectDisable
 .text.HW_CGC_OscStopDetectEnabledGet
                0x00003674       0x10 ./synergy/ssp/src/driver/r_cgc/hw/hw_cgc.o
                0x00003674                HW_CGC_OscStopDetectEnabledGet
 .text.HW_CGC_OscStopDetectGet
                0x00003684       0x10 ./synergy/ssp/src/driver/r_cgc/hw/hw_cgc.o
                0x00003684                HW_CGC_OscStopDetectGet
 .text.HW_CGC_OscStopStatusClear
                0x00003694       0x4c ./synergy/ssp/src/driver/r_cgc/hw/hw_cgc.o
                0x00003694                HW_CGC_OscStopStatusClear
 .text.HW_CGC_BusClockOutCfg
                0x000036e0       0x40 ./synergy/ssp/src/driver/r_cgc/hw/hw_cgc.o
                0x000036e0                HW_CGC_BusClockOutCfg
 .text.HW_CGC_BusClockOutEnable
                0x00003720       0x38 ./synergy/ssp/src/driver/r_cgc/hw/hw_cgc.o
                0x00003720                HW_CGC_BusClockOutEnable
 .text.HW_CGC_BusClockOutDisable
                0x00003758       0x38 ./synergy/ssp/src/driver/r_cgc/hw/hw_cgc.o
                0x00003758                HW_CGC_BusClockOutDisable
 .text.HW_CGC_ClockOutCfg
                0x00003790       0x60 ./synergy/ssp/src/driver/r_cgc/hw/hw_cgc.o
                0x00003790                HW_CGC_ClockOutCfg
 .text.HW_CGC_ClockOutEnable
                0x000037f0       0x38 ./synergy/ssp/src/driver/r_cgc/hw/hw_cgc.o
                0x000037f0                HW_CGC_ClockOutEnable
 .text.HW_CGC_ClockOutDisable
                0x00003828       0x38 ./synergy/ssp/src/driver/r_cgc/hw/hw_cgc.o
                0x00003828                HW_CGC_ClockOutDisable
 .text.HW_CGC_SDRAMClockOutEnable
                0x00003860       0x38 ./synergy/ssp/src/driver/r_cgc/hw/hw_cgc.o
                0x00003860                HW_CGC_SDRAMClockOutEnable
 .text.HW_CGC_SDRAMClockOutDisable
                0x00003898       0x38 ./synergy/ssp/src/driver/r_cgc/hw/hw_cgc.o
                0x00003898                HW_CGC_SDRAMClockOutDisable
 .text.HW_CGC_USBClockCfg
                0x000038d0       0x40 ./synergy/ssp/src/driver/r_cgc/hw/hw_cgc.o
                0x000038d0                HW_CGC_USBClockCfg
 .text.HW_CGC_SystickUpdate
                0x00003910       0x38 ./synergy/ssp/src/driver/r_cgc/hw/hw_cgc.o
                0x00003910                HW_CGC_SystickUpdate
 .text.HW_CGC_SRAM_RAMWaitSet
                0x00003948       0x38 ./synergy/ssp/src/driver/r_cgc/hw/hw_cgc.o
                0x00003948                HW_CGC_SRAM_RAMWaitSet
 .text.HW_CGC_SRAM_HSRAMWaitSet
                0x00003980       0x2c ./synergy/ssp/src/driver/r_cgc/hw/hw_cgc.o
                0x00003980                HW_CGC_SRAM_HSRAMWaitSet
 .text.HW_CGC_ROMWaitSet
                0x000039ac       0x1c ./synergy/ssp/src/driver/r_cgc/hw/hw_cgc.o
                0x000039ac                HW_CGC_ROMWaitSet
 .text.HW_CGC_ROMWaitGet
                0x000039c8       0x10 ./synergy/ssp/src/driver/r_cgc/hw/hw_cgc.o
                0x000039c8                HW_CGC_ROMWaitGet
 .text.R_CGC_LCDClockCfg
                0x000039d8        0x4 ./synergy/ssp/src/driver/r_cgc/r_cgc.o
                0x000039d8                R_CGC_LCDClockCfg
 .text.R_CGC_LCDClockEnable
                0x000039dc        0x4 ./synergy/ssp/src/driver/r_cgc/r_cgc.o
                0x000039dc                R_CGC_LCDClockEnable
 .text.R_CGC_LCDClockDisable
                0x000039e0        0x4 ./synergy/ssp/src/driver/r_cgc/r_cgc.o
                0x000039e0                R_CGC_LCDClockDisable
 .text.R_CGC_VersionGet
                0x000039e4       0x10 ./synergy/ssp/src/driver/r_cgc/r_cgc.o
                0x000039e4                R_CGC_VersionGet
 .text.R_CGC_SystemClockGet
                0x000039f4       0x18 ./synergy/ssp/src/driver/r_cgc/r_cgc.o
                0x000039f4                R_CGC_SystemClockGet
 .text.R_CGC_SystemClockFreqGet
                0x00003a0c       0x24 ./synergy/ssp/src/driver/r_cgc/r_cgc.o
                0x00003a0c                R_CGC_SystemClockFreqGet
 .text.R_CGC_OscStopStatusClear
                0x00003a30       0x2c ./synergy/ssp/src/driver/r_cgc/r_cgc.o
                0x00003a30                R_CGC_OscStopStatusClear
 .text.R_CGC_BusClockOutCfg
                0x00003a5c        0xc ./synergy/ssp/src/driver/r_cgc/r_cgc.o
                0x00003a5c                R_CGC_BusClockOutCfg
 .text.R_CGC_BusClockOutEnable
                0x00003a68        0xc ./synergy/ssp/src/driver/r_cgc/r_cgc.o
                0x00003a68                R_CGC_BusClockOutEnable
 .text.R_CGC_BusClockOutDisable
                0x00003a74        0xc ./synergy/ssp/src/driver/r_cgc/r_cgc.o
                0x00003a74                R_CGC_BusClockOutDisable
 .text.R_CGC_ClockOutCfg
                0x00003a80        0xc ./synergy/ssp/src/driver/r_cgc/r_cgc.o
                0x00003a80                R_CGC_ClockOutCfg
 .text.R_CGC_ClockOutEnable
                0x00003a8c        0xc ./synergy/ssp/src/driver/r_cgc/r_cgc.o
                0x00003a8c                R_CGC_ClockOutEnable
 .text.R_CGC_ClockOutDisable
                0x00003a98        0xc ./synergy/ssp/src/driver/r_cgc/r_cgc.o
                0x00003a98                R_CGC_ClockOutDisable
 .text.R_CGC_SDRAMClockOutEnable
                0x00003aa4        0xc ./synergy/ssp/src/driver/r_cgc/r_cgc.o
                0x00003aa4                R_CGC_SDRAMClockOutEnable
 .text.R_CGC_SDRAMClockOutDisable
                0x00003ab0        0xc ./synergy/ssp/src/driver/r_cgc/r_cgc.o
                0x00003ab0                R_CGC_SDRAMClockOutDisable
 .text.R_CGC_USBClockCfg
                0x00003abc        0xc ./synergy/ssp/src/driver/r_cgc/r_cgc.o
                0x00003abc                R_CGC_USBClockCfg
 .text.R_CGC_Init
                0x00003ac8       0x50 ./synergy/ssp/src/driver/r_cgc/r_cgc.o
                0x00003ac8                R_CGC_Init
 .text.R_CGC_ClockCheck
                0x00003b18       0x60 ./synergy/ssp/src/driver/r_cgc/r_cgc.o
                0x00003b18                R_CGC_ClockCheck
 .text.R_CGC_ClockStart
                0x00003b78      0x104 ./synergy/ssp/src/driver/r_cgc/r_cgc.o
                0x00003b78                R_CGC_ClockStart
 .text.R_CGC_ClockStop
                0x00003c7c       0xac ./synergy/ssp/src/driver/r_cgc/r_cgc.o
                0x00003c7c                R_CGC_ClockStop
 .text.R_CGC_SystemClockSet
                0x00003d28      0x124 ./synergy/ssp/src/driver/r_cgc/r_cgc.o
                0x00003d28                R_CGC_SystemClockSet
 .text.R_CGC_OscStopDetect
                0x00003e4c       0x40 ./synergy/ssp/src/driver/r_cgc/r_cgc.o
                0x00003e4c                R_CGC_OscStopDetect
 .text.R_CGC_SystickUpdate
                0x00003e8c       0x50 ./synergy/ssp/src/driver/r_cgc/r_cgc.o
                0x00003e8c                R_CGC_SystickUpdate
 .text.R_BSP_CacheSet
                0x00003edc       0x48 ./synergy/ssp/src/bsp/mcu/s7g2/bsp_cache.o
                0x00003edc                R_BSP_CacheSet
 .text.bsp_clock_init
                0x00003f24       0x90 ./synergy/ssp/src/bsp/mcu/s7g2/bsp_clocks.o
                0x00003f24                bsp_clock_init
 .text.bsp_cpu_clock_get
                0x00003fb4       0x20 ./synergy/ssp/src/bsp/mcu/s7g2/bsp_clocks.o
                0x00003fb4                bsp_cpu_clock_get
 .text.bsp_group_interrupt_open
                0x00003fd4       0x18 ./synergy/ssp/src/bsp/mcu/s7g2/bsp_group_irq.o
                0x00003fd4                bsp_group_interrupt_open
 .text.R_BSP_GroupIrqWrite
                0x00003fec       0x10 ./synergy/ssp/src/bsp/mcu/s7g2/bsp_group_irq.o
                0x00003fec                R_BSP_GroupIrqWrite
 .text.NMI_Handler
                0x00003ffc      0x1f4 ./synergy/ssp/src/bsp/mcu/s7g2/bsp_group_irq.o
                0x00003ffc                NMI_Handler
 .text.R_BSP_IrqStatusClear
                0x000041f0       0x18 ./synergy/ssp/src/bsp/mcu/s7g2/bsp_irq.o
                0x000041f0                R_BSP_IrqStatusClear
 .text.bsp_irq_cfg
                0x00004208       0xa0 ./synergy/ssp/src/bsp/mcu/s7g2/bsp_irq.o
                0x00004208                bsp_irq_cfg
 .text.R_BSP_SoftwareLock
                0x000042a8       0x20 ./synergy/ssp/src/bsp/mcu/s7g2/bsp_locking.o
                0x000042a8                R_BSP_SoftwareLock
 .text.R_BSP_SoftwareUnlock
                0x000042c8        0x8 ./synergy/ssp/src/bsp/mcu/s7g2/bsp_locking.o
                0x000042c8                R_BSP_SoftwareUnlock
 .text.R_BSP_HardwareLock
                0x000042d0       0x28 ./synergy/ssp/src/bsp/mcu/s7g2/bsp_locking.o
                0x000042d0                R_BSP_HardwareLock
 .text.R_BSP_HardwareUnlock
                0x000042f8        0xc ./synergy/ssp/src/bsp/mcu/s7g2/bsp_locking.o
                0x000042f8                R_BSP_HardwareUnlock
 .text.bsp_init_hardware_locks
                0x00004304       0x18 ./synergy/ssp/src/bsp/mcu/s7g2/bsp_locking.o
                0x00004304                bsp_init_hardware_locks
 .text.R_BSP_RegisterProtectEnable
                0x0000431c       0x48 ./synergy/ssp/src/bsp/mcu/s7g2/bsp_register_protection.o
                0x0000431c                R_BSP_RegisterProtectEnable
 .text.R_BSP_RegisterProtectDisable
                0x00004364       0x50 ./synergy/ssp/src/bsp/mcu/s7g2/bsp_register_protection.o
                0x00004364                R_BSP_RegisterProtectDisable
 .text.bsp_register_protect_open
                0x000043b4       0x10 ./synergy/ssp/src/bsp/mcu/s7g2/bsp_register_protection.o
                0x000043b4                bsp_register_protect_open
 .text.bsp_vbatt_init
                0x000043c4       0x80 ./synergy/ssp/src/bsp/mcu/s7g2/bsp_vbatt.o
                0x000043c4                bsp_vbatt_init
 .text.software_delay_loop
                0x00004444        0xc ./synergy/ssp/src/bsp/mcu/all/bsp_delay.o
 .text.R_BSP_SoftwareDelay
                0x00004450       0x58 ./synergy/ssp/src/bsp/mcu/all/bsp_delay.o
                0x00004450                R_BSP_SoftwareDelay
 .text._sbrk    0x000044a8       0x40 ./synergy/ssp/src/bsp/mcu/all/bsp_sbrk.o
                0x000044a8                _sbrk
 .text.Default_Handler
                0x000044e8        0x4 ./synergy/ssp/src/bsp/cmsis/Device/RENESAS/S7G2/Source/startup_S7G2.o
                0x000044e8                gpt0_counter_overflow_isr
                0x000044e8                iic2_eri_isr
                0x000044e8                gpt10_counter_overflow_isr
                0x000044e8                gpt0_compare_e_isr
                0x000044e8                gpt7_counter_underflow_isr
                0x000044e8                gpt9_capture_compare_a_isr
                0x000044e8                DebugMon_Handler
                0x000044e8                ctsu_write_isr
                0x000044e8                dmac3_int_isr
                0x000044e8                sci3_txi_isr
                0x000044e8                ioport_event_4_isr
                0x000044e8                src_conversion_end_isr
                0x000044e8                sdhimmc1_accs_isr
                0x000044e8                gpt1_compare_c_isr
                0x000044e8                iic1_txi_isr
                0x000044e8                src_output_fifo_overflow_isr
                0x000044e8                gpt7_capture_compare_b_isr
                0x000044e8                sci5_eri_isr
                0x000044e8                ssi1_int_isr
                0x000044e8                elc_software_event_0_isr
                0x000044e8                gpt1_compare_d_isr
                0x000044e8                gpt5_ad_trig_b_isr
                0x000044e8                icu_irq5_isr
                0x000044e8                HardFault_Handler
                0x000044e8                eptpc_timer0_fall_isr
                0x000044e8                gpt12_counter_underflow_isr
                0x000044e8                key_int_isr
                0x000044e8                gpt4_capture_compare_a_isr
                0x000044e8                gpt11_compare_f_isr
                0x000044e8                sci9_eri_isr
                0x000044e8                gpt7_counter_overflow_isr
                0x000044e8                sci9_rxi_isr
                0x000044e8                icu_irq1_isr
                0x000044e8                SysTick_Handler
                0x000044e8                sce_proc_busy_isr
                0x000044e8                gpt8_capture_compare_b_isr
                0x000044e8                gpt9_compare_e_isr
                0x000044e8                PendSV_Handler
                0x000044e8                gpt6_ad_trig_b_isr
                0x000044e8                gpt0_counter_underflow_isr
                0x000044e8                sce_romok_isr
                0x000044e8                gpt2_compare_c_isr
                0x000044e8                gpt9_counter_underflow_isr
                0x000044e8                usbfs_int_isr
                0x000044e8                spi1_eri_isr
                0x000044e8                adc0_scan_end_b_isr
                0x000044e8                gpt11_counter_overflow_isr
                0x000044e8                iic2_rxi_isr
                0x000044e8                sci5_tei_isr
                0x000044e8                gpt5_compare_d_isr
                0x000044e8                poeg1_event_isr
                0x000044e8                iic1_eri_isr
                0x000044e8                icu_irq2_isr
                0x000044e8                iic0_tei_isr
                0x000044e8                adc0_compare_match_isr
                0x000044e8                sce_integrate_rdrdy_isr
                0x000044e8                spi1_txi_isr
                0x000044e8                pdc_frame_end_isr
                0x000044e8                dmac7_int_isr
                0x000044e8                gpt8_counter_overflow_isr
                0x000044e8                adc1_compare_match_isr
                0x000044e8                can1_mailbox_rx_isr
                0x000044e8                iic2_txi_isr
                0x000044e8                gpt5_capture_compare_b_isr
                0x000044e8                can1_fifo_tx_isr
                0x000044e8                adc1_compare_mismatch_isr
                0x000044e8                can1_fifo_rx_isr
                0x000044e8                sce_wrrdy_1_isr
                0x000044e8                sce_integrate_wrrdy_isr
                0x000044e8                poeg3_event_isr
                0x000044e8                gpt5_compare_c_isr
                0x000044e8                gpt6_capture_compare_a_isr
                0x000044e8                gpt2_compare_e_isr
                0x000044e8                gpt3_ad_trig_b_isr
                0x000044e8                agt1_int_isr
                0x000044e8                gpt0_capture_compare_b_isr
                0x000044e8                dmac5_int_isr
                0x000044e8                gpt12_compare_c_isr
                0x000044e8                gpt4_compare_e_isr
                0x000044e8                spi0_idle_isr
                0x000044e8                gpt9_counter_overflow_isr
                0x000044e8                gpt12_compare_d_isr
                0x000044e8                gpt1_ad_trig_a_isr
                0x000044e8                icu_irq14_isr
                0x000044e8                sci1_eri_isr
                0x000044e8                ssi0_rxi_isr
                0x000044e8                agt0_int_isr
                0x000044e8                glcdc_underflow_2_isr
                0x000044e8                sci9_am_isr
                0x000044e8                sdhimmc1_dma_req_isr
                0x000044e8                gpt7_compare_d_isr
                0x000044e8                gpt5_compare_e_isr
                0x000044e8                UsageFault_Handler
                0x000044e8                icu_irq9_isr
                0x000044e8                iic1_tei_isr
                0x000044e8                dmac4_int_isr
                0x000044e8                adc0_window_b_isr
                0x000044e8                iwdt_underflow_isr
                0x000044e8                icu_irq7_isr
                0x000044e8                gpt6_ad_trig_a_isr
                0x000044e8                gpt5_counter_overflow_isr
                0x000044e8                gpt3_compare_e_isr
                0x000044e8                gpt11_counter_underflow_isr
                0x000044e8                gpt2_capture_compare_a_isr
                0x000044e8                can0_mailbox_tx_isr
                0x000044e8                edmac0_eint_isr
                0x000044e8                gpt6_compare_e_isr
                0x000044e8                gpt3_capture_compare_b_isr
                0x000044e8                gpt13_capture_compare_a_isr
                0x000044e8                icu_irq13_isr
                0x000044e8                gpt2_capture_compare_b_isr
                0x000044e8                sce_test_busy_isr
                0x000044e8                eptpc_timer1_rise_isr
                0x000044e8                sci7_am_isr
                0x000044e8                gpt7_compare_f_isr
                0x000044e8                gpt0_compare_c_isr
                0x000044e8                eptpc_timer5_rise_isr
                0x000044e8                gpt1_capture_compare_b_isr
                0x000044e8                spi1_tei_isr
                0x000044e8                gpt11_compare_e_isr
                0x000044e8                dmac6_int_isr
                0x000044e8                sce_wrrdy_0_isr
                0x000044e8                cac_measurement_end_isr
                0x000044e8                gpt10_compare_f_isr
                0x000044e8                jpeg_jedi_isr
                0x000044e8                sci6_txi_isr
                0x000044e8                icu_irq3_isr
                0x000044e8                can1_error_isr
                0x000044e8                adc1_window_a_isr
                0x000044e8                icu_irq0_isr
                0x000044e8                gpt6_capture_compare_b_isr
                0x000044e8                usbhs_fifo_1_isr
                0x000044e8                eptpc_ipls_isr
                0x000044e8                gpt6_compare_d_isr
                0x000044e8                eptpc_timer4_rise_isr
                0x000044e8                gpt2_compare_f_isr
                0x000044e8                sdhimmc0_sdio_isr
                0x000044e8                can0_mailbox_rx_isr
                0x000044e8                adc0_window_a_isr
                0x000044e8                gpt11_compare_c_isr
                0x000044e8                sce_rdrdy_0_isr
                0x000044e8                gpt8_compare_e_isr
                0x000044e8                gpt1_ad_trig_b_isr
                0x000044e8                gpt2_ad_trig_b_isr
                0x000044e8                gpt1_compare_f_isr
                0x000044e8                dtc_complete_isr
                0x000044e8                dmac1_int_isr
                0x000044e8                gpt4_counter_underflow_isr
                0x000044e8                gpt3_compare_f_isr
                0x000044e8                iic2_tei_isr
                0x000044e8                eptpc_timer1_fall_isr
                0x000044e8                adc0_compare_mismatch_isr
                0x000044e8                sci9_tei_isr
                0x000044e8                sci5_rxi_isr
                0x000044e8                ops_uvw_edge_isr
                0x000044e8                dmac2_int_isr
                0x000044e8                gpt6_compare_c_isr
                0x000044e8                gpt1_compare_e_isr
                0x000044e8                gpt5_capture_compare_a_isr
                0x000044e8                sci2_tei_isr
                0x000044e8                sci7_txi_isr
                0x000044e8                sci4_eri_isr
                0x000044e8                gpt4_compare_d_isr
                0x000044e8                iic0_txi_isr
                0x000044e8                sci0_rxi_or_eri_isr
                0x000044e8                gpt4_counter_overflow_isr
                0x000044e8                gpt1_counter_underflow_isr
                0x000044e8                sce_wrrdy_4_isr
                0x000044e8                gpt2_ad_trig_a_isr
                0x000044e8                gpt3_capture_compare_a_isr
                0x000044e8                pdc_receive_data_ready_isr
                0x000044e8                gpt10_capture_compare_a_isr
                0x000044e8                gpt8_compare_f_isr
                0x000044e8                sci4_rxi_isr
                0x000044e8                gpt3_counter_overflow_isr
                0x000044e8                gpt4_ad_trig_b_isr
                0x000044e8                gpt13_compare_d_isr
                0x000044e8                sdhimmc0_dma_req_isr
                0x000044e8                gpt9_compare_f_isr
                0x000044e8                elc_software_event_1_isr
                0x000044e8                rtc_alarm_isr
                0x000044e8                gpt13_compare_f_isr
                0x000044e8                gpt0_compare_f_isr
                0x000044e8                adc1_scan_end_b_isr
                0x000044e8                wdt_underflow_isr
                0x000044e8                sci2_eri_isr
                0x000044e8                iic0_eri_isr
                0x000044e8                jpeg_jdti_isr
                0x000044e8                eptpc_timer2_fall_isr
                0x000044e8                adc1_window_b_isr
                0x000044e8                gpt4_compare_f_isr
                0x000044e8                gpt10_compare_d_isr
                0x000044e8                gpt7_ad_trig_b_isr
                0x000044e8                gpt10_compare_c_isr
                0x000044e8                gpt1_counter_overflow_isr
                0x000044e8                sci6_tei_isr
                0x000044e8                Default_Handler
                0x000044e8                cgc_mosc_stop_isr
                0x000044e8                gpt7_capture_compare_a_isr
                0x000044e8                usbhs_usb_int_resume_isr
                0x000044e8                gpt3_compare_c_isr
                0x000044e8                agt1_compare_a_isr
                0x000044e8                sdhimmc1_card_isr
                0x000044e8                sci3_tei_isr
                0x000044e8                gpt0_compare_d_isr
                0x000044e8                sci6_am_isr
                0x000044e8                gpt1_capture_compare_a_isr
                0x000044e8                eptpc_timer2_rise_isr
                0x000044e8                eptpc_timer3_fall_isr
                0x000044e8                gpt8_capture_compare_a_isr
                0x000044e8                sci1_tei_isr
                0x000044e8                gpt4_capture_compare_b_isr
                0x000044e8                iic1_rxi_isr
                0x000044e8                gpt4_compare_c_isr
                0x000044e8                icu_irq10_isr
                0x000044e8                usbfs_resume_isr
                0x000044e8                gpt6_compare_f_isr
                0x000044e8                gpt8_compare_d_isr
                0x000044e8                sdhimmc0_card_isr
                0x000044e8                gpt10_counter_underflow_isr
                0x000044e8                sci2_rxi_isr
                0x000044e8                can0_error_isr
                0x000044e8                gpt11_capture_compare_a_isr
                0x000044e8                sci7_rxi_isr
                0x000044e8                comp_hs_0_isr
                0x000044e8                gpt13_capture_compare_b_isr
                0x000044e8                eptpc_timer5_fall_isr
                0x000044e8                spi0_rxi_isr
                0x000044e8                eptpc_mint_isr
                0x000044e8                ctsu_end_isr
                0x000044e8                spi1_rxi_isr
                0x000044e8                spi0_eri_isr
                0x000044e8                comp_hs_2_isr
                0x000044e8                sci0_am_isr
                0x000044e8                ssi0_int_isr
                0x000044e8                gpt13_counter_overflow_isr
                0x000044e8                icu_irq6_isr
                0x000044e8                MemManage_Handler
                0x000044e8                sci4_am_isr
                0x000044e8                src_output_fifo_underflow_isr
                0x000044e8                sdhimmc0_accs_isr
                0x000044e8                doc_int_isr
                0x000044e8                sci3_eri_isr
                0x000044e8                SVC_Handler
                0x000044e8                gpt3_compare_d_isr
                0x000044e8                sci8_am_isr
                0x000044e8                eptpc_timer4_fall_isr
                0x000044e8                gpt12_counter_overflow_isr
                0x000044e8                sci4_txi_isr
                0x000044e8                adc1_scan_end_isr
                0x000044e8                usbfs_fifo_0_isr
                0x000044e8                ioport_event_3_isr
                0x000044e8                glcdc_underflow_1_isr
                0x000044e8                gpt2_counter_overflow_isr
                0x000044e8                can0_fifo_tx_isr
                0x000044e8                gpt7_compare_c_isr
                0x000044e8                icu_irq12_isr
                0x000044e8                gpt9_compare_d_isr
                0x000044e8                ioport_event_2_isr
                0x000044e8                gpt6_counter_overflow_isr
                0x000044e8                usbhs_fifo_0_isr
                0x000044e8                gpt0_ad_trig_b_isr
                0x000044e8                src_output_fifo_full_isr
                0x000044e8                can1_mailbox_tx_isr
                0x000044e8                gpt12_compare_f_isr
                0x000044e8                gpt4_ad_trig_a_isr
                0x000044e8                rtc_carry_isr
                0x000044e8                comp_hs_3_isr
                0x000044e8                sci1_rxi_isr
                0x000044e8                gpt2_compare_d_isr
                0x000044e8                sci5_am_isr
                0x000044e8                gpt9_compare_c_isr
                0x000044e8                dmac0_int_isr
                0x000044e8                spi0_tei_isr
                0x000044e8                sdhimmc1_sdio_isr
                0x000044e8                adc0_scan_end_isr
                0x000044e8                edmac1_eint_isr
                0x000044e8                ioport_event_1_isr
                0x000044e8                ssi0_txi_isr
                0x000044e8                sce_rdrdy_1_isr
                0x000044e8                gpt12_capture_compare_a_isr
                0x000044e8                gpt0_capture_compare_a_isr
                0x000044e8                spi1_idle_isr
                0x000044e8                gpt6_counter_underflow_isr
                0x000044e8                sce_long_plg_isr
                0x000044e8                rtc_period_isr
                0x000044e8                fcu_frdyi_isr
                0x000044e8                sci7_tei_isr
                0x000044e8                iic0_rxi_isr
                0x000044e8                gpt9_capture_compare_b_isr
                0x000044e8                src_input_fifo_empty_isr
                0x000044e8                gpt13_counter_underflow_isr
                0x000044e8                gpt5_compare_f_isr
                0x000044e8                cac_frequency_error_isr
                0x000044e8                gpt10_capture_compare_b_isr
                0x000044e8                lpm_snooze_request_isr
                0x000044e8                sci5_txi_isr
                0x000044e8                qspi_int_isr
                0x000044e8                dtc_end_isr
                0x000044e8                gpt11_capture_compare_b_isr
                0x000044e8                eptpc_pint_isr
                0x000044e8                gpt8_compare_c_isr
                0x000044e8                gpt3_ad_trig_a_isr
                0x000044e8                usbfs_fifo_1_isr
                0x000044e8                gpt8_counter_underflow_isr
                0x000044e8                pdc_int_isr
                0x000044e8                drw_int_isr
                0x000044e8                fcu_fiferr_isr
                0x000044e8                sci2_txi_isr
                0x000044e8                eptpc_timer3_rise_isr
                0x000044e8                sci6_rxi_isr
                0x000044e8                sci1_txi_isr
                0x000044e8                gpt10_compare_e_isr
                0x000044e8                gpt3_counter_underflow_isr
                0x000044e8                gpt11_compare_d_isr
                0x000044e8                gpt13_compare_c_isr
                0x000044e8                agt1_compare_b_isr
                0x000044e8                ctsu_read_isr
                0x000044e8                icu_irq4_isr
                0x000044e8                gpt13_compare_e_isr
                0x000044e8                gpt0_ad_trig_a_isr
                0x000044e8                gpt7_compare_e_isr
                0x000044e8                cac_overflow_isr
                0x000044e8                sci1_am_isr
                0x000044e8                BusFault_Handler
                0x000044e8                gpt7_ad_trig_a_isr
                0x000044e8                gpt12_capture_compare_b_isr
                0x000044e8                gpt5_counter_underflow_isr
                0x000044e8                gpt12_compare_e_isr
                0x000044e8                comp_hs_1_isr
                0x000044e8                sci6_eri_isr
                0x000044e8                gpt5_ad_trig_a_isr
                0x000044e8                poeg2_event_isr
                0x000044e8                icu_irq8_isr
                0x000044e8                spi0_txi_isr
                0x000044e8                sci2_am_isr
                0x000044e8                lvd_lvd2_isr
                0x000044e8                comp_hs_4_isr
                0x000044e8                sci3_rxi_isr
                0x000044e8                icu_irq15_isr
                0x000044e8                glcdc_line_detect_isr
                0x000044e8                poeg0_event_isr
                0x000044e8                sci9_txi_isr
                0x000044e8                ssi1_txi_rxi_isr
                0x000044e8                icu_irq11_isr
                0x000044e8                lvd_lvd1_isr
                0x000044e8                sci7_eri_isr
                0x000044e8                agt0_compare_b_isr
                0x000044e8                agt0_compare_a_isr
                0x000044e8                sci4_tei_isr
                0x000044e8                icu_snooze_cancel_isr
                0x000044e8                can0_fifo_rx_isr
                0x000044e8                iic0_wui_isr
                0x000044e8                eptpc_timer0_rise_isr
                0x000044e8                gpt2_counter_underflow_isr
                0x000044e8                sci3_am_isr
                0x000044e8                comp_hs_5_isr
 .text.Reset_Handler
                0x000044ec        0xc ./synergy/ssp/src/bsp/cmsis/Device/RENESAS/S7G2/Source/startup_S7G2.o
                0x000044ec                Reset_Handler
 .text.R_BSP_WarmStart
                0x000044f8        0x4 ./synergy/ssp/src/bsp/cmsis/Device/RENESAS/S7G2/Source/system_S7G2.o
                0x000044f8                R_BSP_WarmStart
 .text.SystemInit
                0x000044fc       0xb4 ./synergy/ssp/src/bsp/cmsis/Device/RENESAS/S7G2/Source/system_S7G2.o
                0x000044fc                SystemInit
 .text.bsp_init
                0x000045b0        0x4 ./synergy/ssp/src/bsp/board/s7g2_sk/bsp_init.o
                0x000045b0                bsp_init
 .text.bsp_qspi_xip_mode
                0x000045b4       0x88 ./synergy/ssp/src/bsp/board/s7g2_sk/bsp_qspi.o
 .text.bsp_qspi_init
                0x0000463c      0x138 ./synergy/ssp/src/bsp/board/s7g2_sk/bsp_qspi.o
                0x0000463c                bsp_qspi_init
 .text.startup.main
                0x00004774        0xc ./src/synergy_gen/main.o
                0x00004774                main
 .text._write   0x00004780       0x50 ./src/hal_entry.o
                0x00004780                _write
 .text.user_uart_callback
                0x000047d0       0x14 ./src/hal_entry.o
                0x000047d0                user_uart_callback
 .text.user_spi_callback
                0x000047e4       0x10 ./src/hal_entry.o
                0x000047e4                user_spi_callback
 .text.hal_entry
                0x000047f4       0xcc ./src/hal_entry.o
                0x000047f4                hal_entry
 .text.__errno  0x000048c0        0xc c:/program files (x86)/gnu tools arm embedded/4.9 2015q3/bin/../lib/gcc/arm-none-eabi/4.9.3/../../../../arm-none-eabi/lib/armv7e-m/fpu\libg_nano.a(lib_a-errno.o)
                0x000048c0                __errno
 .text.memset   0x000048cc       0x10 c:/program files (x86)/gnu tools arm embedded/4.9 2015q3/bin/../lib/gcc/arm-none-eabi/4.9.3/../../../../arm-none-eabi/lib/armv7e-m/fpu\libg_nano.a(lib_a-memset.o)
                0x000048cc                memset
 .text.printf   0x000048dc       0x30 c:/program files (x86)/gnu tools arm embedded/4.9 2015q3/bin/../lib/gcc/arm-none-eabi/4.9.3/../../../../arm-none-eabi/lib/armv7e-m/fpu\libg_nano.a(lib_a-printf.o)
                0x000048dc                iprintf
                0x000048dc                printf
 .text._puts_r  0x0000490c       0xf0 c:/program files (x86)/gnu tools arm embedded/4.9 2015q3/bin/../lib/gcc/arm-none-eabi/4.9.3/../../../../arm-none-eabi/lib/armv7e-m/fpu\libg_nano.a(lib_a-puts.o)
                0x0000490c                _puts_r
 .text.puts     0x000049fc       0x10 c:/program files (x86)/gnu tools arm embedded/4.9 2015q3/bin/../lib/gcc/arm-none-eabi/4.9.3/../../../../arm-none-eabi/lib/armv7e-m/fpu\libg_nano.a(lib_a-puts.o)
                0x000049fc                puts
 .text.setvbuf  0x00004a0c      0x110 c:/program files (x86)/gnu tools arm embedded/4.9 2015q3/bin/../lib/gcc/arm-none-eabi/4.9.3/../../../../arm-none-eabi/lib/armv7e-m/fpu\libg_nano.a(lib_a-setvbuf.o)
                0x00004a0c                setvbuf
 .text.__swbuf_r
                0x00004b1c       0xa8 c:/program files (x86)/gnu tools arm embedded/4.9 2015q3/bin/../lib/gcc/arm-none-eabi/4.9.3/../../../../arm-none-eabi/lib/armv7e-m/fpu\libg_nano.a(lib_a-wbuf.o)
                0x00004b1c                __swbuf_r
 .text.__swsetup_r
                0x00004bc4       0xd8 c:/program files (x86)/gnu tools arm embedded/4.9 2015q3/bin/../lib/gcc/arm-none-eabi/4.9.3/../../../../arm-none-eabi/lib/armv7e-m/fpu\libg_nano.a(lib_a-wsetup.o)
                0x00004bc4                __swsetup_r
 .text.__sflush_r
                0x00004c9c      0x108 c:/program files (x86)/gnu tools arm embedded/4.9 2015q3/bin/../lib/gcc/arm-none-eabi/4.9.3/../../../../arm-none-eabi/lib/armv7e-m/fpu\libg_nano.a(lib_a-fflush.o)
                0x00004c9c                __sflush_r
 .text._fflush_r
                0x00004da4       0x54 c:/program files (x86)/gnu tools arm embedded/4.9 2015q3/bin/../lib/gcc/arm-none-eabi/4.9.3/../../../../arm-none-eabi/lib/armv7e-m/fpu\libg_nano.a(lib_a-fflush.o)
                0x00004da4                _fflush_r
 .text._cleanup_r
                0x00004df8        0xc c:/program files (x86)/gnu tools arm embedded/4.9 2015q3/bin/../lib/gcc/arm-none-eabi/4.9.3/../../../../arm-none-eabi/lib/armv7e-m/fpu\libg_nano.a(lib_a-findfp.o)
                0x00004df8                _cleanup_r
 .text.std.isra.0
                0x00004e04       0x48 c:/program files (x86)/gnu tools arm embedded/4.9 2015q3/bin/../lib/gcc/arm-none-eabi/4.9.3/../../../../arm-none-eabi/lib/armv7e-m/fpu\libg_nano.a(lib_a-findfp.o)
 .text.__sfmoreglue
                0x00004e4c       0x2c c:/program files (x86)/gnu tools arm embedded/4.9 2015q3/bin/../lib/gcc/arm-none-eabi/4.9.3/../../../../arm-none-eabi/lib/armv7e-m/fpu\libg_nano.a(lib_a-findfp.o)
                0x00004e4c                __sfmoreglue
 .text.__sinit  0x00004e78       0x60 c:/program files (x86)/gnu tools arm embedded/4.9 2015q3/bin/../lib/gcc/arm-none-eabi/4.9.3/../../../../arm-none-eabi/lib/armv7e-m/fpu\libg_nano.a(lib_a-findfp.o)
                0x00004e78                __sinit
 .text.__sfp    0x00004ed8       0x74 c:/program files (x86)/gnu tools arm embedded/4.9 2015q3/bin/../lib/gcc/arm-none-eabi/4.9.3/../../../../arm-none-eabi/lib/armv7e-m/fpu\libg_nano.a(lib_a-findfp.o)
                0x00004ed8                __sfp
 .text._fwalk_reent
                0x00004f4c       0x3c c:/program files (x86)/gnu tools arm embedded/4.9 2015q3/bin/../lib/gcc/arm-none-eabi/4.9.3/../../../../arm-none-eabi/lib/armv7e-m/fpu\libg_nano.a(lib_a-fwalk.o)
                0x00004f4c                _fwalk_reent
 .text.__smakebuf_r
                0x00004f88       0x9c c:/program files (x86)/gnu tools arm embedded/4.9 2015q3/bin/../lib/gcc/arm-none-eabi/4.9.3/../../../../arm-none-eabi/lib/armv7e-m/fpu\libg_nano.a(lib_a-makebuf.o)
                0x00004f88                __smakebuf_r
 .text.malloc   0x00005024       0x10 c:/program files (x86)/gnu tools arm embedded/4.9 2015q3/bin/../lib/gcc/arm-none-eabi/4.9.3/../../../../arm-none-eabi/lib/armv7e-m/fpu\libg_nano.a(lib_a-malloc.o)
                0x00005024                malloc
 .text._free_r  0x00005034       0x88 c:/program files (x86)/gnu tools arm embedded/4.9 2015q3/bin/../lib/gcc/arm-none-eabi/4.9.3/../../../../arm-none-eabi/lib/armv7e-m/fpu\libg_nano.a(lib_a-nano-freer.o)
                0x00005034                _free_r
 .text._malloc_r
                0x000050bc       0xac c:/program files (x86)/gnu tools arm embedded/4.9 2015q3/bin/../lib/gcc/arm-none-eabi/4.9.3/../../../../arm-none-eabi/lib/armv7e-m/fpu\libg_nano.a(lib_a-nano-mallocr.o)
                0x000050bc                _malloc_r
 .text.__sfputc_r
                0x00005168       0x2c c:/program files (x86)/gnu tools arm embedded/4.9 2015q3/bin/../lib/gcc/arm-none-eabi/4.9.3/../../../../arm-none-eabi/lib/armv7e-m/fpu\libg_nano.a(lib_a-nano-vfprintf.o)
 .text.__sfputs_r
                0x00005194       0x24 c:/program files (x86)/gnu tools arm embedded/4.9 2015q3/bin/../lib/gcc/arm-none-eabi/4.9.3/../../../../arm-none-eabi/lib/armv7e-m/fpu\libg_nano.a(lib_a-nano-vfprintf.o)
                0x00005194                __sfputs_r
 .text._vfprintf_r
                0x000051b8      0x210 c:/program files (x86)/gnu tools arm embedded/4.9 2015q3/bin/../lib/gcc/arm-none-eabi/4.9.3/../../../../arm-none-eabi/lib/armv7e-m/fpu\libg_nano.a(lib_a-nano-vfprintf.o)
                0x000051b8                _vfprintf_r
                0x000051b8                _vfiprintf_r
 .text._printf_common
                0x000053c8       0xea c:/program files (x86)/gnu tools arm embedded/4.9 2015q3/bin/../lib/gcc/arm-none-eabi/4.9.3/../../../../arm-none-eabi/lib/armv7e-m/fpu\libg_nano.a(lib_a-nano-vfprintf_i.o)
                0x000053c8                _printf_common
 *fill*         0x000054b2        0x2 ff
 .text._printf_i
                0x000054b4      0x240 c:/program files (x86)/gnu tools arm embedded/4.9 2015q3/bin/../lib/gcc/arm-none-eabi/4.9.3/../../../../arm-none-eabi/lib/armv7e-m/fpu\libg_nano.a(lib_a-nano-vfprintf_i.o)
                0x000054b4                _printf_i
 .text._sbrk_r  0x000056f4       0x20 c:/program files (x86)/gnu tools arm embedded/4.9 2015q3/bin/../lib/gcc/arm-none-eabi/4.9.3/../../../../arm-none-eabi/lib/armv7e-m/fpu\libg_nano.a(lib_a-sbrkr.o)
                0x000056f4                _sbrk_r
 .text.__sread  0x00005714       0x22 c:/program files (x86)/gnu tools arm embedded/4.9 2015q3/bin/../lib/gcc/arm-none-eabi/4.9.3/../../../../arm-none-eabi/lib/armv7e-m/fpu\libg_nano.a(lib_a-stdio.o)
                0x00005714                __sread
 .text.__swrite
                0x00005736       0x38 c:/program files (x86)/gnu tools arm embedded/4.9 2015q3/bin/../lib/gcc/arm-none-eabi/4.9.3/../../../../arm-none-eabi/lib/armv7e-m/fpu\libg_nano.a(lib_a-stdio.o)
                0x00005736                __swrite
 .text.__sseek  0x0000576e       0x24 c:/program files (x86)/gnu tools arm embedded/4.9 2015q3/bin/../lib/gcc/arm-none-eabi/4.9.3/../../../../arm-none-eabi/lib/armv7e-m/fpu\libg_nano.a(lib_a-stdio.o)
                0x0000576e                __sseek
 .text.__sclose
                0x00005792        0x8 c:/program files (x86)/gnu tools arm embedded/4.9 2015q3/bin/../lib/gcc/arm-none-eabi/4.9.3/../../../../arm-none-eabi/lib/armv7e-m/fpu\libg_nano.a(lib_a-stdio.o)
                0x00005792                __sclose
 *fill*         0x0000579a        0x2 ff
 .text._write_r
                0x0000579c       0x24 c:/program files (x86)/gnu tools arm embedded/4.9 2015q3/bin/../lib/gcc/arm-none-eabi/4.9.3/../../../../arm-none-eabi/lib/armv7e-m/fpu\libg_nano.a(lib_a-writer.o)
                0x0000579c                _write_r
 .text._close_r
                0x000057c0       0x20 c:/program files (x86)/gnu tools arm embedded/4.9 2015q3/bin/../lib/gcc/arm-none-eabi/4.9.3/../../../../arm-none-eabi/lib/armv7e-m/fpu\libg_nano.a(lib_a-closer.o)
                0x000057c0                _close_r
 .text._fstat_r
                0x000057e0       0x24 c:/program files (x86)/gnu tools arm embedded/4.9 2015q3/bin/../lib/gcc/arm-none-eabi/4.9.3/../../../../arm-none-eabi/lib/armv7e-m/fpu\libg_nano.a(lib_a-fstatr.o)
                0x000057e0                _fstat_r
 .text._isatty_r
                0x00005804       0x20 c:/program files (x86)/gnu tools arm embedded/4.9 2015q3/bin/../lib/gcc/arm-none-eabi/4.9.3/../../../../arm-none-eabi/lib/armv7e-m/fpu\libg_nano.a(lib_a-isattyr.o)
                0x00005804                _isatty_r
 .text._lseek_r
                0x00005824       0x24 c:/program files (x86)/gnu tools arm embedded/4.9 2015q3/bin/../lib/gcc/arm-none-eabi/4.9.3/../../../../arm-none-eabi/lib/armv7e-m/fpu\libg_nano.a(lib_a-lseekr.o)
                0x00005824                _lseek_r
 .text.memchr   0x00005848       0x1e c:/program files (x86)/gnu tools arm embedded/4.9 2015q3/bin/../lib/gcc/arm-none-eabi/4.9.3/../../../../arm-none-eabi/lib/armv7e-m/fpu\libg_nano.a(lib_a-memchr.o)
                0x00005848                memchr
 *fill*         0x00005866        0x2 ff
 .text._read_r  0x00005868       0x24 c:/program files (x86)/gnu tools arm embedded/4.9 2015q3/bin/../lib/gcc/arm-none-eabi/4.9.3/../../../../arm-none-eabi/lib/armv7e-m/fpu\libg_nano.a(lib_a-readr.o)
                0x00005868                _read_r
 .text.findslot
                0x0000588c       0x34 c:/program files (x86)/gnu tools arm embedded/4.9 2015q3/bin/../lib/gcc/arm-none-eabi/4.9.3/../../../../arm-none-eabi/lib/armv7e-m/fpu\librdimon_nano.a(rdimon-syscalls.o)
 .text.error    0x000058c0       0x1c c:/program files (x86)/gnu tools arm embedded/4.9 2015q3/bin/../lib/gcc/arm-none-eabi/4.9.3/../../../../arm-none-eabi/lib/armv7e-m/fpu\librdimon_nano.a(rdimon-syscalls.o)
 .text.checkerror
                0x000058dc        0xa c:/program files (x86)/gnu tools arm embedded/4.9 2015q3/bin/../lib/gcc/arm-none-eabi/4.9.3/../../../../arm-none-eabi/lib/armv7e-m/fpu\librdimon_nano.a(rdimon-syscalls.o)
 .text._swiread
                0x000058e6       0x20 c:/program files (x86)/gnu tools arm embedded/4.9 2015q3/bin/../lib/gcc/arm-none-eabi/4.9.3/../../../../arm-none-eabi/lib/armv7e-m/fpu\librdimon_nano.a(rdimon-syscalls.o)
                0x000058e6                _swiread
 .text._read    0x00005906       0x34 c:/program files (x86)/gnu tools arm embedded/4.9 2015q3/bin/../lib/gcc/arm-none-eabi/4.9.3/../../../../arm-none-eabi/lib/armv7e-m/fpu\librdimon_nano.a(rdimon-syscalls.o)
                0x00005906                _read
 .text._swilseek
                0x0000593a       0x7a c:/program files (x86)/gnu tools arm embedded/4.9 2015q3/bin/../lib/gcc/arm-none-eabi/4.9.3/../../../../arm-none-eabi/lib/armv7e-m/fpu\librdimon_nano.a(rdimon-syscalls.o)
                0x0000593a                _swilseek
 .text._lseek   0x000059b4        0x4 c:/program files (x86)/gnu tools arm embedded/4.9 2015q3/bin/../lib/gcc/arm-none-eabi/4.9.3/../../../../arm-none-eabi/lib/armv7e-m/fpu\librdimon_nano.a(rdimon-syscalls.o)
                0x000059b4                _lseek
 .text._swiclose
                0x000059b8       0x1c c:/program files (x86)/gnu tools arm embedded/4.9 2015q3/bin/../lib/gcc/arm-none-eabi/4.9.3/../../../../arm-none-eabi/lib/armv7e-m/fpu\librdimon_nano.a(rdimon-syscalls.o)
                0x000059b8                _swiclose
 .text._close   0x000059d4       0x48 c:/program files (x86)/gnu tools arm embedded/4.9 2015q3/bin/../lib/gcc/arm-none-eabi/4.9.3/../../../../arm-none-eabi/lib/armv7e-m/fpu\librdimon_nano.a(rdimon-syscalls.o)
                0x000059d4                _close
 .text._swistat
                0x00005a1c       0x42 c:/program files (x86)/gnu tools arm embedded/4.9 2015q3/bin/../lib/gcc/arm-none-eabi/4.9.3/../../../../arm-none-eabi/lib/armv7e-m/fpu\librdimon_nano.a(rdimon-syscalls.o)
                0x00005a1c                _swistat
 .text._fstat   0x00005a5e       0x1c c:/program files (x86)/gnu tools arm embedded/4.9 2015q3/bin/../lib/gcc/arm-none-eabi/4.9.3/../../../../arm-none-eabi/lib/armv7e-m/fpu\librdimon_nano.a(rdimon-syscalls.o)
                0x00005a5e                _fstat
 .text._isatty  0x00005a7a       0x38 c:/program files (x86)/gnu tools arm embedded/4.9 2015q3/bin/../lib/gcc/arm-none-eabi/4.9.3/../../../../arm-none-eabi/lib/armv7e-m/fpu\librdimon_nano.a(rdimon-syscalls.o)
                0x00005a7a                _isatty
 *(.version)
 *fill*         0x00005ab2        0x2 ff
 .version       0x00005ab4       0x60 ./synergy/ssp/src/bsp/mcu/all/bsp_common.o
                0x00005ab4                g_ssp_version_build_string
                0x00005b08                g_ssp_version_string
                0x00005b10                g_ssp_version
 *(.init)
 .init          0x00005b14        0x4 c:/program files (x86)/gnu tools arm embedded/4.9 2015q3/bin/../lib/gcc/arm-none-eabi/4.9.3/armv7e-m/fpu/crti.o
                0x00005b14                _init
 .init          0x00005b18        0x8 c:/program files (x86)/gnu tools arm embedded/4.9 2015q3/bin/../lib/gcc/arm-none-eabi/4.9.3/armv7e-m/fpu/crtn.o
 *(.fini)
 .fini          0x00005b20        0x4 c:/program files (x86)/gnu tools arm embedded/4.9 2015q3/bin/../lib/gcc/arm-none-eabi/4.9.3/armv7e-m/fpu/crti.o
                0x00005b20                _fini
 .fini          0x00005b24        0x8 c:/program files (x86)/gnu tools arm embedded/4.9 2015q3/bin/../lib/gcc/arm-none-eabi/4.9.3/armv7e-m/fpu/crtn.o
 *crtbegin.o(.ctors)
 *crtbegin?.o(.ctors)
 *(EXCLUDE_FILE(*crtend.o *crtend?.o) .ctors)
 *(SORT(.ctors.*))
 *(.ctors)
 *crtbegin.o(.dtors)
 *crtbegin?.o(.dtors)
 *(EXCLUDE_FILE(*crtend.o *crtend?.o) .dtors)
 *(SORT(.dtors.*))
 *(.dtors)
 *(.rodata*)
 .rodata.rxi_event_list
                0x00005b2c       0x14 ./synergy/ssp/src/driver/r_sci_uart/r_sci_uart.o
 .rodata.async_baud
                0x00005b40       0x4e ./synergy/ssp/src/driver/r_sci_uart/r_sci_uart.o
 *fill*         0x00005b8e        0x2 ff
 .rodata.txi_event_list
                0x00005b90       0x14 ./synergy/ssp/src/driver/r_sci_uart/r_sci_uart.o
 .rodata.g_uart_on_sci
                0x00005ba4       0x1c ./synergy/ssp/src/driver/r_sci_uart/r_sci_uart.o
                0x00005ba4                g_uart_on_sci
 .rodata.rxi_event_list
                0x00005bc0       0x14 ./synergy/ssp/src/driver/r_sci_spi/r_sci_spi.o
 .rodata.sync_baud
                0x00005bd4       0x18 ./synergy/ssp/src/driver/r_sci_spi/r_sci_spi.o
 .rodata.g_spi_on_sci
                0x00005bec       0x18 ./synergy/ssp/src/driver/r_sci_spi/r_sci_spi.o
                0x00005bec                g_spi_on_sci
 .rodata.txi_event_list
                0x00005c04       0x14 ./synergy/ssp/src/driver/r_sci_spi/r_sci_spi.o
 .rodata.g_ioport_on_ioport
                0x00005c18       0x38 ./synergy/ssp/src/driver/r_ioport/r_ioport.o
                0x00005c18                g_ioport_on_ioport
 .rodata.g_elc_on_elc
                0x00005c50       0x1c ./synergy/ssp/src/driver/r_elc/r_elc.o
                0x00005c50                g_elc_on_elc
 .rodata.s_elc_version
                0x00005c6c        0x4 ./synergy/ssp/src/driver/r_elc/r_elc.o
 .rodata.g_pllccr_div_value
                0x00005c70        0x6 ./synergy/ssp/src/driver/r_cgc/hw/hw_cgc.o
 *fill*         0x00005c76        0x2 ff
 .rodata.g_pllccr_div_setting
                0x00005c78        0x6 ./synergy/ssp/src/driver/r_cgc/hw/hw_cgc.o
 *fill*         0x00005c7e        0x2 ff
 .rodata.g_pllccr_src_setting
                0x00005c80        0x8 ./synergy/ssp/src/driver/r_cgc/hw/hw_cgc.o
 .rodata.g_cgc_on_cgc
                0x00005c88       0x5c ./synergy/ssp/src/driver/r_cgc/r_cgc.o
                0x00005c88                g_cgc_on_cgc
 .rodata.g_cgc_version
                0x00005ce4        0x4 ./synergy/ssp/src/driver/r_cgc/r_cgc.o
 .rodata.g_prcr_masks
                0x00005ce8        0x6 ./synergy/ssp/src/bsp/mcu/s7g2/bsp_register_protection.o
 *fill*         0x00005cee        0x2 ff
 .rodata.g_vbatt_pins_input
                0x00005cf0        0x6 ./synergy/ssp/src/bsp/mcu/s7g2/bsp_vbatt.o
 *fill*         0x00005cf6        0x2 ff
 .rodata.g_elc_cfg
                0x00005cf8        0xc ./synergy/ssp/src/bsp/cmsis/Device/RENESAS/S7G2/Source/system_S7G2.o
 .rodata.g_spi0
                0x00005d04        0xc ./src/synergy_gen/hal_data.o
                0x00005d04                g_spi0
 .rodata.g_uart0_cfg_extend
                0x00005d10        0x8 ./src/synergy_gen/hal_data.o
                0x00005d10                g_uart0_cfg_extend
 .rodata.g_uart0
                0x00005d18        0xc ./src/synergy_gen/hal_data.o
                0x00005d18                g_uart0
 .rodata.g_uart0_cfg
                0x00005d24       0x20 ./src/synergy_gen/hal_data.o
                0x00005d24                g_uart0_cfg
 .rodata.g_spi0_cfg
                0x00005d44       0x24 ./src/synergy_gen/hal_data.o
                0x00005d44                g_spi0_cfg
 .rodata.g_bsp_pin_cfg
                0x00005d68        0x8 ./src/synergy_gen/pin_data.o
                0x00005d68                g_bsp_pin_cfg
 .rodata.g_bsp_pin_cfg_data
                0x00005d70      0x3f0 ./src/synergy_gen/pin_data.o
                0x00005d70                g_bsp_pin_cfg_data
 .rodata.str1.4
                0x00006160       0x94 ./src/hal_entry.o
                                 0x93 (size before relaxing)
 .rodata.str1.1
                0x000061f4        0x2 c:/program files (x86)/gnu tools arm embedded/4.9 2015q3/bin/../lib/gcc/arm-none-eabi/4.9.3/../../../../arm-none-eabi/lib/armv7e-m/fpu\libg_nano.a(lib_a-impure.o)
 *fill*         0x000061f6        0x2 ff
 .rodata._global_impure_ptr
                0x000061f8        0x4 c:/program files (x86)/gnu tools arm embedded/4.9 2015q3/bin/../lib/gcc/arm-none-eabi/4.9.3/../../../../arm-none-eabi/lib/armv7e-m/fpu\libg_nano.a(lib_a-impure.o)
                0x000061f8                _global_impure_ptr
 .rodata.__sf_fake_stdin
                0x000061fc       0x20 c:/program files (x86)/gnu tools arm embedded/4.9 2015q3/bin/../lib/gcc/arm-none-eabi/4.9.3/../../../../arm-none-eabi/lib/armv7e-m/fpu\libg_nano.a(lib_a-findfp.o)
                0x000061fc                __sf_fake_stdin
 .rodata.__sf_fake_stdout
                0x0000621c       0x20 c:/program files (x86)/gnu tools arm embedded/4.9 2015q3/bin/../lib/gcc/arm-none-eabi/4.9.3/../../../../arm-none-eabi/lib/armv7e-m/fpu\libg_nano.a(lib_a-findfp.o)
                0x0000621c                __sf_fake_stdout
 .rodata.__sf_fake_stderr
                0x0000623c       0x20 c:/program files (x86)/gnu tools arm embedded/4.9 2015q3/bin/../lib/gcc/arm-none-eabi/4.9.3/../../../../arm-none-eabi/lib/armv7e-m/fpu\libg_nano.a(lib_a-findfp.o)
                0x0000623c                __sf_fake_stderr
 .rodata.str1.1
                0x0000625c       0x11 c:/program files (x86)/gnu tools arm embedded/4.9 2015q3/bin/../lib/gcc/arm-none-eabi/4.9.3/../../../../arm-none-eabi/lib/armv7e-m/fpu\libg_nano.a(lib_a-nano-vfprintf.o)
 .rodata.str1.1
                0x0000626d       0x22 c:/program files (x86)/gnu tools arm embedded/4.9 2015q3/bin/../lib/gcc/arm-none-eabi/4.9.3/../../../../arm-none-eabi/lib/armv7e-m/fpu\libg_nano.a(lib_a-nano-vfprintf_i.o)
 *(.eh_frame*)
 *fill*         0x0000628f        0x1 ff
 .eh_frame      0x00006290        0x0 c:/program files (x86)/gnu tools arm embedded/4.9 2015q3/bin/../lib/gcc/arm-none-eabi/4.9.3/armv7e-m/fpu/crtbegin.o
 .eh_frame      0x00006290        0x4 c:/program files (x86)/gnu tools arm embedded/4.9 2015q3/bin/../lib/gcc/arm-none-eabi/4.9.3/armv7e-m/fpu/crtend.o
                0x00006294                __ROM_End = .

.glue_7         0x00006294        0x0
 .glue_7        0x00000000        0x0 linker stubs

.glue_7t        0x00006294        0x0
 .glue_7t       0x00000000        0x0 linker stubs

.vfp11_veneer   0x00006294        0x0
 .vfp11_veneer  0x00000000        0x0 linker stubs

.v4_bx          0x00006294        0x0
 .v4_bx         0x00000000        0x0 linker stubs

.iplt           0x00006294        0x0
 .iplt          0x00000000        0x0 c:/program files (x86)/gnu tools arm embedded/4.9 2015q3/bin/../lib/gcc/arm-none-eabi/4.9.3/armv7e-m/fpu/crtbegin.o

.rel.dyn        0x00006294        0x0
 .rel.iplt      0x00000000        0x0 c:/program files (x86)/gnu tools arm embedded/4.9 2015q3/bin/../lib/gcc/arm-none-eabi/4.9.3/armv7e-m/fpu/crtbegin.o

.ARM.extab
 *(.ARM.extab* .gnu.linkonce.armextab.*)
                0x00006294                __exidx_start = .

.ARM.exidx
 *(.ARM.exidx* .gnu.linkonce.armexidx.*)
                0x00006294                __exidx_end = .
                0x00006294                __etext = .

.data           0x1ffe0000       0x70 load address 0x00006294
                0x1ffe0000                __data_start__ = .
 *(vtable)
 *(.data.*)
 .data.impure_data
                0x1ffe0000       0x60 c:/program files (x86)/gnu tools arm embedded/4.9 2015q3/bin/../lib/gcc/arm-none-eabi/4.9.3/../../../../arm-none-eabi/lib/armv7e-m/fpu\libg_nano.a(lib_a-impure.o)
 .data._impure_ptr
                0x1ffe0060        0x4 c:/program files (x86)/gnu tools arm embedded/4.9 2015q3/bin/../lib/gcc/arm-none-eabi/4.9.3/../../../../arm-none-eabi/lib/armv7e-m/fpu\libg_nano.a(lib_a-impure.o)
                0x1ffe0060                _impure_ptr
                0x1ffe0064                . = ALIGN (0x4)
                0x1ffe0064                PROVIDE (__preinit_array_start, .)
 *(.preinit_array)
                0x1ffe0064                PROVIDE (__preinit_array_end, .)
                0x1ffe0064                . = ALIGN (0x4)
                0x1ffe0064                PROVIDE (__init_array_start, .)
 *(SORT(.init_array.*))
 *(.init_array)
 .init_array    0x1ffe0064        0x4 c:/program files (x86)/gnu tools arm embedded/4.9 2015q3/bin/../lib/gcc/arm-none-eabi/4.9.3/armv7e-m/fpu/crtbegin.o
                0x1ffe0068                PROVIDE (__init_array_end, .)
                0x1ffe0068                . = ALIGN (0x4)
                0x1ffe0068                PROVIDE (__fini_array_start, .)
 *(SORT(.fini_array.*))
 *(.fini_array)
 .fini_array    0x1ffe0068        0x4 c:/program files (x86)/gnu tools arm embedded/4.9 2015q3/bin/../lib/gcc/arm-none-eabi/4.9.3/armv7e-m/fpu/crtbegin.o
                0x1ffe006c                PROVIDE (__fini_array_end, .)
 *(.jcr*)
 .jcr           0x1ffe006c        0x0 c:/program files (x86)/gnu tools arm embedded/4.9 2015q3/bin/../lib/gcc/arm-none-eabi/4.9.3/armv7e-m/fpu/crtbegin.o
 .jcr           0x1ffe006c        0x4 c:/program files (x86)/gnu tools arm embedded/4.9 2015q3/bin/../lib/gcc/arm-none-eabi/4.9.3/armv7e-m/fpu/crtend.o
                0x1ffe0070                . = ALIGN (0x4)
                0x1ffe0070                __Code_In_RAM_Start = .
 *(.code_in_ram*)
                0x1ffe0070                __Code_In_RAM_End = .
                0x1ffe0070                __data_end__ = .

.igot.plt       0x1ffe0070        0x0 load address 0x00006304
 .igot.plt      0x00000000        0x0 c:/program files (x86)/gnu tools arm embedded/4.9 2015q3/bin/../lib/gcc/arm-none-eabi/4.9.3/armv7e-m/fpu/crtbegin.o

.qspi_flash     0x60000000        0x0
                0x60000000                __qspi_flash_start__ = .
 *(.qspi_flash*)
                0x60000000                __qspi_flash_end__ = .
                0x00000000                __qspi_flash_code_size__ = (__qspi_flash_end__ - __qspi_flash_start__)
                0x00006304                __qspi_flash_code_addr__ = (__etext + (__data_end__ - __data_start__))

.qspi_non_retentive
                0x60000000        0x0 load address 0x00006304
                0x60000000                __qspi_non_retentive_start__ = .
 *(.qspi_non_retentive*)
                0x60000000                __qspi_non_retentive_end__ = .
                0x00000000                __qspi_non_retentive_size__ = (__qspi_non_retentive_end__ - __qspi_non_retentive_start__)
                0x04000000                __qspi_region_max_size__ = 0x4000000
                0x60000000                __qspi_region_start_address__ = __qspi_flash_start__
                0x64000000                __qspi_region_end_address__ = (__qspi_flash_start__ + __qspi_region_max_size__)

.noinit         0x1ffe0070       0x18 load address 0x00006304
                0x1ffe0070                . = ALIGN (0x4)
                0x1ffe0070                __noinit_start = .
 *(.noinit*)
 .noinit        0x1ffe0070       0x18 ./synergy/ssp/src/driver/r_cgc/hw/hw_cgc.o
                0x1ffe0088                __noinit_end = .

.bss            0x1ffe0088      0x428 load address 0x0000631c
                0x1ffe0088                . = ALIGN (0x4)
                0x1ffe0088                __bss_start__ = .
 *(.bss*)
 .bss           0x1ffe0088       0x1c c:/program files (x86)/gnu tools arm embedded/4.9 2015q3/bin/../lib/gcc/arm-none-eabi/4.9.3/armv7e-m/fpu/crtbegin.o
 .bss.g_sci_spi_handles
                0x1ffe00a4       0xc8 ./synergy/ssp/src/driver/r_sci_spi/r_sci_spi.o
 .bss.g_sci_spi_tcb
                0x1ffe016c       0xf0 ./synergy/ssp/src/driver/r_sci_spi/r_sci_spi.o
 .bss.g_bsp_group_irq_sources
                0x1ffe025c       0x30 ./synergy/ssp/src/bsp/mcu/s7g2/bsp_group_irq.o
 .bss.g_bsp_locks
                0x1ffe028c       0x78 ./synergy/ssp/src/bsp/mcu/s7g2/bsp_locking.o
 .bss.g_protect_counters
                0x1ffe0304        0x6 ./synergy/ssp/src/bsp/mcu/s7g2/bsp_register_protection.o
 *fill*         0x1ffe030a        0x2 
 .bss.current_heap_end.21615
                0x1ffe030c        0x4 ./synergy/ssp/src/bsp/mcu/all/bsp_sbrk.o
 .bss.g_protect_pfswe_counter
                0x1ffe0310        0x2 ./synergy/ssp/src/bsp/cmsis/Device/RENESAS/S7G2/Source/system_S7G2.o
 *fill*         0x1ffe0312        0x2 
 .bss.device_characteristics
                0x1ffe0314        0x3 ./synergy/ssp/src/bsp/board/s7g2_sk/bsp_qspi.o
 *fill*         0x1ffe0317        0x1 
 .bss.flag_status1
                0x1ffe0318        0x1 ./synergy/ssp/src/bsp/board/s7g2_sk/bsp_qspi.o
 *fill*         0x1ffe0319        0x3 
 .bss.flag_status2
                0x1ffe031c        0x1 ./synergy/ssp/src/bsp/board/s7g2_sk/bsp_qspi.o
 *fill*         0x1ffe031d        0x3 
 .bss.__malloc_sbrk_start
                0x1ffe0320        0x4 c:/program files (x86)/gnu tools arm embedded/4.9 2015q3/bin/../lib/gcc/arm-none-eabi/4.9.3/../../../../arm-none-eabi/lib/armv7e-m/fpu\libg_nano.a(lib_a-nano-mallocr.o)
                0x1ffe0320                __malloc_sbrk_start
 .bss.__malloc_free_list
                0x1ffe0324        0x4 c:/program files (x86)/gnu tools arm embedded/4.9 2015q3/bin/../lib/gcc/arm-none-eabi/4.9.3/../../../../arm-none-eabi/lib/armv7e-m/fpu\libg_nano.a(lib_a-nano-mallocr.o)
                0x1ffe0324                __malloc_free_list
 .bss.openfiles
                0x1ffe0328       0xa0 c:/program files (x86)/gnu tools arm embedded/4.9 2015q3/bin/../lib/gcc/arm-none-eabi/4.9.3/../../../../arm-none-eabi/lib/armv7e-m/fpu\librdimon_nano.a(rdimon-syscalls.o)
 *(COMMON)
 COMMON         0x1ffe03c8       0xa0 ./synergy/ssp/src/driver/r_sci_common/r_sci_common.o
                0x1ffe03c8                g_sci_ctrl_blk
 COMMON         0x1ffe0468        0x4 ./synergy/ssp/src/bsp/cmsis/Device/RENESAS/S7G2/Source/system_S7G2.o
                0x1ffe0468                SystemCoreClock
 COMMON         0x1ffe046c       0x34 ./src/synergy_gen/hal_data.o
                0x1ffe046c                g_spi0_ctrl
                0x1ffe0480                g_uart0_ctrl
 COMMON         0x1ffe04a0        0x9 ./src/hal_entry.o
                0x1ffe04a0                outputBuffer
                0x1ffe04a8                transmitComplete
 *fill*         0x1ffe04a9        0x3 
 COMMON         0x1ffe04ac        0x4 c:/program files (x86)/gnu tools arm embedded/4.9 2015q3/bin/../lib/gcc/arm-none-eabi/4.9.3/../../../../arm-none-eabi/lib/armv7e-m/fpu\libg_nano.a(lib_a-reent.o)
                0x1ffe04ac                errno
                0x1ffe04b0                . = ALIGN (0x4)
                0x1ffe04b0                __bss_end__ = .

.heap           0x1ffe04b0     0x1000 load address 0x00006748
                0x1ffe04b0                . = ALIGN (0x8)
                0x1ffe04b0                __HeapBase = .
                0x1ffe04b0                __end__ = .
                0x1ffe04b0                end = __end__
 *(.heap*)
 .heap          0x1ffe04b0     0x1000 ./synergy/ssp/src/bsp/cmsis/Device/RENESAS/S7G2/Source/startup_S7G2.o
                0x1ffe14b0                __HeapLimit = .

.stack_dummy    0x1ffe14b0     0x1000 load address 0x00007748
                0x1ffe14b0                . = ALIGN (0x8)
                0x1ffe14b0                __StackLimit = .
 *(.stack*)
 .stack         0x1ffe14b0     0x1000 ./synergy/ssp/src/bsp/cmsis/Device/RENESAS/S7G2/Source/startup_S7G2.o
                0x1ffe24b0                __StackTop = .
                0x1ffe24b0                PROVIDE (__stack, __StackTop)
                0x1ffe24b0                __RAM_segment_used_end__ = ALIGN (__StackTop, 0x4)

.data_flash     0x40100000        0x0
                0x40100000                __Data_Flash_Start = .
 *(.data_flash*)
                0x40100000                __Data_Flash_End = .

.sdram          0x90000000        0x0
                0x90000000                __SDRAM_Start = .
 *(.sdram*)
 *(.frame*)
                0x90000000                __SDRAM_End = .
OUTPUT(BMESPI.elf elf32-littlearm)

.ARM.attributes
                0x00000000       0x30
 .ARM.attributes
                0x00000000       0x22 c:/program files (x86)/gnu tools arm embedded/4.9 2015q3/bin/../lib/gcc/arm-none-eabi/4.9.3/armv7e-m/fpu/crti.o
 .ARM.attributes
                0x00000022       0x34 c:/program files (x86)/gnu tools arm embedded/4.9 2015q3/bin/../lib/gcc/arm-none-eabi/4.9.3/armv7e-m/fpu/crtbegin.o
 .ARM.attributes
                0x00000056       0x39 ./synergy/ssp/src/driver/r_sci_uart/r_sci_uart.o
 .ARM.attributes
                0x0000008f       0x39 ./synergy/ssp/src/driver/r_sci_spi/r_sci_spi.o
 .ARM.attributes
                0x000000c8       0x39 ./synergy/ssp/src/driver/r_sci_common/r_sci_common.o
 .ARM.attributes
                0x00000101       0x39 ./synergy/ssp/src/driver/r_ioport/r_ioport.o
 .ARM.attributes
                0x0000013a       0x39 ./synergy/ssp/src/driver/r_elc/r_elc.o
 .ARM.attributes
                0x00000173       0x39 ./synergy/ssp/src/driver/r_cgc/hw/hw_cgc.o
 .ARM.attributes
                0x000001ac       0x39 ./synergy/ssp/src/driver/r_cgc/r_cgc.o
 .ARM.attributes
                0x000001e5       0x39 ./synergy/ssp/src/bsp/mcu/s7g2/bsp_cache.o
 .ARM.attributes
                0x0000021e       0x39 ./synergy/ssp/src/bsp/mcu/s7g2/bsp_clocks.o
 .ARM.attributes
                0x00000257       0x39 ./synergy/ssp/src/bsp/mcu/s7g2/bsp_group_irq.o
 .ARM.attributes
                0x00000290       0x39 ./synergy/ssp/src/bsp/mcu/s7g2/bsp_irq.o
 .ARM.attributes
                0x000002c9       0x39 ./synergy/ssp/src/bsp/mcu/s7g2/bsp_locking.o
 .ARM.attributes
                0x00000302       0x39 ./synergy/ssp/src/bsp/mcu/s7g2/bsp_register_protection.o
 .ARM.attributes
                0x0000033b       0x39 ./synergy/ssp/src/bsp/mcu/s7g2/bsp_rom_registers.o
 .ARM.attributes
                0x00000374       0x39 ./synergy/ssp/src/bsp/mcu/s7g2/bsp_vbatt.o
 .ARM.attributes
                0x000003ad       0x39 ./synergy/ssp/src/bsp/mcu/all/bsp_common.o
 .ARM.attributes
                0x000003e6       0x39 ./synergy/ssp/src/bsp/mcu/all/bsp_delay.o
 .ARM.attributes
                0x0000041f       0x39 ./synergy/ssp/src/bsp/mcu/all/bsp_sbrk.o
 .ARM.attributes
                0x00000458       0x39 ./synergy/ssp/src/bsp/cmsis/Device/RENESAS/S7G2/Source/startup_S7G2.o
 .ARM.attributes
                0x00000491       0x39 ./synergy/ssp/src/bsp/cmsis/Device/RENESAS/S7G2/Source/system_S7G2.o
 .ARM.attributes
                0x000004ca       0x39 ./synergy/ssp/src/bsp/board/s7g2_sk/bsp_init.o
 .ARM.attributes
                0x00000503       0x39 ./synergy/ssp/src/bsp/board/s7g2_sk/bsp_qspi.o
 .ARM.attributes
                0x0000053c       0x39 ./src/synergy_gen/hal_data.o
 .ARM.attributes
                0x00000575       0x39 ./src/synergy_gen/main.o
 .ARM.attributes
                0x000005ae       0x39 ./src/synergy_gen/pin_data.o
 .ARM.attributes
                0x000005e7       0x39 ./src/hal_entry.o
 .ARM.attributes
                0x00000620       0x34 c:/program files (x86)/gnu tools arm embedded/4.9 2015q3/bin/../lib/gcc/arm-none-eabi/4.9.3/../../../../arm-none-eabi/lib/armv7e-m/fpu\libg_nano.a(lib_a-errno.o)
 .ARM.attributes
                0x00000654       0x34 c:/program files (x86)/gnu tools arm embedded/4.9 2015q3/bin/../lib/gcc/arm-none-eabi/4.9.3/../../../../arm-none-eabi/lib/armv7e-m/fpu\libg_nano.a(lib_a-impure.o)
 .ARM.attributes
                0x00000688       0x34 c:/program files (x86)/gnu tools arm embedded/4.9 2015q3/bin/../lib/gcc/arm-none-eabi/4.9.3/../../../../arm-none-eabi/lib/armv7e-m/fpu\libg_nano.a(lib_a-memset.o)
 .ARM.attributes
                0x000006bc       0x34 c:/program files (x86)/gnu tools arm embedded/4.9 2015q3/bin/../lib/gcc/arm-none-eabi/4.9.3/../../../../arm-none-eabi/lib/armv7e-m/fpu\libg_nano.a(lib_a-printf.o)
 .ARM.attributes
                0x000006f0       0x34 c:/program files (x86)/gnu tools arm embedded/4.9 2015q3/bin/../lib/gcc/arm-none-eabi/4.9.3/../../../../arm-none-eabi/lib/armv7e-m/fpu\libg_nano.a(lib_a-puts.o)
 .ARM.attributes
                0x00000724       0x34 c:/program files (x86)/gnu tools arm embedded/4.9 2015q3/bin/../lib/gcc/arm-none-eabi/4.9.3/../../../../arm-none-eabi/lib/armv7e-m/fpu\libg_nano.a(lib_a-setvbuf.o)
 .ARM.attributes
                0x00000758       0x34 c:/program files (x86)/gnu tools arm embedded/4.9 2015q3/bin/../lib/gcc/arm-none-eabi/4.9.3/../../../../arm-none-eabi/lib/armv7e-m/fpu\libg_nano.a(lib_a-wbuf.o)
 .ARM.attributes
                0x0000078c       0x34 c:/program files (x86)/gnu tools arm embedded/4.9 2015q3/bin/../lib/gcc/arm-none-eabi/4.9.3/../../../../arm-none-eabi/lib/armv7e-m/fpu\libg_nano.a(lib_a-wsetup.o)
 .ARM.attributes
                0x000007c0       0x34 c:/program files (x86)/gnu tools arm embedded/4.9 2015q3/bin/../lib/gcc/arm-none-eabi/4.9.3/../../../../arm-none-eabi/lib/armv7e-m/fpu\libg_nano.a(lib_a-fflush.o)
 .ARM.attributes
                0x000007f4       0x34 c:/program files (x86)/gnu tools arm embedded/4.9 2015q3/bin/../lib/gcc/arm-none-eabi/4.9.3/../../../../arm-none-eabi/lib/armv7e-m/fpu\libg_nano.a(lib_a-findfp.o)
 .ARM.attributes
                0x00000828       0x34 c:/program files (x86)/gnu tools arm embedded/4.9 2015q3/bin/../lib/gcc/arm-none-eabi/4.9.3/../../../../arm-none-eabi/lib/armv7e-m/fpu\libg_nano.a(lib_a-fwalk.o)
 .ARM.attributes
                0x0000085c       0x34 c:/program files (x86)/gnu tools arm embedded/4.9 2015q3/bin/../lib/gcc/arm-none-eabi/4.9.3/../../../../arm-none-eabi/lib/armv7e-m/fpu\libg_nano.a(lib_a-makebuf.o)
 .ARM.attributes
                0x00000890       0x34 c:/program files (x86)/gnu tools arm embedded/4.9 2015q3/bin/../lib/gcc/arm-none-eabi/4.9.3/../../../../arm-none-eabi/lib/armv7e-m/fpu\libg_nano.a(lib_a-malloc.o)
 .ARM.attributes
                0x000008c4       0x34 c:/program files (x86)/gnu tools arm embedded/4.9 2015q3/bin/../lib/gcc/arm-none-eabi/4.9.3/../../../../arm-none-eabi/lib/armv7e-m/fpu\libg_nano.a(lib_a-nano-freer.o)
 .ARM.attributes
                0x000008f8       0x34 c:/program files (x86)/gnu tools arm embedded/4.9 2015q3/bin/../lib/gcc/arm-none-eabi/4.9.3/../../../../arm-none-eabi/lib/armv7e-m/fpu\libg_nano.a(lib_a-nano-mallocr.o)
 .ARM.attributes
                0x0000092c       0x34 c:/program files (x86)/gnu tools arm embedded/4.9 2015q3/bin/../lib/gcc/arm-none-eabi/4.9.3/../../../../arm-none-eabi/lib/armv7e-m/fpu\libg_nano.a(lib_a-nano-vfprintf.o)
 .ARM.attributes
                0x00000960       0x34 c:/program files (x86)/gnu tools arm embedded/4.9 2015q3/bin/../lib/gcc/arm-none-eabi/4.9.3/../../../../arm-none-eabi/lib/armv7e-m/fpu\libg_nano.a(lib_a-nano-vfprintf_i.o)
 .ARM.attributes
                0x00000994       0x34 c:/program files (x86)/gnu tools arm embedded/4.9 2015q3/bin/../lib/gcc/arm-none-eabi/4.9.3/../../../../arm-none-eabi/lib/armv7e-m/fpu\libg_nano.a(lib_a-sbrkr.o)
 .ARM.attributes
                0x000009c8       0x34 c:/program files (x86)/gnu tools arm embedded/4.9 2015q3/bin/../lib/gcc/arm-none-eabi/4.9.3/../../../../arm-none-eabi/lib/armv7e-m/fpu\libg_nano.a(lib_a-stdio.o)
 .ARM.attributes
                0x000009fc       0x34 c:/program files (x86)/gnu tools arm embedded/4.9 2015q3/bin/../lib/gcc/arm-none-eabi/4.9.3/../../../../arm-none-eabi/lib/armv7e-m/fpu\libg_nano.a(lib_a-writer.o)
 .ARM.attributes
                0x00000a30       0x34 c:/program files (x86)/gnu tools arm embedded/4.9 2015q3/bin/../lib/gcc/arm-none-eabi/4.9.3/../../../../arm-none-eabi/lib/armv7e-m/fpu\libg_nano.a(lib_a-closer.o)
 .ARM.attributes
                0x00000a64       0x34 c:/program files (x86)/gnu tools arm embedded/4.9 2015q3/bin/../lib/gcc/arm-none-eabi/4.9.3/../../../../arm-none-eabi/lib/armv7e-m/fpu\libg_nano.a(lib_a-fstatr.o)
 .ARM.attributes
                0x00000a98       0x34 c:/program files (x86)/gnu tools arm embedded/4.9 2015q3/bin/../lib/gcc/arm-none-eabi/4.9.3/../../../../arm-none-eabi/lib/armv7e-m/fpu\libg_nano.a(lib_a-isattyr.o)
 .ARM.attributes
                0x00000acc       0x34 c:/program files (x86)/gnu tools arm embedded/4.9 2015q3/bin/../lib/gcc/arm-none-eabi/4.9.3/../../../../arm-none-eabi/lib/armv7e-m/fpu\libg_nano.a(lib_a-lseekr.o)
 .ARM.attributes
                0x00000b00       0x34 c:/program files (x86)/gnu tools arm embedded/4.9 2015q3/bin/../lib/gcc/arm-none-eabi/4.9.3/../../../../arm-none-eabi/lib/armv7e-m/fpu\libg_nano.a(lib_a-memchr.o)
 .ARM.attributes
                0x00000b34       0x34 c:/program files (x86)/gnu tools arm embedded/4.9 2015q3/bin/../lib/gcc/arm-none-eabi/4.9.3/../../../../arm-none-eabi/lib/armv7e-m/fpu\libg_nano.a(lib_a-readr.o)