Archive member included because of file (symbol)

c:/program files (x86)/gnu tools arm embedded/4.9 2015q3/bin/../lib/gcc/arm-none-eabi/4.9.3/../../../../arm-none-eabi/lib/armv7e-m/fpu\libg_nano.a(lib_a-errno.o)
                              ./synergy/ssp/src/bsp/mcu/all/bsp_sbrk.o (__errno)
c:/program files (x86)/gnu tools arm embedded/4.9 2015q3/bin/../lib/gcc/arm-none-eabi/4.9.3/../../../../arm-none-eabi/lib/armv7e-m/fpu\libg_nano.a(lib_a-exit.o)
                              c:/program files (x86)/gnu tools arm embedded/4.9 2015q3/bin/../lib/gcc/arm-none-eabi/4.9.3/../../../../arm-none-eabi/lib/armv7e-m/fpu/rdimon-crt0.o (exit)
c:/program files (x86)/gnu tools arm embedded/4.9 2015q3/bin/../lib/gcc/arm-none-eabi/4.9.3/../../../../arm-none-eabi/lib/armv7e-m/fpu\libg_nano.a(lib_a-impure.o)
                              c:/program files (x86)/gnu tools arm embedded/4.9 2015q3/bin/../lib/gcc/arm-none-eabi/4.9.3/../../../../arm-none-eabi/lib/armv7e-m/fpu\libg_nano.a(lib_a-exit.o) (_global_impure_ptr)
c:/program files (x86)/gnu tools arm embedded/4.9 2015q3/bin/../lib/gcc/arm-none-eabi/4.9.3/../../../../arm-none-eabi/lib/armv7e-m/fpu\libg_nano.a(lib_a-init.o)
                              c:/program files (x86)/gnu tools arm embedded/4.9 2015q3/bin/../lib/gcc/arm-none-eabi/4.9.3/../../../../arm-none-eabi/lib/armv7e-m/fpu/rdimon-crt0.o (__libc_init_array)
c:/program files (x86)/gnu tools arm embedded/4.9 2015q3/bin/../lib/gcc/arm-none-eabi/4.9.3/../../../../arm-none-eabi/lib/armv7e-m/fpu\libg_nano.a(lib_a-memset.o)
                              c:/program files (x86)/gnu tools arm embedded/4.9 2015q3/bin/../lib/gcc/arm-none-eabi/4.9.3/../../../../arm-none-eabi/lib/armv7e-m/fpu/rdimon-crt0.o (memset)
c:/program files (x86)/gnu tools arm embedded/4.9 2015q3/bin/../lib/gcc/arm-none-eabi/4.9.3/../../../../arm-none-eabi/lib/armv7e-m/fpu\libg_nano.a(lib_a-printf.o)
                              ./src/hal_entry.o (printf)
c:/program files (x86)/gnu tools arm embedded/4.9 2015q3/bin/../lib/gcc/arm-none-eabi/4.9.3/../../../../arm-none-eabi/lib/armv7e-m/fpu\libg_nano.a(lib_a-puts.o)
                              ./src/hal_entry.o (puts)
c:/program files (x86)/gnu tools arm embedded/4.9 2015q3/bin/../lib/gcc/arm-none-eabi/4.9.3/../../../../arm-none-eabi/lib/armv7e-m/fpu\libg_nano.a(lib_a-wbuf.o)
                              c:/program files (x86)/gnu tools arm embedded/4.9 2015q3/bin/../lib/gcc/arm-none-eabi/4.9.3/../../../../arm-none-eabi/lib/armv7e-m/fpu\libg_nano.a(lib_a-puts.o) (__swbuf_r)
c:/program files (x86)/gnu tools arm embedded/4.9 2015q3/bin/../lib/gcc/arm-none-eabi/4.9.3/../../../../arm-none-eabi/lib/armv7e-m/fpu\libg_nano.a(lib_a-wsetup.o)
                              c:/program files (x86)/gnu tools arm embedded/4.9 2015q3/bin/../lib/gcc/arm-none-eabi/4.9.3/../../../../arm-none-eabi/lib/armv7e-m/fpu\libg_nano.a(lib_a-puts.o) (__swsetup_r)
c:/program files (x86)/gnu tools arm embedded/4.9 2015q3/bin/../lib/gcc/arm-none-eabi/4.9.3/../../../../arm-none-eabi/lib/armv7e-m/fpu\libg_nano.a(lib_a-fflush.o)
                              c:/program files (x86)/gnu tools arm embedded/4.9 2015q3/bin/../lib/gcc/arm-none-eabi/4.9.3/../../../../arm-none-eabi/lib/armv7e-m/fpu\libg_nano.a(lib_a-wbuf.o) (_fflush_r)
c:/program files (x86)/gnu tools arm embedded/4.9 2015q3/bin/../lib/gcc/arm-none-eabi/4.9.3/../../../../arm-none-eabi/lib/armv7e-m/fpu\libg_nano.a(lib_a-findfp.o)
                              c:/program files (x86)/gnu tools arm embedded/4.9 2015q3/bin/../lib/gcc/arm-none-eabi/4.9.3/../../../../arm-none-eabi/lib/armv7e-m/fpu\libg_nano.a(lib_a-printf.o) (__sinit)
c:/program files (x86)/gnu tools arm embedded/4.9 2015q3/bin/../lib/gcc/arm-none-eabi/4.9.3/../../../../arm-none-eabi/lib/armv7e-m/fpu\libg_nano.a(lib_a-fwalk.o)
                              c:/program files (x86)/gnu tools arm embedded/4.9 2015q3/bin/../lib/gcc/arm-none-eabi/4.9.3/../../../../arm-none-eabi/lib/armv7e-m/fpu\libg_nano.a(lib_a-findfp.o) (_fwalk)
c:/program files (x86)/gnu tools arm embedded/4.9 2015q3/bin/../lib/gcc/arm-none-eabi/4.9.3/../../../../arm-none-eabi/lib/armv7e-m/fpu\libg_nano.a(lib_a-makebuf.o)
                              c:/program files (x86)/gnu tools arm embedded/4.9 2015q3/bin/../lib/gcc/arm-none-eabi/4.9.3/../../../../arm-none-eabi/lib/armv7e-m/fpu\libg_nano.a(lib_a-wsetup.o) (__smakebuf_r)
c:/program files (x86)/gnu tools arm embedded/4.9 2015q3/bin/../lib/gcc/arm-none-eabi/4.9.3/../../../../arm-none-eabi/lib/armv7e-m/fpu\libg_nano.a(lib_a-nano-freer.o)
                              c:/program files (x86)/gnu tools arm embedded/4.9 2015q3/bin/../lib/gcc/arm-none-eabi/4.9.3/../../../../arm-none-eabi/lib/armv7e-m/fpu\libg_nano.a(lib_a-wsetup.o) (_free_r)
c:/program files (x86)/gnu tools arm embedded/4.9 2015q3/bin/../lib/gcc/arm-none-eabi/4.9.3/../../../../arm-none-eabi/lib/armv7e-m/fpu\libg_nano.a(lib_a-nano-mallocr.o)
[...]
Memory Configuration

Name             Origin             Length             Attributes
FLASH            0x00000000         0x00400000         xr
RAM              0x1ffe0000         0x000a0000         xrw
DATA_FLASH       0x40100000         0x00010000         xr
QSPI_FLASH       0x60000000         0x04000000         xr
SDRAM            0x90000000         0x02000000         xrw
*default*        0x00000000         0xffffffff

Linker script and memory map

LOAD c:/program files (x86)/gnu tools arm embedded/4.9 2015q3/bin/../lib/gcc/arm-none-eabi/4.9.3/armv7e-m/fpu/crti.o
LOAD c:/program files (x86)/gnu tools arm embedded/4.9 2015q3/bin/../lib/gcc/arm-none-eabi/4.9.3/armv7e-m/fpu/crtbegin.o
LOAD c:/program files (x86)/gnu tools arm embedded/4.9 2015q3/bin/../lib/gcc/arm-none-eabi/4.9.3/../../../../arm-none-eabi/lib/armv7e-m/fpu/rdimon-crt0.o
START GROUP
LOAD ./synergy/ssp/src/driver/r_sci_uart/r_sci_uart.o
LOAD ./synergy/ssp/src/driver/r_sci_spi/r_sci_spi.o
LOAD ./synergy/ssp/src/driver/r_sci_common/r_sci_common.o
LOAD ./synergy/ssp/src/driver/r_ioport/hw/hw_ioport.o
LOAD ./synergy/ssp/src/driver/r_ioport/r_ioport.o
LOAD ./synergy/ssp/src/driver/r_elc/r_elc.o
LOAD ./synergy/ssp/src/driver/r_cgc/hw/target/hw_cgc_target.o
LOAD ./synergy/ssp/src/driver/r_cgc/hw/common/hw_cgc_common.o
LOAD ./synergy/ssp/src/driver/r_cgc/hw/hw_cgc.o
LOAD ./synergy/ssp/src/driver/r_cgc/r_cgc.o
LOAD ./synergy/ssp/src/bsp/mcu/s7g2/bsp_clocks.o
LOAD ./synergy/ssp/src/bsp/mcu/s7g2/bsp_group_irq.o
LOAD ./synergy/ssp/src/bsp/mcu/s7g2/bsp_irq.o
LOAD ./synergy/ssp/src/bsp/mcu/s7g2/bsp_locking.o
LOAD ./synergy/ssp/src/bsp/mcu/s7g2/bsp_register_protection.o
LOAD ./synergy/ssp/src/bsp/mcu/s7g2/bsp_rom_registers.o
LOAD ./synergy/ssp/src/bsp/mcu/s7g2/bsp_vbatt.o
LOAD ./synergy/ssp/src/bsp/mcu/all/bsp_common.o
LOAD ./synergy/ssp/src/bsp/mcu/all/bsp_common_leds.o
LOAD ./synergy/ssp/src/bsp/mcu/all/bsp_delay.o
LOAD ./synergy/ssp/src/bsp/mcu/all/bsp_sbrk.o
LOAD ./synergy/ssp/src/bsp/cmsis/Device/RENESAS/S7G2/Source/startup_S7G2.o
LOAD ./synergy/ssp/src/bsp/cmsis/Device/RENESAS/S7G2/Source/system_S7G2.o
LOAD ./synergy/ssp/src/bsp/cmsis/Device/RENESAS/S3A7/Source/startup_S3A7.o
LOAD ./synergy/ssp/src/bsp/cmsis/Device/RENESAS/S3A7/Source/system_S3A7.o
LOAD ./synergy/ssp/src/bsp/cmsis/Device/RENESAS/S124/Source/startup_S124.o
LOAD ./synergy/ssp/src/bsp/cmsis/Device/RENESAS/S124/Source/system_S124.o
LOAD ./synergy/ssp/src/bsp/board/s7g2_sk/bsp_init.o
LOAD ./synergy/ssp/src/bsp/board/s7g2_sk/bsp_leds.o
LOAD ./synergy/ssp/src/bsp/board/s7g2_sk/bsp_qspi.o
LOAD ./src/synergy_gen/common_data.o
LOAD ./src/synergy_gen/hal_data.o
LOAD ./src/synergy_gen/main.o
LOAD ./src/synergy_gen/pin_data.o
LOAD ./src/hal_entry.o
LOAD C:\Users\Kirti\e2_studio\workspace\TestingSPI\synergy\ssp\src\bsp\cmsis\DSP_Lib\cm4_gcc\libDSP_Lib.a
END GROUP
START GROUP
LOAD c:/program files (x86)/gnu tools arm embedded/4.9 2015q3/bin/../lib/gcc/arm-none-eabi/4.9.3/armv7e-m/fpu\libgcc.a
LOAD c:/program files (x86)/gnu tools arm embedded/4.9 2015q3/bin/../lib/gcc/arm-none-eabi/4.9.3/../../../../arm-none-eabi/lib/armv7e-m/fpu\libg_nano.a
LOAD c:/program files (x86)/gnu tools arm embedded/4.9 2015q3/bin/../lib/gcc/arm-none-eabi/4.9.3/../../../../arm-none-eabi/lib/armv7e-m/fpu\libc_nano.a
END GROUP
START GROUP
LOAD c:/program files (x86)/gnu tools arm embedded/4.9 2015q3/bin/../lib/gcc/arm-none-eabi/4.9.3/armv7e-m/fpu\libgcc.a
LOAD c:/program files (x86)/gnu tools arm embedded/4.9 2015q3/bin/../lib/gcc/arm-none-eabi/4.9.3/../../../../arm-none-eabi/lib/armv7e-m/fpu\libc_nano.a
LOAD c:/program files (x86)/gnu tools arm embedded/4.9 2015q3/bin/../lib/gcc/arm-none-eabi/4.9.3/../../../../arm-none-eabi/lib/armv7e-m/fpu\librdimon_nano.a
END GROUP
START GROUP
LOAD c:/program files (x86)/gnu tools arm embedded/4.9 2015q3/bin/../lib/gcc/arm-none-eabi/4.9.3/armv7e-m/fpu\libgcc.a
LOAD c:/program files (x86)/gnu tools arm embedded/4.9 2015q3/bin/../lib/gcc/arm-none-eabi/4.9.3/../../../../arm-none-eabi/lib/armv7e-m/fpu\libc_nano.a
LOAD c:/program files (x86)/gnu tools arm embedded/4.9 2015q3/bin/../lib/gcc/arm-none-eabi/4.9.3/../../../../arm-none-eabi/lib/armv7e-m/fpu\librdimon_nano.a
END GROUP
LOAD c:/program files (x86)/gnu tools arm embedded/4.9 2015q3/bin/../lib/gcc/arm-none-eabi/4.9.3/armv7e-m/fpu/crtend.o
LOAD c:/program files (x86)/gnu tools arm embedded/4.9 2015q3/bin/../lib/gcc/arm-none-eabi/4.9.3/armv7e-m/fpu/crtn.o
START GROUP
LOAD c:/program files (x86)/gnu tools arm embedded/4.9 2015q3/bin/../lib/gcc/arm-none-eabi/4.9.3/armv7e-m/fpu\libgcc.a
LOAD c:/program files (x86)/gnu tools arm embedded/4.9 2015q3/bin/../lib/gcc/arm-none-eabi/4.9.3/../../../../arm-none-eabi/lib/armv7e-m/fpu\libc.a
LOAD c:/program files (x86)/gnu tools arm embedded/4.9 2015q3/bin/../lib/gcc/arm-none-eabi/4.9.3/../../../../arm-none-eabi/lib/armv7e-m/fpu\libm.a
LOAD c:/program files (x86)/gnu tools arm embedded/4.9 2015q3/bin/../lib/gcc/arm-none-eabi/4.9.3/../../../../arm-none-eabi/lib/armv7e-m/fpu\libnosys.a
END GROUP

.text           0x00000000     0x6464
                0x00000000                __ROM_Start = .
 *(.vectors)
 .vectors       0x00000000      0x1c0 ./synergy/ssp/src/bsp/cmsis/Device/RENESAS/S7G2/Source/startup_S7G2.o
                0x00000000                __Vectors
                0x000001c0                __Vectors_End = .
                0x000001c0                __Vectors_Size = (__Vectors_End - __Vectors)
                0x000001c0                __end__ = .
                0x00000400                . = (__ROM_Start + 0x400)
 *fill*         0x000001c0      0x240 ff
 *(.rom_registers*)
 .rom_registers
                0x00000400       0x3c ./synergy/ssp/src/bsp/mcu/s7g2/bsp_rom_registers.o
                0x00000500                . = (__ROM_Start + 0x500)
 *fill*         0x0000043c       0xc4 ff
 *(.text*)
 .text          0x00000500       0x5c c:/program files (x86)/gnu tools arm embedded/4.9 2015q3/bin/../lib/gcc/arm-none-eabi/4.9.3/armv7e-m/fpu/crtbegin.o
 .text.NVIC_EnableIRQ
                0x0000055c       0x18 ./synergy/ssp/src/driver/r_sci_uart/r_sci_uart.o
 .text.NVIC_DisableIRQ
                0x00000574       0x18 ./synergy/ssp/src/driver/r_sci_uart/r_sci_uart.o
 .text.R_SCI_UartInfoGet
                0x0000058c       0x60 ./synergy/ssp/src/driver/r_sci_uart/r_sci_uart.o
                0x0000058c                R_SCI_UartInfoGet
 .text.R_SCI_UartVersionGet
                0x000005ec       0x10 ./synergy/ssp/src/driver/r_sci_uart/r_sci_uart.o
                0x000005ec                R_SCI_UartVersionGet
 .text.R_SCI_UartClose
                0x000005fc       0x50 ./synergy/ssp/src/driver/r_sci_uart/r_sci_uart.o
                0x000005fc                R_SCI_UartClose
 .text.r_sci_read_write_param_check
                0x0000064c       0x58 ./synergy/ssp/src/driver/r_sci_uart/r_sci_uart.o
 .text.R_SCI_UartRead
                0x000006a4       0x7c ./synergy/ssp/src/driver/r_sci_uart/r_sci_uart.o
                0x000006a4                R_SCI_UartRead
 .text.r_sci_uart_baud_set
                0x00000720      0x15c ./synergy/ssp/src/driver/r_sci_uart/r_sci_uart.o
 .text.R_SCI_UartWrite
                0x0000087c       0xf8 ./synergy/ssp/src/driver/r_sci_uart/r_sci_uart.o
                0x0000087c                R_SCI_UartWrite
 .text.R_SCI_UartBaudSet
                0x00000974      0x1c0 ./synergy/ssp/src/driver/r_sci_uart/r_sci_uart.o
                0x00000974                R_SCI_UartBaudSet
 .text.R_SCI_UartOpen
                0x00000b34      0x7b8 ./synergy/ssp/src/driver/r_sci_uart/r_sci_uart.o
                0x00000b34                R_SCI_UartOpen
 .text.r_sci_uart_txi_common
                0x000012ec      0x1d4 ./synergy/ssp/src/driver/r_sci_uart/r_sci_uart.o
                0x000012ec                r_sci_uart_txi_common
 .text.r_sci_uart_rxi_common
                0x000014c0       0xc0 ./synergy/ssp/src/driver/r_sci_uart/r_sci_uart.o
                0x000014c0                r_sci_uart_rxi_common
 .text.r_sci_uart_tei
                0x00001580       0x80 ./synergy/ssp/src/driver/r_sci_uart/r_sci_uart.o
                0x00001580                r_sci_uart_tei
 .text.r_sci_uart_eri_common
                0x00001600       0x6c ./synergy/ssp/src/driver/r_sci_uart/r_sci_uart.o
                0x00001600                r_sci_uart_eri_common
 .text.NVIC_EnableIRQ
                0x0000166c       0x18 ./synergy/ssp/src/driver/r_sci_spi/r_sci_spi.o
 .text.NVIC_DisableIRQ
                0x00001684       0x18 ./synergy/ssp/src/driver/r_sci_spi/r_sci_spi.o
 .text.R_SCI_SSPI_VersionGet
                0x0000169c       0x10 ./synergy/ssp/src/driver/r_sci_spi/r_sci_spi.o
                0x0000169c                R_SCI_SSPI_VersionGet
 .text.R_SCI_SSPI_Open
                0x000016ac      0x3cc ./synergy/ssp/src/driver/r_sci_spi/r_sci_spi.o
                0x000016ac                R_SCI_SSPI_Open
 .text.R_SCI_SSPI_Close
                0x00001a78      0x158 ./synergy/ssp/src/driver/r_sci_spi/r_sci_spi.o
                0x00001a78                R_SCI_SSPI_Close
 .text.r_sci_sspi_write_read_common
                0x00001bd0      0x454 ./synergy/ssp/src/driver/r_sci_spi/r_sci_spi.o
 .text.R_SCI_SSPI_Read
                0x00002024       0x34 ./synergy/ssp/src/driver/r_sci_spi/r_sci_spi.o
                0x00002024                R_SCI_SSPI_Read
 .text.R_SCI_SSPI_Write
                0x00002058       0x30 ./synergy/ssp/src/driver/r_sci_spi/r_sci_spi.o
                0x00002058                R_SCI_SSPI_Write
 .text.R_SCI_SSPI_WriteRead
                0x00002088       0x34 ./synergy/ssp/src/driver/r_sci_spi/r_sci_spi.o
                0x00002088                R_SCI_SSPI_WriteRead
 .text.r_sci_sspi_tx_rx_common
                0x000020bc      0x8cc ./synergy/ssp/src/driver/r_sci_spi/r_sci_spi.o
                0x000020bc                r_sci_sspi_tx_rx_common
 .text.r_sci_sspi_spei_isr_common
                0x00002988       0x7c ./synergy/ssp/src/driver/r_sci_spi/r_sci_spi.o
                0x00002988                r_sci_sspi_spei_isr_common
 .text.NVIC_DisableIRQ
                0x00002a04       0x18 ./synergy/ssp/src/driver/r_sci_common/r_sci_common.o
 .text.txi_handler
                0x00002a1c       0x20 ./synergy/ssp/src/driver/r_sci_common/r_sci_common.o
 .text.eri_handler
                0x00002a3c       0x38 ./synergy/ssp/src/driver/r_sci_common/r_sci_common.o
 .text.tei_handler
                0x00002a74       0x20 ./synergy/ssp/src/driver/r_sci_common/r_sci_common.o
 .text.rxi_handler
                0x00002a94       0x40 ./synergy/ssp/src/driver/r_sci_common/r_sci_common.o
 .text.r_sci_hardware_lock
                0x00002ad4       0x24 ./synergy/ssp/src/driver/r_sci_common/r_sci_common.o
                0x00002ad4                r_sci_hardware_lock
 .text.r_sci_hardware_unlock
                0x00002af8       0x14 ./synergy/ssp/src/driver/r_sci_common/r_sci_common.o
                0x00002af8                r_sci_hardware_unlock
 .text.r_sci_close_common
                0x00002b0c      0x140 ./synergy/ssp/src/driver/r_sci_common/r_sci_common.o
                0x00002b0c                r_sci_close_common
 .text.r_sci_channel_param_check
                0x00002c4c        0xc ./synergy/ssp/src/driver/r_sci_common/r_sci_common.o
                0x00002c4c                r_sci_channel_param_check
 .text.sci0_txi_isr
                0x00002c58       0x24 ./synergy/ssp/src/driver/r_sci_common/r_sci_common.o
                0x00002c58                sci0_txi_isr
 .text.sci8_txi_isr
                0x00002c7c       0x24 ./synergy/ssp/src/driver/r_sci_common/r_sci_common.o
                0x00002c7c                sci8_txi_isr
 .text.sci9_txi_isr
                0x00002ca0       0x24 ./synergy/ssp/src/driver/r_sci_common/r_sci_common.o
                0x00002ca0                sci9_txi_isr
 .text.sci0_rxi_isr
                0x00002cc4       0x24 ./synergy/ssp/src/driver/r_sci_common/r_sci_common.o
                0x00002cc4                sci0_rxi_isr
 .text.sci8_rxi_isr
                0x00002ce8       0x24 ./synergy/ssp/src/driver/r_sci_common/r_sci_common.o
                0x00002ce8                sci8_rxi_isr
 .text.sci9_rxi_isr
                0x00002d0c       0x24 ./synergy/ssp/src/driver/r_sci_common/r_sci_common.o
                0x00002d0c                sci9_rxi_isr
 .text.sci0_eri_isr
                0x00002d30       0x24 ./synergy/ssp/src/driver/r_sci_common/r_sci_common.o
                0x00002d30                sci0_eri_isr
 .text.sci8_eri_isr
                0x00002d54       0x24 ./synergy/ssp/src/driver/r_sci_common/r_sci_common.o
                0x00002d54                sci8_eri_isr
 .text.sci9_eri_isr
                0x00002d78       0x24 ./synergy/ssp/src/driver/r_sci_common/r_sci_common.o
                0x00002d78                sci9_eri_isr
 .text.sci0_tei_isr
                0x00002d9c       0x24 ./synergy/ssp/src/driver/r_sci_common/r_sci_common.o
                0x00002d9c                sci0_tei_isr
 .text.sci8_tei_isr
                0x00002dc0       0x24 ./synergy/ssp/src/driver/r_sci_common/r_sci_common.o
                0x00002dc0                sci8_tei_isr
 .text.sci9_tei_isr
                0x00002de4       0x24 ./synergy/ssp/src/driver/r_sci_common/r_sci_common.o
                0x00002de4                sci9_tei_isr
 .text.sci_irq_status_clear
                0x00002e08       0x50 ./synergy/ssp/src/driver/r_sci_common/r_sci_common.o
                0x00002e08                sci_irq_status_clear
 .text.HW_IOPORT_EthernetModeCfg
                0x00002e58       0x28 ./synergy/ssp/src/driver/r_ioport/hw/hw_ioport.o
                0x00002e58                HW_IOPORT_EthernetModeCfg
 .text.HW_IOPORT_PinWrite
                0x00002e80       0x28 ./synergy/ssp/src/driver/r_ioport/hw/hw_ioport.o
                0x00002e80                HW_IOPORT_PinWrite
 .text.HW_IOPORT_PortWriteWithPCNTR3
                0x00002ea8       0x14 ./synergy/ssp/src/driver/r_ioport/hw/hw_ioport.o
                0x00002ea8                HW_IOPORT_PortWriteWithPCNTR3
 .text.HW_IOPORT_PortEventInputDataRead
                0x00002ebc       0x14 ./synergy/ssp/src/driver/r_ioport/hw/hw_ioport.o
                0x00002ebc                HW_IOPORT_PortEventInputDataRead
 .text.HW_IOPORT_PortEventOutputDataWrite
                0x00002ed0       0x14 ./synergy/ssp/src/driver/r_ioport/hw/hw_ioport.o
                0x00002ed0                HW_IOPORT_PortEventOutputDataWrite
 .text.HW_IOPORT_PinRead
                0x00002ee4       0x1c ./synergy/ssp/src/driver/r_ioport/hw/hw_ioport.o
                0x00002ee4                HW_IOPORT_PinRead
 .text.HW_IOPORT_PortRead
                0x00002f00       0x14 ./synergy/ssp/src/driver/r_ioport/hw/hw_ioport.o
                0x00002f00                HW_IOPORT_PortRead
 .text.HW_IOPORT_PortDirectionRead
                0x00002f14       0x14 ./synergy/ssp/src/driver/r_ioport/hw/hw_ioport.o
                0x00002f14                HW_IOPORT_PortDirectionRead
 .text.HW_IOPORT_PortDirectionSet
                0x00002f28       0x18 ./synergy/ssp/src/driver/r_ioport/hw/hw_ioport.o
                0x00002f28                HW_IOPORT_PortDirectionSet
 .text.HW_IOPORT_Init_Reference_Counter
                0x00002f40        0xc ./synergy/ssp/src/driver/r_ioport/hw/hw_ioport.o
                0x00002f40                HW_IOPORT_Init_Reference_Counter
 .text.HW_IOPORT_PFSWrite
                0x00002f4c       0x80 ./synergy/ssp/src/driver/r_ioport/hw/hw_ioport.o
                0x00002f4c                HW_IOPORT_PFSWrite
 .text.HW_IOPORT_PinDirectionSet
                0x00002fcc       0x34 ./synergy/ssp/src/driver/r_ioport/hw/hw_ioport.o
                0x00002fcc                HW_IOPORT_PinDirectionSet
 .text.R_IOPORT_VersionGet
                0x00003000       0x10 ./synergy/ssp/src/driver/r_ioport/r_ioport.o
                0x00003000                R_IOPORT_VersionGet
 .text.R_IOPORT_Init
                0x00003010       0x34 ./synergy/ssp/src/driver/r_ioport/r_ioport.o
                0x00003010                R_IOPORT_Init
 .text.R_IOPORT_PinCfg
                0x00003044       0x3c ./synergy/ssp/src/driver/r_ioport/r_ioport.o
                0x00003044                R_IOPORT_PinCfg
 .text.R_IOPORT_PinRead
                0x00003080       0x24 ./synergy/ssp/src/driver/r_ioport/r_ioport.o
                0x00003080                R_IOPORT_PinRead
 .text.R_IOPORT_PortRead
                0x000030a4       0x24 ./synergy/ssp/src/driver/r_ioport/r_ioport.o
                0x000030a4                R_IOPORT_PortRead
 .text.R_IOPORT_PortWrite
                0x000030c8       0x24 ./synergy/ssp/src/driver/r_ioport/r_ioport.o
                0x000030c8                R_IOPORT_PortWrite
 .text.R_IOPORT_PinWrite
                0x000030ec       0x20 ./synergy/ssp/src/driver/r_ioport/r_ioport.o
                0x000030ec                R_IOPORT_PinWrite
 .text.R_IOPORT_PortDirectionSet
                0x0000310c       0x30 ./synergy/ssp/src/driver/r_ioport/r_ioport.o
                0x0000310c                R_IOPORT_PortDirectionSet
 .text.R_IOPORT_PinDirectionSet
                0x0000313c       0x20 ./synergy/ssp/src/driver/r_ioport/r_ioport.o
                0x0000313c                R_IOPORT_PinDirectionSet
 .text.R_IOPORT_PortEventInputRead
                0x0000315c       0x24 ./synergy/ssp/src/driver/r_ioport/r_ioport.o
                0x0000315c                R_IOPORT_PortEventInputRead
 .text.R_IOPORT_PinEventInputRead
                0x00003180       0x3c ./synergy/ssp/src/driver/r_ioport/r_ioport.o
                0x00003180                R_IOPORT_PinEventInputRead
 .text.R_IOPORT_PortEventOutputWrite
                0x000031bc       0x20 ./synergy/ssp/src/driver/r_ioport/r_ioport.o
                0x000031bc                R_IOPORT_PortEventOutputWrite
 .text.R_IOPORT_PinEventOutputWrite
                0x000031dc       0x34 ./synergy/ssp/src/driver/r_ioport/r_ioport.o
                0x000031dc                R_IOPORT_PinEventOutputWrite
 .text.R_IOPORT_EthernetModeCfg
                0x00003210       0x1c ./synergy/ssp/src/driver/r_ioport/r_ioport.o
                0x00003210                R_IOPORT_EthernetModeCfg
 .text.R_ELC_LinkSet
                0x0000322c       0x10 ./synergy/ssp/src/driver/r_elc/r_elc.o
                0x0000322c                R_ELC_LinkSet
 .text.R_ELC_LinkBreak
                0x0000323c       0x10 ./synergy/ssp/src/driver/r_elc/r_elc.o
                0x0000323c                R_ELC_LinkBreak
 .text.R_ELC_Enable
                0x0000324c       0x14 ./synergy/ssp/src/driver/r_elc/r_elc.o
                0x0000324c                R_ELC_Enable
 .text.R_ELC_Disable
                0x00003260       0x14 ./synergy/ssp/src/driver/r_elc/r_elc.o
                0x00003260                R_ELC_Disable
 .text.R_ELC_VersionGet
                0x00003274       0x14 ./synergy/ssp/src/driver/r_elc/r_elc.o
                0x00003274                R_ELC_VersionGet
 .text.R_ELC_SoftwareEventGenerate
                0x00003288       0x2c ./synergy/ssp/src/driver/r_elc/r_elc.o
                0x00003288                R_ELC_SoftwareEventGenerate
 .text.R_ELC_Init
                0x000032b4       0x50 ./synergy/ssp/src/driver/r_elc/r_elc.o
                0x000032b4                R_ELC_Init
 .text.HW_CGC_Init
                0x00003304       0x34 ./synergy/ssp/src/driver/r_cgc/hw/hw_cgc.o
                0x00003304                HW_CGC_Init
 .text.HW_CGC_InitPLLFreq
                0x00003338       0x74 ./synergy/ssp/src/driver/r_cgc/hw/hw_cgc.o
                0x00003338                HW_CGC_InitPLLFreq
 .text.HW_CGC_MainClockDriveSet
                0x000033ac       0x40 ./synergy/ssp/src/driver/r_cgc/hw/hw_cgc.o
                0x000033ac                HW_CGC_MainClockDriveSet
 .text.HW_CGC_SubClockDriveSet
                0x000033ec       0x40 ./synergy/ssp/src/driver/r_cgc/hw/hw_cgc.o
                0x000033ec                HW_CGC_SubClockDriveSet
 .text.HW_CGC_ClockStart
                0x0000342c       0xa0 ./synergy/ssp/src/driver/r_cgc/hw/hw_cgc.o
                0x0000342c                HW_CGC_ClockStart
 .text.HW_CGC_ClockStop
                0x000034cc       0xa0 ./synergy/ssp/src/driver/r_cgc/hw/hw_cgc.o
                0x000034cc                HW_CGC_ClockStop
 .text.HW_CGC_ClockCheck
                0x0000356c       0x38 ./synergy/ssp/src/driver/r_cgc/hw/hw_cgc.o
                0x0000356c                HW_CGC_ClockCheck
 .text.HW_CGC_ClockRunStateGet
                0x000035a4       0x78 ./synergy/ssp/src/driver/r_cgc/hw/hw_cgc.o
                0x000035a4                HW_CGC_ClockRunStateGet
 .text.HW_CGC_DelayCycles
                0x0000361c       0x10 ./synergy/ssp/src/driver/r_cgc/hw/hw_cgc.o
                0x0000361c                HW_CGC_DelayCycles
 .text.HW_CGC_MainOscSourceSet
                0x0000362c       0x40 ./synergy/ssp/src/driver/r_cgc/hw/hw_cgc.o
                0x0000362c                HW_CGC_MainOscSourceSet
 .text.HW_CGC_ClockWaitSet
                0x0000366c       0x40 ./synergy/ssp/src/driver/r_cgc/hw/hw_cgc.o
                0x0000366c                HW_CGC_ClockWaitSet
 .text.HW_CGC_ClockSourceValidCheck
                0x000036ac        0xc ./synergy/ssp/src/driver/r_cgc/hw/hw_cgc.o
                0x000036ac                HW_CGC_ClockSourceValidCheck
 .text.HW_CGC_SystemClockValidCheck
                0x000036b8        0xc ./synergy/ssp/src/driver/r_cgc/hw/hw_cgc.o
                0x000036b8                HW_CGC_SystemClockValidCheck
 .text.HW_CGC_ClockSourceGet
                0x000036c4       0x10 ./synergy/ssp/src/driver/r_cgc/hw/hw_cgc.o
                0x000036c4                HW_CGC_ClockSourceGet
 .text.HW_CGC_ClockSourceSet
                0x000036d4       0x40 ./synergy/ssp/src/driver/r_cgc/hw/hw_cgc.o
                0x000036d4                HW_CGC_ClockSourceSet
 .text.HW_CGC_PLLClockSourceGet
                0x00003714       0x14 ./synergy/ssp/src/driver/r_cgc/hw/hw_cgc.o
                0x00003714                HW_CGC_PLLClockSourceGet
 .text.HW_CGC_PLLClockSourceSet
                0x00003728       0x48 ./synergy/ssp/src/driver/r_cgc/hw/hw_cgc.o
                0x00003728                HW_CGC_PLLClockSourceSet
 .text.HW_CGC_PLLMultiplierSet
                0x00003770       0x4c ./synergy/ssp/src/driver/r_cgc/hw/hw_cgc.o
                0x00003770                HW_CGC_PLLMultiplierSet
 .text.HW_CGC_PLLDividerSet
                0x000037bc       0x44 ./synergy/ssp/src/driver/r_cgc/hw/hw_cgc.o
                0x000037bc                HW_CGC_PLLDividerSet
 .text.HW_CGC_SystemDividersSet
                0x00003800       0x60 ./synergy/ssp/src/driver/r_cgc/hw/hw_cgc.o
                0x00003800                HW_CGC_SystemDividersSet
 .text.HW_CGC_SystemDividersGet
                0x00003860       0x40 ./synergy/ssp/src/driver/r_cgc/hw/hw_cgc.o
                0x00003860                HW_CGC_SystemDividersGet
 .text.HW_CGC_ClockCfgValidCheck
                0x000038a0       0x3c ./synergy/ssp/src/driver/r_cgc/hw/hw_cgc.o
                0x000038a0                HW_CGC_ClockCfgValidCheck
 .text.HW_CGC_ClockDividerGet
                0x000038dc       0x60 ./synergy/ssp/src/driver/r_cgc/hw/hw_cgc.o
                0x000038dc                HW_CGC_ClockDividerGet
 .text.HW_CGC_ClockHzGet
                0x0000393c       0x24 ./synergy/ssp/src/driver/r_cgc/hw/hw_cgc.o
                0x0000393c                HW_CGC_ClockHzGet
 .text.HW_CGC_ClockHzCalculate
                0x00003960       0x10 ./synergy/ssp/src/driver/r_cgc/hw/hw_cgc.o
                0x00003960                HW_CGC_ClockHzCalculate
 .text.HW_CGC_OscStopDetectEnable
                0x00003970       0x44 ./synergy/ssp/src/driver/r_cgc/hw/hw_cgc.o
                0x00003970                HW_CGC_OscStopDetectEnable
 .text.HW_CGC_OscStopDetectDisable
                0x000039b4       0x44 ./synergy/ssp/src/driver/r_cgc/hw/hw_cgc.o
                0x000039b4                HW_CGC_OscStopDetectDisable
 .text.HW_CGC_OscStopDetectEnabledGet
                0x000039f8       0x10 ./synergy/ssp/src/driver/r_cgc/hw/hw_cgc.o
                0x000039f8                HW_CGC_OscStopDetectEnabledGet
 .text.HW_CGC_OscStopDetectGet
                0x00003a08       0x10 ./synergy/ssp/src/driver/r_cgc/hw/hw_cgc.o
                0x00003a08                HW_CGC_OscStopDetectGet
 .text.HW_CGC_OscStopStatusClear
                0x00003a18       0x4c ./synergy/ssp/src/driver/r_cgc/hw/hw_cgc.o
                0x00003a18                HW_CGC_OscStopStatusClear
 .text.HW_CGC_BusClockOutCfg
                0x00003a64       0x40 ./synergy/ssp/src/driver/r_cgc/hw/hw_cgc.o
                0x00003a64                HW_CGC_BusClockOutCfg
 .text.HW_CGC_BusClockOutEnable
                0x00003aa4       0x38 ./synergy/ssp/src/driver/r_cgc/hw/hw_cgc.o
                0x00003aa4                HW_CGC_BusClockOutEnable
 .text.HW_CGC_BusClockOutDisable
                0x00003adc       0x38 ./synergy/ssp/src/driver/r_cgc/hw/hw_cgc.o
                0x00003adc                HW_CGC_BusClockOutDisable
 .text.HW_CGC_ClockOutCfg
                0x00003b14       0x60 ./synergy/ssp/src/driver/r_cgc/hw/hw_cgc.o
                0x00003b14                HW_CGC_ClockOutCfg
 .text.HW_CGC_ClockOutEnable
                0x00003b74       0x38 ./synergy/ssp/src/driver/r_cgc/hw/hw_cgc.o
                0x00003b74                HW_CGC_ClockOutEnable
 .text.HW_CGC_ClockOutDisable
                0x00003bac       0x38 ./synergy/ssp/src/driver/r_cgc/hw/hw_cgc.o
                0x00003bac                HW_CGC_ClockOutDisable
 .text.HW_CGC_SDRAMClockOutEnable
                0x00003be4       0x38 ./synergy/ssp/src/driver/r_cgc/hw/hw_cgc.o
                0x00003be4                HW_CGC_SDRAMClockOutEnable
 .text.HW_CGC_SDRAMClockOutDisable
                0x00003c1c       0x38 ./synergy/ssp/src/driver/r_cgc/hw/hw_cgc.o
                0x00003c1c                HW_CGC_SDRAMClockOutDisable
 .text.HW_CGC_USBClockCfg
                0x00003c54       0x40 ./synergy/ssp/src/driver/r_cgc/hw/hw_cgc.o
                0x00003c54                HW_CGC_USBClockCfg
 .text.HW_CGC_SystickUpdate
                0x00003c94       0x38 ./synergy/ssp/src/driver/r_cgc/hw/hw_cgc.o
                0x00003c94                HW_CGC_SystickUpdate
 .text.HW_CGC_SRAM_RAMWaitSet
                0x00003ccc       0x38 ./synergy/ssp/src/driver/r_cgc/hw/hw_cgc.o
                0x00003ccc                HW_CGC_SRAM_RAMWaitSet
 .text.HW_CGC_SRAM_HSRAMWaitSet
                0x00003d04       0x2c ./synergy/ssp/src/driver/r_cgc/hw/hw_cgc.o
                0x00003d04                HW_CGC_SRAM_HSRAMWaitSet
 .text.HW_CGC_ROMWaitSet
                0x00003d30       0x1c ./synergy/ssp/src/driver/r_cgc/hw/hw_cgc.o
                0x00003d30                HW_CGC_ROMWaitSet
 .text.HW_CGC_ROMWaitGet
                0x00003d4c       0x10 ./synergy/ssp/src/driver/r_cgc/hw/hw_cgc.o
                0x00003d4c                HW_CGC_ROMWaitGet
 .text.R_CGC_LCDClockCfg
                0x00003d5c        0x4 ./synergy/ssp/src/driver/r_cgc/r_cgc.o
                0x00003d5c                R_CGC_LCDClockCfg
 .text.R_CGC_LCDClockEnable
                0x00003d60        0x4 ./synergy/ssp/src/driver/r_cgc/r_cgc.o
                0x00003d60                R_CGC_LCDClockEnable
 .text.R_CGC_LCDClockDisable
                0x00003d64        0x4 ./synergy/ssp/src/driver/r_cgc/r_cgc.o
                0x00003d64                R_CGC_LCDClockDisable
 .text.R_CGC_VersionGet
                0x00003d68       0x10 ./synergy/ssp/src/driver/r_cgc/r_cgc.o
                0x00003d68                R_CGC_VersionGet
 .text.R_CGC_SystemClockGet
                0x00003d78       0x18 ./synergy/ssp/src/driver/r_cgc/r_cgc.o
                0x00003d78                R_CGC_SystemClockGet
 .text.R_CGC_SystemClockFreqGet
                0x00003d90       0x24 ./synergy/ssp/src/driver/r_cgc/r_cgc.o
                0x00003d90                R_CGC_SystemClockFreqGet
 .text.R_CGC_OscStopStatusClear
                0x00003db4       0x2c ./synergy/ssp/src/driver/r_cgc/r_cgc.o
                0x00003db4                R_CGC_OscStopStatusClear
 .text.R_CGC_BusClockOutCfg
                0x00003de0        0xc ./synergy/ssp/src/driver/r_cgc/r_cgc.o
                0x00003de0                R_CGC_BusClockOutCfg
 .text.R_CGC_BusClockOutEnable
                0x00003dec        0xc ./synergy/ssp/src/driver/r_cgc/r_cgc.o
                0x00003dec                R_CGC_BusClockOutEnable
 .text.R_CGC_BusClockOutDisable
                0x00003df8        0xc ./synergy/ssp/src/driver/r_cgc/r_cgc.o
                0x00003df8                R_CGC_BusClockOutDisable
 .text.R_CGC_ClockOutCfg
                0x00003e04        0xc ./synergy/ssp/src/driver/r_cgc/r_cgc.o
                0x00003e04                R_CGC_ClockOutCfg
 .text.R_CGC_ClockOutEnable
                0x00003e10        0xc ./synergy/ssp/src/driver/r_cgc/r_cgc.o
                0x00003e10                R_CGC_ClockOutEnable
 .text.R_CGC_ClockOutDisable
                0x00003e1c        0xc ./synergy/ssp/src/driver/r_cgc/r_cgc.o
                0x00003e1c                R_CGC_ClockOutDisable
 .text.R_CGC_SDRAMClockOutEnable
                0x00003e28        0xc ./synergy/ssp/src/driver/r_cgc/r_cgc.o
                0x00003e28                R_CGC_SDRAMClockOutEnable
 .text.R_CGC_SDRAMClockOutDisable
                0x00003e34        0xc ./synergy/ssp/src/driver/r_cgc/r_cgc.o
                0x00003e34                R_CGC_SDRAMClockOutDisable
 .text.R_CGC_USBClockCfg
                0x00003e40        0xc ./synergy/ssp/src/driver/r_cgc/r_cgc.o
                0x00003e40                R_CGC_USBClockCfg
 .text.R_CGC_Init
                0x00003e4c       0x50 ./synergy/ssp/src/driver/r_cgc/r_cgc.o
                0x00003e4c                R_CGC_Init
 .text.R_CGC_ClockCheck
                0x00003e9c       0x60 ./synergy/ssp/src/driver/r_cgc/r_cgc.o
                0x00003e9c                R_CGC_ClockCheck
 .text.R_CGC_ClockStart
                0x00003efc      0x104 ./synergy/ssp/src/driver/r_cgc/r_cgc.o
                0x00003efc                R_CGC_ClockStart
 .text.R_CGC_ClockStop
                0x00004000       0xac ./synergy/ssp/src/driver/r_cgc/r_cgc.o
                0x00004000                R_CGC_ClockStop
 .text.R_CGC_SystemClockSet
                0x000040ac       0xec ./synergy/ssp/src/driver/r_cgc/r_cgc.o
                0x000040ac                R_CGC_SystemClockSet
 .text.R_CGC_OscStopDetect
                0x00004198       0x40 ./synergy/ssp/src/driver/r_cgc/r_cgc.o
                0x00004198                R_CGC_OscStopDetect
 .text.R_CGC_SystickUpdate
                0x000041d8       0x50 ./synergy/ssp/src/driver/r_cgc/r_cgc.o
                0x000041d8                R_CGC_SystickUpdate
 .text.bsp_clock_init
                0x00004228       0x98 ./synergy/ssp/src/bsp/mcu/s7g2/bsp_clocks.o
                0x00004228                bsp_clock_init
 .text.bsp_cpu_clock_get
                0x000042c0       0x20 ./synergy/ssp/src/bsp/mcu/s7g2/bsp_clocks.o
                0x000042c0                bsp_cpu_clock_get
 .text.bsp_group_interrupt_open
                0x000042e0       0x18 ./synergy/ssp/src/bsp/mcu/s7g2/bsp_group_irq.o
                0x000042e0                bsp_group_interrupt_open
 .text.R_BSP_GroupIrqWrite
                0x000042f8       0x10 ./synergy/ssp/src/bsp/mcu/s7g2/bsp_group_irq.o
                0x000042f8                R_BSP_GroupIrqWrite
 .text.NMI_Handler
                0x00004308      0x1f4 ./synergy/ssp/src/bsp/mcu/s7g2/bsp_group_irq.o
                0x00004308                NMI_Handler
 .text.R_BSP_IrqStatusClear
                0x000044fc       0x18 ./synergy/ssp/src/bsp/mcu/s7g2/bsp_irq.o
                0x000044fc                R_BSP_IrqStatusClear
 .text.bsp_irq_cfg
                0x00004514       0xf4 ./synergy/ssp/src/bsp/mcu/s7g2/bsp_irq.o
                0x00004514                bsp_irq_cfg
 .text.R_BSP_SoftwareLock
                0x00004608       0x20 ./synergy/ssp/src/bsp/mcu/s7g2/bsp_locking.o
                0x00004608                R_BSP_SoftwareLock
 .text.R_BSP_SoftwareUnlock
                0x00004628        0x8 ./synergy/ssp/src/bsp/mcu/s7g2/bsp_locking.o
                0x00004628                R_BSP_SoftwareUnlock
 .text.R_BSP_HardwareLock
                0x00004630       0x28 ./synergy/ssp/src/bsp/mcu/s7g2/bsp_locking.o
                0x00004630                R_BSP_HardwareLock
 .text.R_BSP_HardwareUnlock
                0x00004658        0xc ./synergy/ssp/src/bsp/mcu/s7g2/bsp_locking.o
                0x00004658                R_BSP_HardwareUnlock
 .text.bsp_init_hardware_locks
                0x00004664       0x18 ./synergy/ssp/src/bsp/mcu/s7g2/bsp_locking.o
                0x00004664                bsp_init_hardware_locks
 .text.R_BSP_RegisterProtectEnable
                0x0000467c       0x48 ./synergy/ssp/src/bsp/mcu/s7g2/bsp_register_protection.o
                0x0000467c                R_BSP_RegisterProtectEnable
 .text.R_BSP_RegisterProtectDisable
                0x000046c4       0x50 ./synergy/ssp/src/bsp/mcu/s7g2/bsp_register_protection.o
                0x000046c4                R_BSP_RegisterProtectDisable
 .text.bsp_register_protect_open
                0x00004714       0x10 ./synergy/ssp/src/bsp/mcu/s7g2/bsp_register_protection.o
                0x00004714                bsp_register_protect_open
 .text.bsp_vbatt_init
                0x00004724       0x80 ./synergy/ssp/src/bsp/mcu/s7g2/bsp_vbatt.o
                0x00004724                bsp_vbatt_init
 .text.software_delay_loop
                0x000047a4        0xc ./synergy/ssp/src/bsp/mcu/all/bsp_delay.o
 .text.R_BSP_SoftwareDelay
                0x000047b0       0x58 ./synergy/ssp/src/bsp/mcu/all/bsp_delay.o
                0x000047b0                R_BSP_SoftwareDelay
 .text._sbrk    0x00004808       0x40 ./synergy/ssp/src/bsp/mcu/all/bsp_sbrk.o
                0x00004808                _sbrk
 .text.Default_Handler
                0x00004848        0x4 ./synergy/ssp/src/bsp/cmsis/Device/RENESAS/S7G2/Source/startup_S7G2.o
                0x00004848                gpt0_counter_overflow_isr
                0x00004848                iic2_eri_isr
                0x00004848                gpt10_counter_overflow_isr
                0x00004848                gpt0_compare_e_isr
                0x00004848                gpt7_counter_underflow_isr
                0x00004848                gpt9_capture_compare_a_isr
                0x00004848                DebugMon_Handler
                0x00004848                ctsu_write_isr
                0x00004848                dmac3_int_isr
                0x00004848                sci3_txi_isr
                0x00004848                ioport_event_4_isr
                0x00004848                src_conversion_end_isr
                0x00004848                sdhimmc1_accs_isr
                0x00004848                gpt1_compare_c_isr
                0x00004848                iic1_txi_isr
                0x00004848                src_output_fifo_overflow_isr
                0x00004848                gpt7_capture_compare_b_isr
                0x00004848                sci5_eri_isr
                0x00004848                ssi1_int_isr
                0x00004848                elc_software_event_0_isr
                0x00004848                gpt1_compare_d_isr
                0x00004848                gpt5_ad_trig_b_isr
                0x00004848                icu_irq5_isr
                0x00004848                HardFault_Handler
                0x00004848                eptpc_timer0_fall_isr
                0x00004848                gpt12_counter_underflow_isr
                0x00004848                key_int_isr
                0x00004848                gpt4_capture_compare_a_isr
                0x00004848                gpt11_compare_f_isr
                0x00004848                gpt7_counter_overflow_isr
                0x00004848                icu_irq1_isr
                0x00004848                SysTick_Handler
                0x00004848                sce_proc_busy_isr
                0x00004848                gpt8_capture_compare_b_isr
                0x00004848                gpt9_compare_e_isr
                0x00004848                PendSV_Handler
                0x00004848                gpt6_ad_trig_b_isr
                0x00004848                gpt0_counter_underflow_isr
                0x00004848                sce_romok_isr
                0x00004848                gpt2_compare_c_isr
                0x00004848                gpt9_counter_underflow_isr
                0x00004848                usbfs_int_isr
                0x00004848                spi1_eri_isr
                0x00004848                adc0_scan_end_b_isr
                0x00004848                gpt11_counter_overflow_isr
                0x00004848                iic2_rxi_isr
                0x00004848                sci5_tei_isr
                0x00004848                gpt5_compare_d_isr
                0x00004848                poeg1_event_isr
                0x00004848                iic1_eri_isr
                0x00004848                icu_irq2_isr
                0x00004848                iic0_tei_isr
                0x00004848                adc0_compare_match_isr
                0x00004848                sce_integrate_rdrdy_isr
                0x00004848                spi1_txi_isr
                0x00004848                pdc_frame_end_isr
                0x00004848                dmac7_int_isr
                0x00004848                gpt8_counter_overflow_isr
                0x00004848                adc1_compare_match_isr
                0x00004848                can1_mailbox_rx_isr
                0x00004848                iic2_txi_isr
                0x00004848                gpt5_capture_compare_b_isr
                0x00004848                can1_fifo_tx_isr
                0x00004848                adc1_compare_mismatch_isr
                0x00004848                can1_fifo_rx_isr
                0x00004848                sce_wrrdy_1_isr
                0x00004848                sce_integrate_wrrdy_isr
                0x00004848                poeg3_event_isr
                0x00004848                gpt5_compare_c_isr
                0x00004848                gpt6_capture_compare_a_isr
                0x00004848                gpt2_compare_e_isr
                0x00004848                gpt3_ad_trig_b_isr
                0x00004848                agt1_int_isr
                0x00004848                gpt0_capture_compare_b_isr
                0x00004848                dmac5_int_isr
                0x00004848                gpt12_compare_c_isr
                0x00004848                gpt4_compare_e_isr
                0x00004848                spi0_idle_isr
                0x00004848                gpt9_counter_overflow_isr
                0x00004848                gpt12_compare_d_isr
                0x00004848                gpt1_ad_trig_a_isr
                0x00004848                icu_irq14_isr
                0x00004848                sci1_eri_isr
                0x00004848                ssi0_rxi_isr
                0x00004848                agt0_int_isr
                0x00004848                glcdc_underflow_2_isr
                0x00004848                sci9_am_isr
                0x00004848                sdhimmc1_dma_req_isr
                0x00004848                gpt7_compare_d_isr
                0x00004848                gpt5_compare_e_isr
                0x00004848                UsageFault_Handler
                0x00004848                icu_irq9_isr
                0x00004848                iic1_tei_isr
                0x00004848                dmac4_int_isr
                0x00004848                adc0_window_b_isr
                0x00004848                iwdt_underflow_isr
                0x00004848                icu_irq7_isr
                0x00004848                gpt6_ad_trig_a_isr
                0x00004848                gpt5_counter_overflow_isr
                0x00004848                gpt3_compare_e_isr
                0x00004848                gpt11_counter_underflow_isr
                0x00004848                gpt2_capture_compare_a_isr
                0x00004848                can0_mailbox_tx_isr
                0x00004848                edmac0_eint_isr
                0x00004848                gpt6_compare_e_isr
                0x00004848                gpt3_capture_compare_b_isr
                0x00004848                gpt13_capture_compare_a_isr
                0x00004848                icu_irq13_isr
                0x00004848                gpt2_capture_compare_b_isr
                0x00004848                sce_test_busy_isr
                0x00004848                eptpc_timer1_rise_isr
                0x00004848                sci7_am_isr
                0x00004848                gpt7_compare_f_isr
                0x00004848                gpt0_compare_c_isr
                0x00004848                eptpc_timer5_rise_isr
                0x00004848                gpt1_capture_compare_b_isr
                0x00004848                spi1_tei_isr
                0x00004848                gpt11_compare_e_isr
                0x00004848                dmac6_int_isr
                0x00004848                sce_wrrdy_0_isr
                0x00004848                cac_measurement_end_isr
                0x00004848                gpt10_compare_f_isr
                0x00004848                jpeg_jedi_isr
                0x00004848                sci6_txi_isr
                0x00004848                icu_irq3_isr
                0x00004848                can1_error_isr
                0x00004848                adc1_window_a_isr
                0x00004848                icu_irq0_isr
                0x00004848                gpt6_capture_compare_b_isr
                0x00004848                usbhs_fifo_1_isr
                0x00004848                eptpc_ipls_isr
                0x00004848                gpt6_compare_d_isr
                0x00004848                eptpc_timer4_rise_isr
                0x00004848                gpt2_compare_f_isr
                0x00004848                sdhimmc0_sdio_isr
                0x00004848                can0_mailbox_rx_isr
                0x00004848                adc0_window_a_isr
                0x00004848                gpt11_compare_c_isr
                0x00004848                sce_rdrdy_0_isr
                0x00004848                gpt8_compare_e_isr
                0x00004848                gpt1_ad_trig_b_isr
                0x00004848                gpt2_ad_trig_b_isr
                0x00004848                gpt1_compare_f_isr
                0x00004848                dtc_complete_isr
                0x00004848                dmac1_int_isr
                0x00004848                gpt4_counter_underflow_isr
                0x00004848                gpt3_compare_f_isr
                0x00004848                iic2_tei_isr
                0x00004848                eptpc_timer1_fall_isr
                0x00004848                adc0_compare_mismatch_isr
                0x00004848                sci5_rxi_isr
                0x00004848                ops_uvw_edge_isr
                0x00004848                dmac2_int_isr
                0x00004848                gpt6_compare_c_isr
                0x00004848                gpt1_compare_e_isr
                0x00004848                gpt5_capture_compare_a_isr
                0x00004848                sci2_tei_isr
                0x00004848                sci7_txi_isr
                0x00004848                sci4_eri_isr
                0x00004848                gpt4_compare_d_isr
                0x00004848                iic0_txi_isr
                0x00004848                sci0_rxi_or_eri_isr
                0x00004848                gpt4_counter_overflow_isr
                0x00004848                gpt1_counter_underflow_isr
                0x00004848                sce_wrrdy_4_isr
                0x00004848                gpt2_ad_trig_a_isr
                0x00004848                gpt3_capture_compare_a_isr
                0x00004848                pdc_receive_data_ready_isr
                0x00004848                gpt10_capture_compare_a_isr
                0x00004848                gpt8_compare_f_isr
                0x00004848                sci4_rxi_isr
                0x00004848                gpt3_counter_overflow_isr
                0x00004848                gpt4_ad_trig_b_isr
                0x00004848                gpt13_compare_d_isr
                0x00004848                sdhimmc0_dma_req_isr
                0x00004848                gpt9_compare_f_isr
                0x00004848                elc_software_event_1_isr
                0x00004848                rtc_alarm_isr
                0x00004848                gpt13_compare_f_isr
                0x00004848                gpt0_compare_f_isr
                0x00004848                adc1_scan_end_b_isr
                0x00004848                wdt_underflow_isr
                0x00004848                sci2_eri_isr
                0x00004848                iic0_eri_isr
                0x00004848                jpeg_jdti_isr
                0x00004848                eptpc_timer2_fall_isr
                0x00004848                adc1_window_b_isr
                0x00004848                gpt4_compare_f_isr
                0x00004848                gpt10_compare_d_isr
                0x00004848                gpt7_ad_trig_b_isr
                0x00004848                gpt10_compare_c_isr
                0x00004848                gpt1_counter_overflow_isr
                0x00004848                sci6_tei_isr
                0x00004848                Default_Handler
                0x00004848                cgc_mosc_stop_isr
                0x00004848                gpt7_capture_compare_a_isr
                0x00004848                usbhs_usb_int_resume_isr
                0x00004848                gpt3_compare_c_isr
                0x00004848                agt1_compare_a_isr
                0x00004848                sdhimmc1_card_isr
                0x00004848                sci3_tei_isr
                0x00004848                gpt0_compare_d_isr
                0x00004848                sci6_am_isr
                0x00004848                gpt1_capture_compare_a_isr
                0x00004848                eptpc_timer2_rise_isr
                0x00004848                eptpc_timer3_fall_isr
                0x00004848                gpt8_capture_compare_a_isr
                0x00004848                sci1_tei_isr
                0x00004848                gpt4_capture_compare_b_isr
                0x00004848                iic1_rxi_isr
                0x00004848                gpt4_compare_c_isr
                0x00004848                icu_irq10_isr
                0x00004848                usbfs_resume_isr
                0x00004848                gpt6_compare_f_isr
                0x00004848                gpt8_compare_d_isr
                0x00004848                sdhimmc0_card_isr
                0x00004848                gpt10_counter_underflow_isr
                0x00004848                sci2_rxi_isr
                0x00004848                can0_error_isr
                0x00004848                gpt11_capture_compare_a_isr
                0x00004848                sci7_rxi_isr
                0x00004848                comp_hs_0_isr
                0x00004848                gpt13_capture_compare_b_isr
                0x00004848                eptpc_timer5_fall_isr
                0x00004848                spi0_rxi_isr
                0x00004848                eptpc_mint_isr
                0x00004848                ctsu_end_isr
                0x00004848                spi1_rxi_isr
                0x00004848                spi0_eri_isr
                0x00004848                comp_hs_2_isr
                0x00004848                sci0_am_isr
                0x00004848                ssi0_int_isr
                0x00004848                gpt13_counter_overflow_isr
                0x00004848                icu_irq6_isr
                0x00004848                MemManage_Handler
                0x00004848                sci4_am_isr
                0x00004848                src_output_fifo_underflow_isr
                0x00004848                sdhimmc0_accs_isr
                0x00004848                doc_int_isr
                0x00004848                sci3_eri_isr
                0x00004848                SVC_Handler
                0x00004848                gpt3_compare_d_isr
                0x00004848                sci8_am_isr
                0x00004848                eptpc_timer4_fall_isr
                0x00004848                gpt12_counter_overflow_isr
                0x00004848                sci4_txi_isr
                0x00004848                adc1_scan_end_isr
                0x00004848                usbfs_fifo_0_isr
                0x00004848                ioport_event_3_isr
                0x00004848                glcdc_underflow_1_isr
                0x00004848                gpt2_counter_overflow_isr
                0x00004848                can0_fifo_tx_isr
                0x00004848                gpt7_compare_c_isr
                0x00004848                icu_irq12_isr
                0x00004848                gpt9_compare_d_isr
                0x00004848                ioport_event_2_isr
                0x00004848                gpt6_counter_overflow_isr
                0x00004848                usbhs_fifo_0_isr
                0x00004848                gpt0_ad_trig_b_isr
                0x00004848                src_output_fifo_full_isr
                0x00004848                can1_mailbox_tx_isr
                0x00004848                gpt12_compare_f_isr
                0x00004848                gpt4_ad_trig_a_isr
                0x00004848                rtc_carry_isr
                0x00004848                comp_hs_3_isr
                0x00004848                sci1_rxi_isr
                0x00004848                gpt2_compare_d_isr
                0x00004848                sci5_am_isr
                0x00004848                gpt9_compare_c_isr
                0x00004848                dmac0_int_isr
                0x00004848                spi0_tei_isr
                0x00004848                sdhimmc1_sdio_isr
                0x00004848                adc0_scan_end_isr
                0x00004848                edmac1_eint_isr
                0x00004848                ioport_event_1_isr
                0x00004848                ssi0_txi_isr
                0x00004848                sce_rdrdy_1_isr
                0x00004848                gpt12_capture_compare_a_isr
                0x00004848                gpt0_capture_compare_a_isr
                0x00004848                spi1_idle_isr
                0x00004848                gpt6_counter_underflow_isr
                0x00004848                sce_long_plg_isr
                0x00004848                rtc_period_isr
                0x00004848                fcu_frdyi_isr
                0x00004848                sci7_tei_isr
                0x00004848                iic0_rxi_isr
                0x00004848                gpt9_capture_compare_b_isr
                0x00004848                src_input_fifo_empty_isr
                0x00004848                gpt13_counter_underflow_isr
                0x00004848                gpt5_compare_f_isr
                0x00004848                cac_frequency_error_isr
                0x00004848                gpt10_capture_compare_b_isr
                0x00004848                lpm_snooze_request_isr
                0x00004848                sci5_txi_isr
                0x00004848                qspi_int_isr
                0x00004848                dtc_end_isr
                0x00004848                gpt11_capture_compare_b_isr
                0x00004848                eptpc_pint_isr
                0x00004848                gpt8_compare_c_isr
                0x00004848                gpt3_ad_trig_a_isr
                0x00004848                usbfs_fifo_1_isr
                0x00004848                gpt8_counter_underflow_isr
                0x00004848                pdc_int_isr
                0x00004848                drw_int_isr
                0x00004848                fcu_fiferr_isr
                0x00004848                sci2_txi_isr
                0x00004848                eptpc_timer3_rise_isr
                0x00004848                sci6_rxi_isr
                0x00004848                sci1_txi_isr
                0x00004848                gpt10_compare_e_isr
                0x00004848                gpt3_counter_underflow_isr
                0x00004848                gpt11_compare_d_isr
                0x00004848                gpt13_compare_c_isr
                0x00004848                agt1_compare_b_isr
                0x00004848                ctsu_read_isr
                0x00004848                icu_irq4_isr
                0x00004848                gpt13_compare_e_isr
                0x00004848                gpt0_ad_trig_a_isr
                0x00004848                gpt7_compare_e_isr
                0x00004848                cac_overflow_isr
                0x00004848                sci1_am_isr
                0x00004848                BusFault_Handler
                0x00004848                gpt7_ad_trig_a_isr
                0x00004848                gpt12_capture_compare_b_isr
                0x00004848                gpt5_counter_underflow_isr
                0x00004848                gpt12_compare_e_isr
                0x00004848                comp_hs_1_isr
                0x00004848                sci6_eri_isr
                0x00004848                gpt5_ad_trig_a_isr
                0x00004848                poeg2_event_isr
                0x00004848                icu_irq8_isr
                0x00004848                spi0_txi_isr
                0x00004848                sci2_am_isr
                0x00004848                lvd_lvd2_isr
                0x00004848                comp_hs_4_isr
                0x00004848                sci3_rxi_isr
                0x00004848                icu_irq15_isr
                0x00004848                glcdc_line_detect_isr
                0x00004848                poeg0_event_isr
                0x00004848                ssi1_txi_rxi_isr
                0x00004848                icu_irq11_isr
                0x00004848                lvd_lvd1_isr
                0x00004848                sci7_eri_isr
                0x00004848                agt0_compare_b_isr
                0x00004848                agt0_compare_a_isr
                0x00004848                sci4_tei_isr
                0x00004848                icu_snooze_cancel_isr
                0x00004848                can0_fifo_rx_isr
                0x00004848                iic0_wui_isr
                0x00004848                eptpc_timer0_rise_isr
                0x00004848                gpt2_counter_underflow_isr
                0x00004848                sci3_am_isr
                0x00004848                comp_hs_5_isr
 .text.Reset_Handler
                0x0000484c        0xc ./synergy/ssp/src/bsp/cmsis/Device/RENESAS/S7G2/Source/startup_S7G2.o
                0x0000484c                Reset_Handler
 .text.R_BSP_WarmStart
                0x00004858        0x4 ./synergy/ssp/src/bsp/cmsis/Device/RENESAS/S7G2/Source/system_S7G2.o
                0x00004858                R_BSP_WarmStart
 .text.SystemInit
                0x0000485c       0xb0 ./synergy/ssp/src/bsp/cmsis/Device/RENESAS/S7G2/Source/system_S7G2.o
                0x0000485c                SystemInit
 .text.bsp_init
                0x0000490c        0x4 ./synergy/ssp/src/bsp/board/s7g2_sk/bsp_init.o
                0x0000490c                bsp_init
 .text.bsp_qspi_xip_mode
                0x00004910       0x88 ./synergy/ssp/src/bsp/board/s7g2_sk/bsp_qspi.o
 .text.bsp_qspi_init
                0x00004998      0x138 ./synergy/ssp/src/bsp/board/s7g2_sk/bsp_qspi.o
                0x00004998                bsp_qspi_init
 .text.startup.main
                0x00004ad0        0xc ./src/synergy_gen/main.o
                0x00004ad0                main
 .text._write   0x00004adc       0x50 ./src/hal_entry.o
                0x00004adc                _write
 .text.user_uart_callback
                0x00004b2c       0x14 ./src/hal_entry.o
                0x00004b2c                user_uart_callback
 .text.user_spi_callback
                0x00004b40       0x10 ./src/hal_entry.o
                0x00004b40                user_spi_callback
 .text.hal_entry
                0x00004b50       0x88 ./src/hal_entry.o
                0x00004b50                hal_entry
 .text.__errno  0x00004bd8        0xc c:/program files (x86)/gnu tools arm embedded/4.9 2015q3/bin/../lib/gcc/arm-none-eabi/4.9.3/../../../../arm-none-eabi/lib/armv7e-m/fpu\libg_nano.a(lib_a-errno.o)
                0x00004bd8                __errno
 .text.memset   0x00004be4       0x10 c:/program files (x86)/gnu tools arm embedded/4.9 2015q3/bin/../lib/gcc/arm-none-eabi/4.9.3/../../../../arm-none-eabi/lib/armv7e-m/fpu\libg_nano.a(lib_a-memset.o)
                0x00004be4                memset
 .text.printf   0x00004bf4       0x30 c:/program files (x86)/gnu tools arm embedded/4.9 2015q3/bin/../lib/gcc/arm-none-eabi/4.9.3/../../../../arm-none-eabi/lib/armv7e-m/fpu\libg_nano.a(lib_a-printf.o)
                0x00004bf4                iprintf
                0x00004bf4                printf
 .text._puts_r  0x00004c24       0xf0 c:/program files (x86)/gnu tools arm embedded/4.9 2015q3/bin/../lib/gcc/arm-none-eabi/4.9.3/../../../../arm-none-eabi/lib/armv7e-m/fpu\libg_nano.a(lib_a-puts.o)
                0x00004c24                _puts_r
 .text.puts     0x00004d14       0x10 c:/program files (x86)/gnu tools arm embedded/4.9 2015q3/bin/../lib/gcc/arm-none-eabi/4.9.3/../../../../arm-none-eabi/lib/armv7e-m/fpu\libg_nano.a(lib_a-puts.o)
                0x00004d14                puts
 .text.__swbuf_r
                0x00004d24       0xa8 c:/program files (x86)/gnu tools arm embedded/4.9 2015q3/bin/../lib/gcc/arm-none-eabi/4.9.3/../../../../arm-none-eabi/lib/armv7e-m/fpu\libg_nano.a(lib_a-wbuf.o)
                0x00004d24                __swbuf_r
 .text.__swsetup_r
                0x00004dcc       0xd8 c:/program files (x86)/gnu tools arm embedded/4.9 2015q3/bin/../lib/gcc/arm-none-eabi/4.9.3/../../../../arm-none-eabi/lib/armv7e-m/fpu\libg_nano.a(lib_a-wsetup.o)
                0x00004dcc                __swsetup_r
 .text.__sflush_r
                0x00004ea4      0x108 c:/program files (x86)/gnu tools arm embedded/4.9 2015q3/bin/../lib/gcc/arm-none-eabi/4.9.3/../../../../arm-none-eabi/lib/armv7e-m/fpu\libg_nano.a(lib_a-fflush.o)
                0x00004ea4                __sflush_r
 .text._fflush_r
                0x00004fac       0x54 c:/program files (x86)/gnu tools arm embedded/4.9 2015q3/bin/../lib/gcc/arm-none-eabi/4.9.3/../../../../arm-none-eabi/lib/armv7e-m/fpu\libg_nano.a(lib_a-fflush.o)
                0x00004fac                _fflush_r
 .text._cleanup_r
                0x00005000        0xc c:/program files (x86)/gnu tools arm embedded/4.9 2015q3/bin/../lib/gcc/arm-none-eabi/4.9.3/../../../../arm-none-eabi/lib/armv7e-m/fpu\libg_nano.a(lib_a-findfp.o)
                0x00005000                _cleanup_r
 .text.std.isra.0
                0x0000500c       0x48 c:/program files (x86)/gnu tools arm embedded/4.9 2015q3/bin/../lib/gcc/arm-none-eabi/4.9.3/../../../../arm-none-eabi/lib/armv7e-m/fpu\libg_nano.a(lib_a-findfp.o)
 .text.__sfmoreglue
                0x00005054       0x2c c:/program files (x86)/gnu tools arm embedded/4.9 2015q3/bin/../lib/gcc/arm-none-eabi/4.9.3/../../../../arm-none-eabi/lib/armv7e-m/fpu\libg_nano.a(lib_a-findfp.o)
                0x00005054                __sfmoreglue
 .text.__sinit  0x00005080       0x60 c:/program files (x86)/gnu tools arm embedded/4.9 2015q3/bin/../lib/gcc/arm-none-eabi/4.9.3/../../../../arm-none-eabi/lib/armv7e-m/fpu\libg_nano.a(lib_a-findfp.o)
                0x00005080                __sinit
 .text.__sfp    0x000050e0       0x74 c:/program files (x86)/gnu tools arm embedded/4.9 2015q3/bin/../lib/gcc/arm-none-eabi/4.9.3/../../../../arm-none-eabi/lib/armv7e-m/fpu\libg_nano.a(lib_a-findfp.o)
                0x000050e0                __sfp
 .text._fwalk_reent
                0x00005154       0x3c c:/program files (x86)/gnu tools arm embedded/4.9 2015q3/bin/../lib/gcc/arm-none-eabi/4.9.3/../../../../arm-none-eabi/lib/armv7e-m/fpu\libg_nano.a(lib_a-fwalk.o)
                0x00005154                _fwalk_reent
 .text.__smakebuf_r
                0x00005190       0x9c c:/program files (x86)/gnu tools arm embedded/4.9 2015q3/bin/../lib/gcc/arm-none-eabi/4.9.3/../../../../arm-none-eabi/lib/armv7e-m/fpu\libg_nano.a(lib_a-makebuf.o)
                0x00005190                __smakebuf_r
 .text._free_r  0x0000522c       0x88 c:/program files (x86)/gnu tools arm embedded/4.9 2015q3/bin/../lib/gcc/arm-none-eabi/4.9.3/../../../../arm-none-eabi/lib/armv7e-m/fpu\libg_nano.a(lib_a-nano-freer.o)
                0x0000522c                _free_r
 .text._malloc_r
                0x000052b4       0xac c:/program files (x86)/gnu tools arm embedded/4.9 2015q3/bin/../lib/gcc/arm-none-eabi/4.9.3/../../../../arm-none-eabi/lib/armv7e-m/fpu\libg_nano.a(lib_a-nano-mallocr.o)
                0x000052b4                _malloc_r
 .text.__sfputc_r
                0x00005360       0x2c c:/program files (x86)/gnu tools arm embedded/4.9 2015q3/bin/../lib/gcc/arm-none-eabi/4.9.3/../../../../arm-none-eabi/lib/armv7e-m/fpu\libg_nano.a(lib_a-nano-vfprintf.o)
 .text.__sfputs_r
                0x0000538c       0x24 c:/program files (x86)/gnu tools arm embedded/4.9 2015q3/bin/../lib/gcc/arm-none-eabi/4.9.3/../../../../arm-none-eabi/lib/armv7e-m/fpu\libg_nano.a(lib_a-nano-vfprintf.o)
                0x0000538c                __sfputs_r
 .text._vfprintf_r
                0x000053b0      0x210 c:/program files (x86)/gnu tools arm embedded/4.9 2015q3/bin/../lib/gcc/arm-none-eabi/4.9.3/../../../../arm-none-eabi/lib/armv7e-m/fpu\libg_nano.a(lib_a-nano-vfprintf.o)
                0x000053b0                _vfprintf_r
                0x000053b0                _vfiprintf_r
 .text._printf_common
                0x000055c0       0xea c:/program files (x86)/gnu tools arm embedded/4.9 2015q3/bin/../lib/gcc/arm-none-eabi/4.9.3/../../../../arm-none-eabi/lib/armv7e-m/fpu\libg_nano.a(lib_a-nano-vfprintf_i.o)
                0x000055c0                _printf_common
 *fill*         0x000056aa        0x2 ff
 .text._printf_i
                0x000056ac      0x240 c:/program files (x86)/gnu tools arm embedded/4.9 2015q3/bin/../lib/gcc/arm-none-eabi/4.9.3/../../../../arm-none-eabi/lib/armv7e-m/fpu\libg_nano.a(lib_a-nano-vfprintf_i.o)
                0x000056ac                _printf_i
 .text._sbrk_r  0x000058ec       0x20 c:/program files (x86)/gnu tools arm embedded/4.9 2015q3/bin/../lib/gcc/arm-none-eabi/4.9.3/../../../../arm-none-eabi/lib/armv7e-m/fpu\libg_nano.a(lib_a-sbrkr.o)
                0x000058ec                _sbrk_r
 .text.__sread  0x0000590c       0x22 c:/program files (x86)/gnu tools arm embedded/4.9 2015q3/bin/../lib/gcc/arm-none-eabi/4.9.3/../../../../arm-none-eabi/lib/armv7e-m/fpu\libg_nano.a(lib_a-stdio.o)
                0x0000590c                __sread
 .text.__swrite
                0x0000592e       0x38 c:/program files (x86)/gnu tools arm embedded/4.9 2015q3/bin/../lib/gcc/arm-none-eabi/4.9.3/../../../../arm-none-eabi/lib/armv7e-m/fpu\libg_nano.a(lib_a-stdio.o)
                0x0000592e                __swrite
 .text.__sseek  0x00005966       0x24 c:/program files (x86)/gnu tools arm embedded/4.9 2015q3/bin/../lib/gcc/arm-none-eabi/4.9.3/../../../../arm-none-eabi/lib/armv7e-m/fpu\libg_nano.a(lib_a-stdio.o)
                0x00005966                __sseek
 .text.__sclose
                0x0000598a        0x8 c:/program files (x86)/gnu tools arm embedded/4.9 2015q3/bin/../lib/gcc/arm-none-eabi/4.9.3/../../../../arm-none-eabi/lib/armv7e-m/fpu\libg_nano.a(lib_a-stdio.o)
                0x0000598a                __sclose
 *fill*         0x00005992        0x2 ff
 .text._write_r
                0x00005994       0x24 c:/program files (x86)/gnu tools arm embedded/4.9 2015q3/bin/../lib/gcc/arm-none-eabi/4.9.3/../../../../arm-none-eabi/lib/armv7e-m/fpu\libg_nano.a(lib_a-writer.o)
                0x00005994                _write_r
 .text._close_r
                0x000059b8       0x20 c:/program files (x86)/gnu tools arm embedded/4.9 2015q3/bin/../lib/gcc/arm-none-eabi/4.9.3/../../../../arm-none-eabi/lib/armv7e-m/fpu\libg_nano.a(lib_a-closer.o)
                0x000059b8                _close_r
 .text._fstat_r
                0x000059d8       0x24 c:/program files (x86)/gnu tools arm embedded/4.9 2015q3/bin/../lib/gcc/arm-none-eabi/4.9.3/../../../../arm-none-eabi/lib/armv7e-m/fpu\libg_nano.a(lib_a-fstatr.o)
                0x000059d8                _fstat_r
 .text._isatty_r
                0x000059fc       0x20 c:/program files (x86)/gnu tools arm embedded/4.9 2015q3/bin/../lib/gcc/arm-none-eabi/4.9.3/../../../../arm-none-eabi/lib/armv7e-m/fpu\libg_nano.a(lib_a-isattyr.o)
                0x000059fc                _isatty_r
 .text._lseek_r
                0x00005a1c       0x24 c:/program files (x86)/gnu tools arm embedded/4.9 2015q3/bin/../lib/gcc/arm-none-eabi/4.9.3/../../../../arm-none-eabi/lib/armv7e-m/fpu\libg_nano.a(lib_a-lseekr.o)
                0x00005a1c                _lseek_r
 .text.memchr   0x00005a40       0x1e c:/program files (x86)/gnu tools arm embedded/4.9 2015q3/bin/../lib/gcc/arm-none-eabi/4.9.3/../../../../arm-none-eabi/lib/armv7e-m/fpu\libg_nano.a(lib_a-memchr.o)
                0x00005a40                memchr
 *fill*         0x00005a5e        0x2 ff
 .text._read_r  0x00005a60       0x24 c:/program files (x86)/gnu tools arm embedded/4.9 2015q3/bin/../lib/gcc/arm-none-eabi/4.9.3/../../../../arm-none-eabi/lib/armv7e-m/fpu\libg_nano.a(lib_a-readr.o)
                0x00005a60                _read_r
 .text.sleep    0x00005a84       0x1c c:/program files (x86)/gnu tools arm embedded/4.9 2015q3/bin/../lib/gcc/arm-none-eabi/4.9.3/../../../../arm-none-eabi/lib/armv7e-m/fpu\librdimon_nano.a(rdimon-libcfunc.o)
                0x00005a84                sleep
 .text.findslot
                0x00005aa0       0x34 c:/program files (x86)/gnu tools arm embedded/4.9 2015q3/bin/../lib/gcc/arm-none-eabi/4.9.3/../../../../arm-none-eabi/lib/armv7e-m/fpu\librdimon_nano.a(rdimon-syscalls.o)
 .text.error    0x00005ad4       0x1c c:/program files (x86)/gnu tools arm embedded/4.9 2015q3/bin/../lib/gcc/arm-none-eabi/4.9.3/../../../../arm-none-eabi/lib/armv7e-m/fpu\librdimon_nano.a(rdimon-syscalls.o)
 .text.checkerror
                0x00005af0        0xa c:/program files (x86)/gnu tools arm embedded/4.9 2015q3/bin/../lib/gcc/arm-none-eabi/4.9.3/../../../../arm-none-eabi/lib/armv7e-m/fpu\librdimon_nano.a(rdimon-syscalls.o)
 .text._swiread
                0x00005afa       0x20 c:/program files (x86)/gnu tools arm embedded/4.9 2015q3/bin/../lib/gcc/arm-none-eabi/4.9.3/../../../../arm-none-eabi/lib/armv7e-m/fpu\librdimon_nano.a(rdimon-syscalls.o)
                0x00005afa                _swiread
 .text._read    0x00005b1a       0x34 c:/program files (x86)/gnu tools arm embedded/4.9 2015q3/bin/../lib/gcc/arm-none-eabi/4.9.3/../../../../arm-none-eabi/lib/armv7e-m/fpu\librdimon_nano.a(rdimon-syscalls.o)
                0x00005b1a                _read
 .text._swilseek
                0x00005b4e       0x7a c:/program files (x86)/gnu tools arm embedded/4.9 2015q3/bin/../lib/gcc/arm-none-eabi/4.9.3/../../../../arm-none-eabi/lib/armv7e-m/fpu\librdimon_nano.a(rdimon-syscalls.o)
                0x00005b4e                _swilseek
 .text._lseek   0x00005bc8        0x4 c:/program files (x86)/gnu tools arm embedded/4.9 2015q3/bin/../lib/gcc/arm-none-eabi/4.9.3/../../../../arm-none-eabi/lib/armv7e-m/fpu\librdimon_nano.a(rdimon-syscalls.o)
                0x00005bc8                _lseek
 .text._swiclose
                0x00005bcc       0x1c c:/program files (x86)/gnu tools arm embedded/4.9 2015q3/bin/../lib/gcc/arm-none-eabi/4.9.3/../../../../arm-none-eabi/lib/armv7e-m/fpu\librdimon_nano.a(rdimon-syscalls.o)
                0x00005bcc                _swiclose
 .text._close   0x00005be8       0x48 c:/program files (x86)/gnu tools arm embedded/4.9 2015q3/bin/../lib/gcc/arm-none-eabi/4.9.3/../../../../arm-none-eabi/lib/armv7e-m/fpu\librdimon_nano.a(rdimon-syscalls.o)
                0x00005be8                _close
 .text._swistat
                0x00005c30       0x42 c:/program files (x86)/gnu tools arm embedded/4.9 2015q3/bin/../lib/gcc/arm-none-eabi/4.9.3/../../../../arm-none-eabi/lib/armv7e-m/fpu\librdimon_nano.a(rdimon-syscalls.o)
                0x00005c30                _swistat
 .text._fstat   0x00005c72       0x1c c:/program files (x86)/gnu tools arm embedded/4.9 2015q3/bin/../lib/gcc/arm-none-eabi/4.9.3/../../../../arm-none-eabi/lib/armv7e-m/fpu\librdimon_nano.a(rdimon-syscalls.o)
                0x00005c72                _fstat
 .text._clock   0x00005c8e       0x12 c:/program files (x86)/gnu tools arm embedded/4.9 2015q3/bin/../lib/gcc/arm-none-eabi/4.9.3/../../../../arm-none-eabi/lib/armv7e-m/fpu\librdimon_nano.a(rdimon-syscalls.o)
                0x00005c8e                _clock
 .text._isatty  0x00005ca0       0x38 c:/program files (x86)/gnu tools arm embedded/4.9 2015q3/bin/../lib/gcc/arm-none-eabi/4.9.3/../../../../arm-none-eabi/lib/armv7e-m/fpu\librdimon_nano.a(rdimon-syscalls.o)
                0x00005ca0                _isatty
 *(.version)
 .version       0x00005cd8       0x60 ./synergy/ssp/src/bsp/mcu/all/bsp_common.o
                0x00005cd8                g_ssp_version_build_string
                0x00005d2c                g_ssp_version_string
                0x00005d34                g_ssp_version
 *(.init)
 .init          0x00005d38        0x4 c:/program files (x86)/gnu tools arm embedded/4.9 2015q3/bin/../lib/gcc/arm-none-eabi/4.9.3/armv7e-m/fpu/crti.o
                0x00005d38                _init
 .init          0x00005d3c        0x8 c:/program files (x86)/gnu tools arm embedded/4.9 2015q3/bin/../lib/gcc/arm-none-eabi/4.9.3/armv7e-m/fpu/crtn.o
 *(.fini)
 .fini          0x00005d44        0x4 c:/program files (x86)/gnu tools arm embedded/4.9 2015q3/bin/../lib/gcc/arm-none-eabi/4.9.3/armv7e-m/fpu/crti.o
                0x00005d44                _fini
 .fini          0x00005d48        0x8 c:/program files (x86)/gnu tools arm embedded/4.9 2015q3/bin/../lib/gcc/arm-none-eabi/4.9.3/armv7e-m/fpu/crtn.o
 *crtbegin.o(.ctors)
 *crtbegin?.o(.ctors)
 *(EXCLUDE_FILE(*crtend.o *crtend?.o) .ctors)
 *(SORT(.ctors.*))
 *(.ctors)
 *crtbegin.o(.dtors)
 *crtbegin?.o(.dtors)
 *(EXCLUDE_FILE(*crtend.o *crtend?.o) .dtors)
 *(SORT(.dtors.*))
 *(.dtors)
 *(.rodata*)
 .rodata.rxi_event_list
                0x00005d50       0x14 ./synergy/ssp/src/driver/r_sci_uart/r_sci_uart.o
 .rodata.async_baud
                0x00005d64       0x4e ./synergy/ssp/src/driver/r_sci_uart/r_sci_uart.o
 *fill*         0x00005db2        0x2 ff
 .rodata.txi_event_list
                0x00005db4       0x14 ./synergy/ssp/src/driver/r_sci_uart/r_sci_uart.o
 .rodata.g_uart_on_sci
                0x00005dc8       0x1c ./synergy/ssp/src/driver/r_sci_uart/r_sci_uart.o
                0x00005dc8                g_uart_on_sci
 .rodata.rxi_event_list
                0x00005de4       0x14 ./synergy/ssp/src/driver/r_sci_spi/r_sci_spi.o
 .rodata.sync_baud
                0x00005df8       0x18 ./synergy/ssp/src/driver/r_sci_spi/r_sci_spi.o
 .rodata.g_spi_on_sci
                0x00005e10       0x18 ./synergy/ssp/src/driver/r_sci_spi/r_sci_spi.o
                0x00005e10                g_spi_on_sci
 .rodata.txi_event_list
                0x00005e28       0x14 ./synergy/ssp/src/driver/r_sci_spi/r_sci_spi.o
 .rodata.g_ioport_on_ioport
                0x00005e3c       0x38 ./synergy/ssp/src/driver/r_ioport/r_ioport.o
                0x00005e3c                g_ioport_on_ioport
 .rodata.g_elc_on_elc
                0x00005e74       0x1c ./synergy/ssp/src/driver/r_elc/r_elc.o
                0x00005e74                g_elc_on_elc
 .rodata.s_elc_version
                0x00005e90        0x4 ./synergy/ssp/src/driver/r_elc/r_elc.o
 .rodata.g_pllccr_div_value
                0x00005e94        0x6 ./synergy/ssp/src/driver/r_cgc/hw/hw_cgc.o
 *fill*         0x00005e9a        0x2 ff
 .rodata.g_pllccr_div_setting
                0x00005e9c        0x6 ./synergy/ssp/src/driver/r_cgc/hw/hw_cgc.o
 *fill*         0x00005ea2        0x2 ff
 .rodata.g_pllccr_src_setting
                0x00005ea4        0x8 ./synergy/ssp/src/driver/r_cgc/hw/hw_cgc.o
 .rodata.g_cgc_on_cgc
                0x00005eac       0x5c ./synergy/ssp/src/driver/r_cgc/r_cgc.o
                0x00005eac                g_cgc_on_cgc
 .rodata.g_cgc_version
                0x00005f08        0x4 ./synergy/ssp/src/driver/r_cgc/r_cgc.o
 .rodata.g_prcr_masks
                0x00005f0c        0x6 ./synergy/ssp/src/bsp/mcu/s7g2/bsp_register_protection.o
 *fill*         0x00005f12        0x2 ff
 .rodata.g_vbatt_pins_input
                0x00005f14        0x6 ./synergy/ssp/src/bsp/mcu/s7g2/bsp_vbatt.o
 *fill*         0x00005f1a        0x2 ff
 .rodata.g_elc_cfg
                0x00005f1c        0xc ./synergy/ssp/src/bsp/cmsis/Device/RENESAS/S7G2/Source/system_S7G2.o
 .rodata.g_spi0
                0x00005f28        0xc ./src/synergy_gen/hal_data.o
                0x00005f28                g_spi0
 .rodata.g_uart0_cfg_extend
                0x00005f34        0x8 ./src/synergy_gen/hal_data.o
                0x00005f34                g_uart0_cfg_extend
 .rodata.g_uart0
                0x00005f3c        0xc ./src/synergy_gen/hal_data.o
                0x00005f3c                g_uart0
 .rodata.g_uart0_cfg
                0x00005f48       0x20 ./src/synergy_gen/hal_data.o
                0x00005f48                g_uart0_cfg
 .rodata.g_spi0_cfg
                0x00005f68       0x24 ./src/synergy_gen/hal_data.o
                0x00005f68                g_spi0_cfg
 .rodata.g_bsp_pin_cfg
                0x00005f8c        0x8 ./src/synergy_gen/pin_data.o
                0x00005f8c                g_bsp_pin_cfg
 .rodata.g_bsp_pin_cfg_data
                0x00005f94      0x3f0 ./src/synergy_gen/pin_data.o
                0x00005f94                g_bsp_pin_cfg_data
 .rodata.str1.4
                0x00006384       0x40 ./src/hal_entry.o
                                 0x3f (size before relaxing)
 .rodata.str1.1
                0x000063c4        0x2 c:/program files (x86)/gnu tools arm embedded/4.9 2015q3/bin/../lib/gcc/arm-none-eabi/4.9.3/../../../../arm-none-eabi/lib/armv7e-m/fpu\libg_nano.a(lib_a-impure.o)
 *fill*         0x000063c6        0x2 ff
 .rodata._global_impure_ptr
                0x000063c8        0x4 c:/program files (x86)/gnu tools arm embedded/4.9 2015q3/bin/../lib/gcc/arm-none-eabi/4.9.3/../../../../arm-none-eabi/lib/armv7e-m/fpu\libg_nano.a(lib_a-impure.o)
                0x000063c8                _global_impure_ptr
 .rodata.__sf_fake_stdin
                0x000063cc       0x20 c:/program files (x86)/gnu tools arm embedded/4.9 2015q3/bin/../lib/gcc/arm-none-eabi/4.9.3/../../../../arm-none-eabi/lib/armv7e-m/fpu\libg_nano.a(lib_a-findfp.o)
                0x000063cc                __sf_fake_stdin
 .rodata.__sf_fake_stdout
                0x000063ec       0x20 c:/program files (x86)/gnu tools arm embedded/4.9 2015q3/bin/../lib/gcc/arm-none-eabi/4.9.3/../../../../arm-none-eabi/lib/armv7e-m/fpu\libg_nano.a(lib_a-findfp.o)
                0x000063ec                __sf_fake_stdout
 .rodata.__sf_fake_stderr
                0x0000640c       0x20 c:/program files (x86)/gnu tools arm embedded/4.9 2015q3/bin/../lib/gcc/arm-none-eabi/4.9.3/../../../../arm-none-eabi/lib/armv7e-m/fpu\libg_nano.a(lib_a-findfp.o)
                0x0000640c                __sf_fake_stderr
 .rodata.str1.1
                0x0000642c       0x11 c:/program files (x86)/gnu tools arm embedded/4.9 2015q3/bin/../lib/gcc/arm-none-eabi/4.9.3/../../../../arm-none-eabi/lib/armv7e-m/fpu\libg_nano.a(lib_a-nano-vfprintf.o)
 .rodata.str1.1
                0x0000643d       0x22 c:/program files (x86)/gnu tools arm embedded/4.9 2015q3/bin/../lib/gcc/arm-none-eabi/4.9.3/../../../../arm-none-eabi/lib/armv7e-m/fpu\libg_nano.a(lib_a-nano-vfprintf_i.o)
 *(.eh_frame*)
 *fill*         0x0000645f        0x1 ff
 .eh_frame      0x00006460        0x0 c:/program files (x86)/gnu tools arm embedded/4.9 2015q3/bin/../lib/gcc/arm-none-eabi/4.9.3/armv7e-m/fpu/crtbegin.o
 .eh_frame      0x00006460        0x4 c:/program files (x86)/gnu tools arm embedded/4.9 2015q3/bin/../lib/gcc/arm-none-eabi/4.9.3/armv7e-m/fpu/crtend.o
                0x00006464                __ROM_End = .

.glue_7         0x00006464        0x0
 .glue_7        0x00000000        0x0 linker stubs

.glue_7t        0x00006464        0x0
 .glue_7t       0x00000000        0x0 linker stubs

.vfp11_veneer   0x00006464        0x0
 .vfp11_veneer  0x00000000        0x0 linker stubs

.v4_bx          0x00006464        0x0
 .v4_bx         0x00000000        0x0 linker stubs

.iplt           0x00006464        0x0
 .iplt          0x00000000        0x0 c:/program files (x86)/gnu tools arm embedded/4.9 2015q3/bin/../lib/gcc/arm-none-eabi/4.9.3/armv7e-m/fpu/crtbegin.o

.rel.dyn        0x00006464        0x0
 .rel.iplt      0x00000000        0x0 c:/program files (x86)/gnu tools arm embedded/4.9 2015q3/bin/../lib/gcc/arm-none-eabi/4.9.3/armv7e-m/fpu/crtbegin.o

.ARM.extab
 *(.ARM.extab* .gnu.linkonce.armextab.*)
                0x00006464                __exidx_start = .

.ARM.exidx
 *(.ARM.exidx* .gnu.linkonce.armexidx.*)
                0x00006464                __exidx_end = .
                0x00006464                __etext = .

.data           0x1ffe0000       0x70 load address 0x00006464
                0x1ffe0000                __data_start__ = .
 *(vtable)
 *(.data.*)
 .data.impure_data
                0x1ffe0000       0x60 c:/program files (x86)/gnu tools arm embedded/4.9 2015q3/bin/../lib/gcc/arm-none-eabi/4.9.3/../../../../arm-none-eabi/lib/armv7e-m/fpu\libg_nano.a(lib_a-impure.o)
 .data._impure_ptr
                0x1ffe0060        0x4 c:/program files (x86)/gnu tools arm embedded/4.9 2015q3/bin/../lib/gcc/arm-none-eabi/4.9.3/../../../../arm-none-eabi/lib/armv7e-m/fpu\libg_nano.a(lib_a-impure.o)
                0x1ffe0060                _impure_ptr
                0x1ffe0064                . = ALIGN (0x4)
                0x1ffe0064                PROVIDE (__preinit_array_start, .)
 *(.preinit_array)
                0x1ffe0064                PROVIDE (__preinit_array_end, .)
                0x1ffe0064                . = ALIGN (0x4)
                0x1ffe0064                PROVIDE (__init_array_start, .)
 *(SORT(.init_array.*))
 *(.init_array)
 .init_array    0x1ffe0064        0x4 c:/program files (x86)/gnu tools arm embedded/4.9 2015q3/bin/../lib/gcc/arm-none-eabi/4.9.3/armv7e-m/fpu/crtbegin.o
                0x1ffe0068                PROVIDE (__init_array_end, .)
                0x1ffe0068                . = ALIGN (0x4)
                0x1ffe0068                PROVIDE (__fini_array_start, .)
 *(SORT(.fini_array.*))
 *(.fini_array)
 .fini_array    0x1ffe0068        0x4 c:/program files (x86)/gnu tools arm embedded/4.9 2015q3/bin/../lib/gcc/arm-none-eabi/4.9.3/armv7e-m/fpu/crtbegin.o
                0x1ffe006c                PROVIDE (__fini_array_end, .)
 *(.jcr*)
 .jcr           0x1ffe006c        0x0 c:/program files (x86)/gnu tools arm embedded/4.9 2015q3/bin/../lib/gcc/arm-none-eabi/4.9.3/armv7e-m/fpu/crtbegin.o
 .jcr           0x1ffe006c        0x4 c:/program files (x86)/gnu tools arm embedded/4.9 2015q3/bin/../lib/gcc/arm-none-eabi/4.9.3/armv7e-m/fpu/crtend.o
                0x1ffe0070                . = ALIGN (0x4)
                0x1ffe0070                __Code_In_RAM_Start = .
 *(.code_in_ram*)
                0x1ffe0070                __Code_In_RAM_End = .
                0x1ffe0070                __data_end__ = .

.igot.plt       0x1ffe0070        0x0 load address 0x000064d4
 .igot.plt      0x00000000        0x0 c:/program files (x86)/gnu tools arm embedded/4.9 2015q3/bin/../lib/gcc/arm-none-eabi/4.9.3/armv7e-m/fpu/crtbegin.o

.qspi_flash     0x60000000        0x0
                0x60000000                __qspi_flash_start__ = .
 *(.qspi_flash*)
                0x60000000                __qspi_flash_end__ = .
                0x00000000                __qspi_flash_code_size__ = (__qspi_flash_end__ - __qspi_flash_start__)
                0x000064d4                __qspi_flash_code_addr__ = (__etext + (__data_end__ - __data_start__))

.qspi_non_retentive
                0x60000000        0x0 load address 0x000064d4
                0x60000000                __qspi_non_retentive_start__ = .
 *(.qspi_non_retentive*)
                0x60000000                __qspi_non_retentive_end__ = .
                0x00000000                __qspi_non_retentive_size__ = (__qspi_non_retentive_end__ - __qspi_non_retentive_start__)
                0x04000000                __qspi_region_max_size__ = 0x4000000
                0x60000000                __qspi_region_start_address__ = __qspi_flash_start__
                0x64000000                __qspi_region_end_address__ = (__qspi_flash_start__ + __qspi_region_max_size__)

.noinit         0x1ffe0070       0x18 load address 0x000064d4
                0x1ffe0070                . = ALIGN (0x4)
                0x1ffe0070                __noinit_start = .
 *(.noinit*)
 .noinit        0x1ffe0070       0x18 ./synergy/ssp/src/driver/r_cgc/hw/hw_cgc.o
                0x1ffe0088                __noinit_end = .

.bss            0x1ffe0088      0x41c load address 0x000064ec
                0x1ffe0088                . = ALIGN (0x4)
                0x1ffe0088                __bss_start__ = .
 *(.bss*)
 .bss           0x1ffe0088       0x1c c:/program files (x86)/gnu tools arm embedded/4.9 2015q3/bin/../lib/gcc/arm-none-eabi/4.9.3/armv7e-m/fpu/crtbegin.o
 .bss.g_sspi_handles
                0x1ffe00a4       0xc8 ./synergy/ssp/src/driver/r_sci_spi/r_sci_spi.o
 .bss.g_sspi_tcb
                0x1ffe016c       0xf0 ./synergy/ssp/src/driver/r_sci_spi/r_sci_spi.o
 .bss.g_protect_pfswe_counter
                0x1ffe025c        0x2 ./synergy/ssp/src/driver/r_ioport/hw/hw_ioport.o
 *fill*         0x1ffe025e        0x2 
 .bss.g_bsp_group_irq_sources
                0x1ffe0260       0x30 ./synergy/ssp/src/bsp/mcu/s7g2/bsp_group_irq.o
 .bss.g_bsp_locks
                0x1ffe0290       0x78 ./synergy/ssp/src/bsp/mcu/s7g2/bsp_locking.o
 .bss.g_protect_counters
                0x1ffe0308        0x6 ./synergy/ssp/src/bsp/mcu/s7g2/bsp_register_protection.o
 *fill*         0x1ffe030e        0x2 
 .bss.current_heap_end.21611
                0x1ffe0310        0x4 ./synergy/ssp/src/bsp/mcu/all/bsp_sbrk.o
 .bss.device_characteristics
                0x1ffe0314        0x3 ./synergy/ssp/src/bsp/board/s7g2_sk/bsp_qspi.o
 *fill*         0x1ffe0317        0x1 
 .bss.flag_status1
                0x1ffe0318        0x1 ./synergy/ssp/src/bsp/board/s7g2_sk/bsp_qspi.o
 *fill*         0x1ffe0319        0x3 
 .bss.flag_status2
                0x1ffe031c        0x1 ./synergy/ssp/src/bsp/board/s7g2_sk/bsp_qspi.o
 .bss.transmitComplete
                0x1ffe031d        0x1 ./src/hal_entry.o
                0x1ffe031d                transmitComplete
 .bss.transmitCompleteS
                0x1ffe031e        0x1 ./src/hal_entry.o
                0x1ffe031e                transmitCompleteS
 *fill*         0x1ffe031f        0x1 
 .bss.__malloc_sbrk_start
                0x1ffe0320        0x4 c:/program files (x86)/gnu tools arm embedded/4.9 2015q3/bin/../lib/gcc/arm-none-eabi/4.9.3/../../../../arm-none-eabi/lib/armv7e-m/fpu\libg_nano.a(lib_a-nano-mallocr.o)
                0x1ffe0320                __malloc_sbrk_start
 .bss.__malloc_free_list
                0x1ffe0324        0x4 c:/program files (x86)/gnu tools arm embedded/4.9 2015q3/bin/../lib/gcc/arm-none-eabi/4.9.3/../../../../arm-none-eabi/lib/armv7e-m/fpu\libg_nano.a(lib_a-nano-mallocr.o)
                0x1ffe0324                __malloc_free_list
 .bss.openfiles
                0x1ffe0328       0xa0 c:/program files (x86)/gnu tools arm embedded/4.9 2015q3/bin/../lib/gcc/arm-none-eabi/4.9.3/../../../../arm-none-eabi/lib/armv7e-m/fpu\librdimon_nano.a(rdimon-syscalls.o)
 *(COMMON)
 COMMON         0x1ffe03c8       0xa0 ./synergy/ssp/src/driver/r_sci_common/r_sci_common.o
                0x1ffe03c8                g_sci_ctrl_blk
 COMMON         0x1ffe0468        0x4 ./synergy/ssp/src/bsp/cmsis/Device/RENESAS/S7G2/Source/system_S7G2.o
                0x1ffe0468                SystemCoreClock
 COMMON         0x1ffe046c       0x34 ./src/synergy_gen/hal_data.o
                0x1ffe046c                g_spi0_ctrl
                0x1ffe0480                g_uart0_ctrl
 COMMON         0x1ffe04a0        0x4 c:/program files (x86)/gnu tools arm embedded/4.9 2015q3/bin/../lib/gcc/arm-none-eabi/4.9.3/../../../../arm-none-eabi/lib/armv7e-m/fpu\libg_nano.a(lib_a-reent.o)
                0x1ffe04a0                errno
                0x1ffe04a4                . = ALIGN (0x4)
                0x1ffe04a4                __bss_end__ = .

.heap           0x1ffe04a8     0x1000 load address 0x00006910
                0x1ffe04a8                . = ALIGN (0x8)
                0x1ffe04a8                __HeapBase = .
                0x1ffe04a8                __end__ = .
                0x1ffe04a8                end = __end__
 *(.heap*)
 .heap          0x1ffe04a8     0x1000 ./synergy/ssp/src/bsp/cmsis/Device/RENESAS/S7G2/Source/startup_S7G2.o
                0x1ffe14a8                __HeapLimit = .

.stack_dummy    0x1ffe14a8     0x1000 load address 0x00007910
                0x1ffe14a8                . = ALIGN (0x8)
                0x1ffe14a8                __StackLimit = .
 *(.stack*)
 .stack         0x1ffe14a8     0x1000 ./synergy/ssp/src/bsp/cmsis/Device/RENESAS/S7G2/Source/startup_S7G2.o
                0x1ffe24a8                __StackTop = .
                0x1ffe24a8                PROVIDE (__stack, __StackTop)
                0x1ffe24a8                __RAM_segment_used_end__ = ALIGN (__StackTop, 0x4)

.data_flash     0x40100000        0x0
                0x40100000                __Data_Flash_Start = .
 *(.data_flash*)
                0x40100000                __Data_Flash_End = .

.sdram          0x90000000        0x0
                0x90000000                __SDRAM_Start = .
 *(.sdram*)
 *(.frame*)
                0x90000000                __SDRAM_End = .
OUTPUT(TestingSPI.elf elf32-littlearm)

.ARM.attributes
                0x00000000       0x30
 .ARM.attributes
                0x00000000       0x22 c:/program files (x86)/gnu tools arm embedded/4.9 2015q3/bin/../lib/gcc/arm-none-eabi/4.9.3/armv7e-m/fpu/crti.o
 .ARM.attributes
                0x00000022       0x34 c:/program files (x86)/gnu tools arm embedded/4.9 2015q3/bin/../lib/gcc/arm-none-eabi/4.9.3/armv7e-m/fpu/crtbegin.o
 .ARM.attributes
                0x00000056       0x39 ./synergy/ssp/src/driver/r_sci_uart/r_sci_uart.o
 .ARM.attributes
                0x0000008f       0x39 ./synergy/ssp/src/driver/r_sci_spi/r_sci_spi.o
 .ARM.attributes
                0x000000c8       0x39 ./synergy/ssp/src/driver/r_sci_common/r_sci_common.o
 .ARM.attributes
                0x00000101       0x39 ./synergy/ssp/src/driver/r_ioport/hw/hw_ioport.o
 .ARM.attributes
                0x0000013a       0x39 ./synergy/ssp/src/driver/r_ioport/r_ioport.o
 .ARM.attributes
                0x00000173       0x39 ./synergy/ssp/src/driver/r_elc/r_elc.o
 .ARM.attributes
                0x000001ac       0x39 ./synergy/ssp/src/driver/r_cgc/hw/hw_cgc.o
 .ARM.attributes
                0x000001e5       0x39 ./synergy/ssp/src/driver/r_cgc/r_cgc.o
 .ARM.attributes
                0x0000021e       0x39 ./synergy/ssp/src/bsp/mcu/s7g2/bsp_clocks.o
 .ARM.attributes
                0x00000257       0x39 ./synergy/ssp/src/bsp/mcu/s7g2/bsp_group_irq.o
 .ARM.attributes
                0x00000290       0x39 ./synergy/ssp/src/bsp/mcu/s7g2/bsp_irq.o
 .ARM.attributes
                0x000002c9       0x39 ./synergy/ssp/src/bsp/mcu/s7g2/bsp_locking.o
 .ARM.attributes
                0x00000302       0x39 ./synergy/ssp/src/bsp/mcu/s7g2/bsp_register_protection.o
 .ARM.attributes
                0x0000033b       0x39 ./synergy/ssp/src/bsp/mcu/s7g2/bsp_rom_registers.o
 .ARM.attributes
                0x00000374       0x39 ./synergy/ssp/src/bsp/mcu/s7g2/bsp_vbatt.o
 .ARM.attributes
                0x000003ad       0x39 ./synergy/ssp/src/bsp/mcu/all/bsp_common.o
 .ARM.attributes
                0x000003e6       0x39 ./synergy/ssp/src/bsp/mcu/all/bsp_delay.o
 .ARM.attributes
                0x0000041f       0x39 ./synergy/ssp/src/bsp/mcu/all/bsp_sbrk.o
 .ARM.attributes
                0x00000458       0x39 ./synergy/ssp/src/bsp/cmsis/Device/RENESAS/S7G2/Source/startup_S7G2.o
 .ARM.attributes
                0x00000491       0x39 ./synergy/ssp/src/bsp/cmsis/Device/RENESAS/S7G2/Source/system_S7G2.o
 .ARM.attributes
                0x000004ca       0x39 ./synergy/ssp/src/bsp/board/s7g2_sk/bsp_init.o
 .ARM.attributes
                0x00000503       0x39 ./synergy/ssp/src/bsp/board/s7g2_sk/bsp_qspi.o
 .ARM.attributes
                0x0000053c       0x39 ./src/synergy_gen/hal_data.o
 .ARM.attributes
                0x00000575       0x39 ./src/synergy_gen/main.o
 .ARM.attributes
                0x000005ae       0x39 ./src/synergy_gen/pin_data.o
 .ARM.attributes
                0x000005e7       0x39 ./src/hal_entry.o
 .ARM.attributes
                0x00000620       0x34 c:/program files (x86)/gnu tools arm embedded/4.9 2015q3/bin/../lib/gcc/arm-none-eabi/4.9.3/../../../../arm-none-eabi/lib/armv7e-m/fpu\libg_nano.a(lib_a-errno.o)
 .ARM.attributes
                0x00000654       0x34 c:/program files (x86)/gnu tools arm embedded/4.9 2015q3/bin/../lib/gcc/arm-none-eabi/4.9.3/../../../../arm-none-eabi/lib/armv7e-m/fpu\libg_nano.a(lib_a-impure.o)
 .ARM.attributes
                0x00000688       0x34 c:/program files (x86)/gnu tools arm embedded/4.9 2015q3/bin/../lib/gcc/arm-none-eabi/4.9.3/../../../../arm-none-eabi/lib/armv7e-m/fpu\libg_nano.a(lib_a-memset.o)
 .ARM.attributes
                0x000006bc       0x34 c:/program files (x86)/gnu tools arm embedded/4.9 2015q3/bin/../lib/gcc/arm-none-eabi/4.9.3/../../../../arm-none-eabi/lib/armv7e-m/fpu\libg_nano.a(lib_a-printf.o)
 .ARM.attributes
                0x000006f0       0x34 c:/program files (x86)/gnu tools arm embedded/4.9 2015q3/bin/../lib/gcc/arm-none-eabi/4.9.3/../../../../arm-none-eabi/lib/armv7e-m/fpu\libg_nano.a(lib_a-puts.o)
 .ARM.attributes
                0x00000724       0x34 c:/program files (x86)/gnu tools arm embedded/4.9 2015q3/bin/../lib/gcc/arm-none-eabi/4.9.3/../../../../arm-none-eabi/lib/armv7e-m/fpu\libg_nano.a(lib_a-wbuf.o)
 .ARM.attributes
                0x00000758       0x34 c:/program files (x86)/gnu tools arm embedded/4.9 2015q3/bin/../lib/gcc/arm-none-eabi/4.9.3/../../../../arm-none-eabi/lib/armv7e-m/fpu\libg_nano.a(lib_a-wsetup.o)
 .ARM.attributes
                0x0000078c       0x34 c:/program files (x86)/gnu tools arm embedded/4.9 2015q3/bin/../lib/gcc/arm-none-eabi/4.9.3/../../../../arm-none-eabi/lib/armv7e-m/fpu\libg_nano.a(lib_a-fflush.o)
 .ARM.attributes
                0x000007c0       0x34 c:/program files (x86)/gnu tools arm embedded/4.9 2015q3/bin/../lib/gcc/arm-none-eabi/4.9.3/../../../../arm-none-eabi/lib/armv7e-m/fpu\libg_nano.a(lib_a-findfp.o)
 .ARM.attributes
                0x000007f4       0x34 c:/program files (x86)/gnu tools arm embedded/4.9 2015q3/bin/../lib/gcc/arm-none-eabi/4.9.3/../../../../arm-none-eabi/lib/armv7e-m/fpu\libg_nano.a(lib_a-fwalk.o)
 .ARM.attributes
                0x00000828       0x34 c:/program files (x86)/gnu tools arm embedded/4.9 2015q3/bin/../lib/gcc/arm-none-eabi/4.9.3/../../../../arm-none-eabi/lib/armv7e-m/fpu\libg_nano.a(lib_a-makebuf.o)
 .ARM.attributes
                0x0000085c       0x34 c:/program files (x86)/gnu tools arm embedded/4.9 2015q3/bin/../lib/gcc/arm-none-eabi/4.9.3/../../../../arm-none-eabi/lib/armv7e-m/fpu\libg_nano.a(lib_a-nano-freer.o)
 .ARM.attributes
                0x00000890       0x34 c:/program files (x86)/gnu tools arm embedded/4.9 2015q3/bin/../lib/gcc/arm-none-eabi/4.9.3/../../../../arm-none-eabi/lib/armv7e-m/fpu\libg_nano.a(lib_a-nano-mallocr.o)
 .ARM.attributes
                0x000008c4       0x34 c:/program files (x86)/gnu tools arm embedded/4.9 2015q3/bin/../lib/gcc/arm-none-eabi/4.9.3/../../../../arm-none-eabi/lib/armv7e-m/fpu\libg_nano.a(lib_a-nano-vfprintf.o)
 .ARM.attributes