11:48:16 **** Incremental Build of configuration Debug for project GUIApp ****
make -j4 all 
'Building file: ../src/guiapp_event_handlers.c'
'Invoking: Cross ARM C Compiler'
C:\Renesas\e2_studio\eclipse\../Utilities/isdebuild arm-none-eabi-gcc -mcpu=cortex-m4 -mthumb -mfloat-abi=hard -mfpu=fpv4-sp-d16 -O0 -fmessage-length=0 -fsigned-char -ffunction-sections -fdata-sections -Wunused -Wuninitialized -Wall -Wextra -Wmissing-declarations -Wconversion -Wpointer-arith -Wshadow -Wlogical-op -Waggregate-return -Wfloat-equal  -g3 -D_RENESAS_SYNERGY_ -I"C:\Users\Kirti\e2_studio\workspace\GUI_APP\GUIApp\synergy_cfg\ssp_cfg\bsp" -I"C:\Users\Kirti\e2_studio\workspace\GUI_APP\GUIApp\synergy_cfg\ssp_cfg\driver" -I"C:\Users\Kirti\e2_studio\workspace\GUI_APP\GUIApp\synergy\ssp\inc" -I"C:\Users\Kirti\e2_studio\workspace\GUI_APP\GUIApp\synergy\ssp\inc\bsp" -I"C:\Users\Kirti\e2_studio\workspace\GUI_APP\GUIApp\synergy\ssp\inc\bsp\cmsis\Include" -I"C:\Users\Kirti\e2_studio\workspace\GUI_APP\GUIApp\synergy\ssp\inc\driver\api" -I"C:\Users\Kirti\e2_studio\workspace\GUI_APP\GUIApp\synergy\ssp\inc\driver\instances" -I"C:\Users\Kirti\e2_studio\workspace\GUI_APP\GUIApp\src" -I"C:\Users\Kirti\e2_studio\workspace\GUI_APP\GUIApp\src\synergy_gen" -I"C:\Users\Kirti\e2_studio\workspace\GUI_APP\GUIApp\synergy_cfg\ssp_cfg\framework" -I"C:\Users\Kirti\e2_studio\workspace\GUI_APP\GUIApp\synergy\ssp\inc\framework\api" -I"C:\Users\Kirti\e2_studio\workspace\GUI_APP\GUIApp\synergy\ssp\inc\framework\instances" -I"C:\Users\Kirti\e2_studio\workspace\GUI_APP\GUIApp\synergy\ssp\inc\framework\tes" -I"C:\Users\Kirti\e2_studio\workspace\GUI_APP\GUIApp\synergy_cfg\ssp_cfg\framework\el" -I"C:\Users\Kirti\e2_studio\workspace\GUI_APP\GUIApp\synergy\ssp\inc\framework\el" -I"C:\Users\Kirti\e2_studio\workspace\GUI_APP\GUIApp\synergy\ssp\src\framework\el\tx" -std=c99 -MMD -MP -MF"src/guiapp_event_handlers.d" -MT"src/guiapp_event_handlers.o" -c -o "src/guiapp_event_handlers.o" -x c "../src/guiapp_event_handlers.c"
In file included from ../src/gui/guiapp_resources.h:16:0,
                 from ../src/guiapp_event_handlers.c:3:
../src/guiapp_event_handlers.c: In function 'update_text_id':
../src/guiapp_event_handlers.c:91:46: warning: conversion to 'USHORT' from 'GX_RESOURCE_ID' may alter its value [-Wconversion]
     ssp_err_t err = gx_widget_find(p_widget, id, GX_SEARCH_DEPTH_INFINITE, (GX_WIDGET**)&p_prompt);
                                              ^
C:\Users\Kirti\e2_studio\workspace\GUI_APP\GUIApp\synergy\ssp\inc\framework\el/gx_api.h:3074:99: note: in definition of macro 'gx_widget_find'
 #define gx_widget_find(a, b, c, d)                               _gxe_widget_find((GX_WIDGET *)a, b, c, (GX_WIDGET **)d)
                                                                                                   ^
'Finished building: ../src/guiapp_event_handlers.c'
' '
'Building target: GUIApp.elf'
'Invoking: Cross ARM C Linker'
arm-none-eabi-gcc @"GUIApp.elf.in"
'Finished building target: GUIApp.elf'
' '
'Invoking: Cross ARM GNU Create Flash Image'
arm-none-eabi-objcopy -O srec "GUIApp.elf"  "GUIApp.srec"
'Invoking: Cross ARM GNU Print Size'
arm-none-eabi-size --format=berkeley "GUIApp.elf"
'Finished building: GUIApp.srec'
   text	   data	    bss	    dec	    hex	filename
 326956	   1680	 475316	 803952	  c4470	GUIApp.elf
'Finished building: GUIApp.siz'
' '
' '

11:48:33 Build Finished. 0 errors, 2 warnings. (took 17s.810ms)

