Archive member included because of file (symbol)

C:\Users\Kirti\e2_studio\workspace\ThreadUART\synergy\ssp\src\framework\el\tx\cm4_gcc\libtx.a(txe_event_flags_create.o)
                              ./synergy/ssp/src/framework/sf_uart_comms/sf_uart_comms.o (_txe_event_flags_create)
C:\Users\Kirti\e2_studio\workspace\ThreadUART\synergy\ssp\src\framework\el\tx\cm4_gcc\libtx.a(txe_event_flags_delete.o)
                              ./synergy/ssp/src/framework/sf_uart_comms/sf_uart_comms.o (_txe_event_flags_delete)
C:\Users\Kirti\e2_studio\workspace\ThreadUART\synergy\ssp\src\framework\el\tx\cm4_gcc\libtx.a(txe_event_flags_get.o)
                              ./synergy/ssp/src/framework/sf_uart_comms/sf_uart_comms.o (_txe_event_flags_get)
C:\Users\Kirti\e2_studio\workspace\ThreadUART\synergy\ssp\src\framework\el\tx\cm4_gcc\libtx.a(txe_event_flags_set.o)
                              ./synergy/ssp/src/framework/sf_uart_comms/sf_uart_comms.o (_txe_event_flags_set)
C:\Users\Kirti\e2_studio\workspace\ThreadUART\synergy\ssp\src\framework\el\tx\cm4_gcc\libtx.a(txe_mutex_create.o)
                              ./synergy/ssp/src/framework/sf_uart_comms/sf_uart_comms.o (_txe_mutex_create)
C:\Users\Kirti\e2_studio\workspace\ThreadUART\synergy\ssp\src\framework\el\tx\cm4_gcc\libtx.a(txe_mutex_delete.o)
                              ./synergy/ssp/src/framework/sf_uart_comms/sf_uart_comms.o (_txe_mutex_delete)
C:\Users\Kirti\e2_studio\workspace\ThreadUART\synergy\ssp\src\framework\el\tx\cm4_gcc\libtx.a(txe_mutex_get.o)
                              ./synergy/ssp/src/framework/sf_uart_comms/sf_uart_comms.o (_txe_mutex_get)
C:\Users\Kirti\e2_studio\workspace\ThreadUART\synergy\ssp\src\framework\el\tx\cm4_gcc\libtx.a(txe_mutex_put.o)
                              ./synergy/ssp/src/framework/sf_uart_comms/sf_uart_comms.o (_txe_mutex_put)
C:\Users\Kirti\e2_studio\workspace\ThreadUART\synergy\ssp\src\framework\el\tx\cm4_gcc\libtx.a(txe_queue_create.o)
                              ./synergy/ssp/src/framework/sf_uart_comms/sf_uart_comms.o (_txe_queue_create)
C:\Users\Kirti\e2_studio\workspace\ThreadUART\synergy\ssp\src\framework\el\tx\cm4_gcc\libtx.a(txe_queue_receive.o)
                              ./synergy/ssp/src/framework/sf_uart_comms/sf_uart_comms.o (_txe_queue_receive)
C:\Users\Kirti\e2_studio\workspace\ThreadUART\synergy\ssp\src\framework\el\tx\cm4_gcc\libtx.a(txe_queue_send.o)
                              ./synergy/ssp/src/framework/sf_uart_comms/sf_uart_comms.o (_txe_queue_send)
C:\Users\Kirti\e2_studio\workspace\ThreadUART\synergy\ssp\src\framework\el\tx\cm4_gcc\libtx.a(txe_thread_create.o)
                              ./src/synergy_gen/blinky_thread.o (_txe_thread_create)
C:\Users\Kirti\e2_studio\workspace\ThreadUART\synergy\ssp\src\framework\el\tx\cm4_gcc\libtx.a(tx_event_flags_create.o)
                              C:\Users\Kirti\e2_studio\workspace\ThreadUART\synergy\ssp\src\framework\el\tx\cm4_gcc\libtx.a(txe_event_flags_create.o) (_tx_event_flags_create)
C:\Users\Kirti\e2_studio\workspace\ThreadUART\synergy\ssp\src\framework\el\tx\cm4_gcc\libtx.a(tx_event_flags_delete.o)
                              C:\Users\Kirti\e2_studio\workspace\ThreadUART\synergy\ssp\src\framework\el\tx\cm4_gcc\libtx.a(txe_event_flags_delete.o) (_tx_event_flags_delete)
C:\Users\Kirti\e2_studio\workspace\ThreadUART\synergy\ssp\src\framework\el\tx\cm4_gcc\libtx.a(tx_event_flags_get.o)
                              C:\Users\Kirti\e2_studio\workspace\ThreadUART\synergy\ssp\src\framework\el\tx\cm4_gcc\libtx.a(txe_event_flags_get.o) (_tx_event_flags_get)
C:\Users\Kirti\e2_studio\workspace\ThreadUART\synergy\ssp\src\framework\el\tx\cm4_gcc\libtx.a(tx_event_flags_set.o)
                              C:\Users\Kirti\e2_studio\workspace\ThreadUART\synergy\ssp\src\framework\el\tx\cm4_gcc\libtx.a(txe_event_flags_set.o) (_tx_event_flags_set)
C:\Users\Kirti\e2_studio\workspace\ThreadUART\synergy\ssp\src\framework\el\tx\cm4_gcc\libtx.a(tx_initialize_high_level.o)
                              C:\Users\Kirti\e2_studio\workspace\ThreadUART\synergy\ssp\src\framework\el\tx\cm4_gcc\libtx.a(txe_event_flags_create.o) (_tx_event_flags_created_count)
C:\Users\Kirti\e2_studio\workspace\ThreadUART\synergy\ssp\src\framework\el\tx\cm4_gcc\libtx.a(tx_initialize_kernel_enter.o)
                              ./src/synergy_gen/main.o (_tx_initialize_kernel_enter)
C:\Users\Kirti\e2_studio\workspace\ThreadUART\synergy\ssp\src\framework\el\tx\cm4_gcc\libtx.a(tx_isr_end.o)
                              ./synergy/ssp/src/driver/r_sci_common/r_sci_common.o (tx_isr_end)
C:\Users\Kirti\e2_studio\workspace\ThreadUART\synergy\ssp\src\framework\el\tx\cm4_gcc\libtx.a(tx_isr_start.o)
                              ./synergy/ssp/src/driver/r_sci_common/r_sci_common.o (tx_isr_start)
C:\Users\Kirti\e2_studio\workspace\ThreadUART\synergy\ssp\src\framework\el\tx\cm4_gcc\libtx.a(tx_mutex_create.o)
[...]
Memory Configuration

Name             Origin             Length             Attributes
FLASH            0x00000000         0x00400000         xr
RAM              0x1ffe0000         0x000a0000         xrw
DATA_FLASH       0x40100000         0x00010000         xr
QSPI_FLASH       0x60000000         0x04000000         xr
SDRAM            0x90000000         0x02000000         xrw
*default*        0x00000000         0xffffffff

Linker script and memory map

LOAD c:/program files (x86)/gnu tools arm embedded/4.9 2015q3/bin/../lib/gcc/arm-none-eabi/4.9.3/armv7e-m/fpu/crti.o
LOAD c:/program files (x86)/gnu tools arm embedded/4.9 2015q3/bin/../lib/gcc/arm-none-eabi/4.9.3/armv7e-m/fpu/crtbegin.o
LOAD c:/program files (x86)/gnu tools arm embedded/4.9 2015q3/bin/../lib/gcc/arm-none-eabi/4.9.3/../../../../arm-none-eabi/lib/armv7e-m/fpu/rdimon-crt0.o
START GROUP
LOAD ./synergy/ssp/src/framework/sf_uart_comms/sf_uart_comms.o
LOAD ./synergy/ssp/src/driver/r_sci_uart/r_sci_uart.o
LOAD ./synergy/ssp/src/driver/r_sci_common/r_sci_common.o
LOAD ./synergy/ssp/src/driver/r_ioport/hw/hw_ioport.o
LOAD ./synergy/ssp/src/driver/r_ioport/r_ioport.o
LOAD ./synergy/ssp/src/driver/r_elc/r_elc.o
LOAD ./synergy/ssp/src/driver/r_dtc/r_dtc.o
LOAD ./synergy/ssp/src/driver/r_cgc/hw/target/hw_cgc_target.o
LOAD ./synergy/ssp/src/driver/r_cgc/hw/common/hw_cgc_common.o
LOAD ./synergy/ssp/src/driver/r_cgc/hw/hw_cgc.o
LOAD ./synergy/ssp/src/driver/r_cgc/r_cgc.o
LOAD ./synergy/ssp/src/bsp/mcu/s7g2/bsp_clocks.o
LOAD ./synergy/ssp/src/bsp/mcu/s7g2/bsp_group_irq.o
LOAD ./synergy/ssp/src/bsp/mcu/s7g2/bsp_irq.o
LOAD ./synergy/ssp/src/bsp/mcu/s7g2/bsp_locking.o
LOAD ./synergy/ssp/src/bsp/mcu/s7g2/bsp_register_protection.o
LOAD ./synergy/ssp/src/bsp/mcu/s7g2/bsp_rom_registers.o
LOAD ./synergy/ssp/src/bsp/mcu/s7g2/bsp_vbatt.o
LOAD ./synergy/ssp/src/bsp/mcu/all/bsp_common.o
LOAD ./synergy/ssp/src/bsp/mcu/all/bsp_common_leds.o
LOAD ./synergy/ssp/src/bsp/mcu/all/bsp_delay.o
LOAD ./synergy/ssp/src/bsp/mcu/all/bsp_sbrk.o
LOAD ./synergy/ssp/src/bsp/cmsis/Device/RENESAS/S7G2/Source/startup_S7G2.o
LOAD ./synergy/ssp/src/bsp/cmsis/Device/RENESAS/S7G2/Source/system_S7G2.o
LOAD ./synergy/ssp/src/bsp/cmsis/Device/RENESAS/S3A7/Source/startup_S3A7.o
LOAD ./synergy/ssp/src/bsp/cmsis/Device/RENESAS/S3A7/Source/system_S3A7.o
LOAD ./synergy/ssp/src/bsp/cmsis/Device/RENESAS/S124/Source/startup_S124.o
LOAD ./synergy/ssp/src/bsp/cmsis/Device/RENESAS/S124/Source/system_S124.o
LOAD ./synergy/ssp/src/bsp/board/s7g2_sk/bsp_init.o
LOAD ./synergy/ssp/src/bsp/board/s7g2_sk/bsp_leds.o
LOAD ./synergy/ssp/src/bsp/board/s7g2_sk/bsp_qspi.o
LOAD ./src/synergy_gen/blinky_thread.o
LOAD ./src/synergy_gen/common_data.o
LOAD ./src/synergy_gen/hal_data.o
LOAD ./src/synergy_gen/main.o
LOAD ./src/synergy_gen/pin_data.o
LOAD ./src/blinky_thread_entry.o
LOAD ./src/hal_entry.o
LOAD C:\Users\Kirti\e2_studio\workspace\ThreadUART\synergy\ssp\src\framework\el\tx\cm4_gcc\libtx.a
LOAD C:\Users\Kirti\e2_studio\workspace\ThreadUART\synergy\ssp\src\bsp\cmsis\DSP_Lib\cm4_gcc\libDSP_Lib.a
END GROUP
START GROUP
LOAD c:/program files (x86)/gnu tools arm embedded/4.9 2015q3/bin/../lib/gcc/arm-none-eabi/4.9.3/armv7e-m/fpu\libgcc.a
LOAD c:/program files (x86)/gnu tools arm embedded/4.9 2015q3/bin/../lib/gcc/arm-none-eabi/4.9.3/../../../../arm-none-eabi/lib/armv7e-m/fpu\libg.a
LOAD c:/program files (x86)/gnu tools arm embedded/4.9 2015q3/bin/../lib/gcc/arm-none-eabi/4.9.3/../../../../arm-none-eabi/lib/armv7e-m/fpu\libc.a
END GROUP
START GROUP
LOAD c:/program files (x86)/gnu tools arm embedded/4.9 2015q3/bin/../lib/gcc/arm-none-eabi/4.9.3/armv7e-m/fpu\libgcc.a
LOAD c:/program files (x86)/gnu tools arm embedded/4.9 2015q3/bin/../lib/gcc/arm-none-eabi/4.9.3/../../../../arm-none-eabi/lib/armv7e-m/fpu\libc.a
LOAD c:/program files (x86)/gnu tools arm embedded/4.9 2015q3/bin/../lib/gcc/arm-none-eabi/4.9.3/../../../../arm-none-eabi/lib/armv7e-m/fpu\librdimon.a
END GROUP
LOAD c:/program files (x86)/gnu tools arm embedded/4.9 2015q3/bin/../lib/gcc/arm-none-eabi/4.9.3/armv7e-m/fpu/crtend.o
LOAD c:/program files (x86)/gnu tools arm embedded/4.9 2015q3/bin/../lib/gcc/arm-none-eabi/4.9.3/armv7e-m/fpu/crtn.o
START GROUP
LOAD c:/program files (x86)/gnu tools arm embedded/4.9 2015q3/bin/../lib/gcc/arm-none-eabi/4.9.3/armv7e-m/fpu\libgcc.a
LOAD c:/program files (x86)/gnu tools arm embedded/4.9 2015q3/bin/../lib/gcc/arm-none-eabi/4.9.3/../../../../arm-none-eabi/lib/armv7e-m/fpu\libc.a
LOAD c:/program files (x86)/gnu tools arm embedded/4.9 2015q3/bin/../lib/gcc/arm-none-eabi/4.9.3/../../../../arm-none-eabi/lib/armv7e-m/fpu\libm.a
LOAD c:/program files (x86)/gnu tools arm embedded/4.9 2015q3/bin/../lib/gcc/arm-none-eabi/4.9.3/../../../../arm-none-eabi/lib/armv7e-m/fpu\libnosys.a
END GROUP

.text           0x00000000     0x612c
                0x00000000                __ROM_Start = .
 *(.vectors)
 .vectors       0x00000000      0x1c0 ./synergy/ssp/src/bsp/cmsis/Device/RENESAS/S7G2/Source/startup_S7G2.o
                0x00000000                __Vectors
                0x000001c0                __Vectors_End = .
                0x000001c0                __Vectors_Size = (__Vectors_End - __Vectors)
                0x000001c0                __end__ = .
                0x00000400                . = (__ROM_Start + 0x400)
 *fill*         0x000001c0      0x240 ff
 *(.rom_registers*)
 .rom_registers
                0x00000400       0x3c ./synergy/ssp/src/bsp/mcu/s7g2/bsp_rom_registers.o
                0x00000500                . = (__ROM_Start + 0x500)
 *fill*         0x0000043c       0xc4 ff
 *(.text*)
 .text          0x00000500       0x5c c:/program files (x86)/gnu tools arm embedded/4.9 2015q3/bin/../lib/gcc/arm-none-eabi/4.9.3/armv7e-m/fpu/crtbegin.o
 .text.SF_UART_COMMS_VersionGet
                0x0000055c       0x10 ./synergy/ssp/src/framework/sf_uart_comms/sf_uart_comms.o
                0x0000055c                SF_UART_COMMS_VersionGet
 .text.SF_UART_COMMS_Open
                0x0000056c       0xc8 ./synergy/ssp/src/framework/sf_uart_comms/sf_uart_comms.o
                0x0000056c                SF_UART_COMMS_Open
 .text.sf_uart_comms_callback
                0x00000634       0x54 ./synergy/ssp/src/framework/sf_uart_comms/sf_uart_comms.o
 .text.SF_UART_COMMS_Close
                0x00000688       0x38 ./synergy/ssp/src/framework/sf_uart_comms/sf_uart_comms.o
                0x00000688                SF_UART_COMMS_Close
 .text.SF_UART_COMMS_Lock
                0x000006c0       0x38 ./synergy/ssp/src/framework/sf_uart_comms/sf_uart_comms.o
                0x000006c0                SF_UART_COMMS_Lock
 .text.SF_UART_COMMS_Unlock
                0x000006f8       0x30 ./synergy/ssp/src/framework/sf_uart_comms/sf_uart_comms.o
                0x000006f8                SF_UART_COMMS_Unlock
 .text.SF_UART_COMMS_Write
                0x00000728       0x88 ./synergy/ssp/src/framework/sf_uart_comms/sf_uart_comms.o
                0x00000728                SF_UART_COMMS_Write
 .text.sf_uart_comms_receive_chars
                0x000007b0       0x5c ./synergy/ssp/src/framework/sf_uart_comms/sf_uart_comms.o
 .text.SF_UART_COMMS_Read
                0x0000080c       0xfc ./synergy/ssp/src/framework/sf_uart_comms/sf_uart_comms.o
                0x0000080c                SF_UART_COMMS_Read
 .text.NVIC_EnableIRQ
                0x00000908       0x18 ./synergy/ssp/src/driver/r_sci_uart/r_sci_uart.o
 .text.NVIC_DisableIRQ
                0x00000920       0x18 ./synergy/ssp/src/driver/r_sci_uart/r_sci_uart.o
 .text.R_SCI_UartInfoGet
                0x00000938       0x60 ./synergy/ssp/src/driver/r_sci_uart/r_sci_uart.o
                0x00000938                R_SCI_UartInfoGet
 .text.R_SCI_UartVersionGet
                0x00000998       0x10 ./synergy/ssp/src/driver/r_sci_uart/r_sci_uart.o
                0x00000998                R_SCI_UartVersionGet
 .text.R_SCI_UartClose
                0x000009a8       0x50 ./synergy/ssp/src/driver/r_sci_uart/r_sci_uart.o
                0x000009a8                R_SCI_UartClose
 .text.r_sci_read_write_param_check
                0x000009f8       0x58 ./synergy/ssp/src/driver/r_sci_uart/r_sci_uart.o
 .text.R_SCI_UartRead
                0x00000a50       0x7c ./synergy/ssp/src/driver/r_sci_uart/r_sci_uart.o
                0x00000a50                R_SCI_UartRead
 .text.r_sci_uart_baud_set
                0x00000acc      0x15c ./synergy/ssp/src/driver/r_sci_uart/r_sci_uart.o
 .text.R_SCI_UartWrite
                0x00000c28       0xe4 ./synergy/ssp/src/driver/r_sci_uart/r_sci_uart.o
                0x00000c28                R_SCI_UartWrite
 .text.R_SCI_UartBaudSet
                0x00000d0c      0x138 ./synergy/ssp/src/driver/r_sci_uart/r_sci_uart.o
                0x00000d0c                R_SCI_UartBaudSet
 .text.R_SCI_UartOpen
                0x00000e44      0x6dc ./synergy/ssp/src/driver/r_sci_uart/r_sci_uart.o
                0x00000e44                R_SCI_UartOpen
 .text.r_sci_uart_txi_common
                0x00001520      0x15c ./synergy/ssp/src/driver/r_sci_uart/r_sci_uart.o
                0x00001520                r_sci_uart_txi_common
 .text.r_sci_uart_rxi_common
                0x0000167c       0xc0 ./synergy/ssp/src/driver/r_sci_uart/r_sci_uart.o
                0x0000167c                r_sci_uart_rxi_common
 .text.r_sci_uart_tei
                0x0000173c       0x70 ./synergy/ssp/src/driver/r_sci_uart/r_sci_uart.o
                0x0000173c                r_sci_uart_tei
 .text.r_sci_uart_eri_common
                0x000017ac       0x6c ./synergy/ssp/src/driver/r_sci_uart/r_sci_uart.o
                0x000017ac                r_sci_uart_eri_common
 .text.NVIC_DisableIRQ
                0x00001818       0x18 ./synergy/ssp/src/driver/r_sci_common/r_sci_common.o
 .text.r_sci_hardware_lock
                0x00001830       0x24 ./synergy/ssp/src/driver/r_sci_common/r_sci_common.o
                0x00001830                r_sci_hardware_lock
 .text.r_sci_hardware_unlock
                0x00001854       0x14 ./synergy/ssp/src/driver/r_sci_common/r_sci_common.o
                0x00001854                r_sci_hardware_unlock
 .text.r_sci_close_common
                0x00001868       0xe8 ./synergy/ssp/src/driver/r_sci_common/r_sci_common.o
                0x00001868                r_sci_close_common
 .text.r_sci_channel_param_check
                0x00001950        0xc ./synergy/ssp/src/driver/r_sci_common/r_sci_common.o
                0x00001950                r_sci_channel_param_check
 .text.sci0_txi_isr
                0x0000195c       0x40 ./synergy/ssp/src/driver/r_sci_common/r_sci_common.o
                0x0000195c                sci0_txi_isr
 .text.sci0_rxi_isr
                0x0000199c       0x54 ./synergy/ssp/src/driver/r_sci_common/r_sci_common.o
                0x0000199c                sci0_rxi_isr
 .text.sci0_eri_isr
                0x000019f0       0x4c ./synergy/ssp/src/driver/r_sci_common/r_sci_common.o
                0x000019f0                sci0_eri_isr
 .text.sci0_tei_isr
                0x00001a3c       0x40 ./synergy/ssp/src/driver/r_sci_common/r_sci_common.o
                0x00001a3c                sci0_tei_isr
 .text.HW_IOPORT_EthernetModeCfg
                0x00001a7c       0x28 ./synergy/ssp/src/driver/r_ioport/hw/hw_ioport.o
                0x00001a7c                HW_IOPORT_EthernetModeCfg
 .text.HW_IOPORT_PinWrite
                0x00001aa4       0x28 ./synergy/ssp/src/driver/r_ioport/hw/hw_ioport.o
                0x00001aa4                HW_IOPORT_PinWrite
 .text.HW_IOPORT_PortWriteWithPCNTR3
                0x00001acc       0x14 ./synergy/ssp/src/driver/r_ioport/hw/hw_ioport.o
                0x00001acc                HW_IOPORT_PortWriteWithPCNTR3
 .text.HW_IOPORT_PortEventInputDataRead
                0x00001ae0       0x14 ./synergy/ssp/src/driver/r_ioport/hw/hw_ioport.o
                0x00001ae0                HW_IOPORT_PortEventInputDataRead
 .text.HW_IOPORT_PortEventOutputDataWrite
                0x00001af4       0x14 ./synergy/ssp/src/driver/r_ioport/hw/hw_ioport.o
                0x00001af4                HW_IOPORT_PortEventOutputDataWrite
 .text.HW_IOPORT_PinRead
                0x00001b08       0x1c ./synergy/ssp/src/driver/r_ioport/hw/hw_ioport.o
                0x00001b08                HW_IOPORT_PinRead
 .text.HW_IOPORT_PortRead
                0x00001b24       0x14 ./synergy/ssp/src/driver/r_ioport/hw/hw_ioport.o
                0x00001b24                HW_IOPORT_PortRead
 .text.HW_IOPORT_PortDirectionRead
                0x00001b38       0x14 ./synergy/ssp/src/driver/r_ioport/hw/hw_ioport.o
                0x00001b38                HW_IOPORT_PortDirectionRead
 .text.HW_IOPORT_PortDirectionSet
                0x00001b4c       0x18 ./synergy/ssp/src/driver/r_ioport/hw/hw_ioport.o
                0x00001b4c                HW_IOPORT_PortDirectionSet
 .text.HW_IOPORT_Init_Reference_Counter
                0x00001b64        0xc ./synergy/ssp/src/driver/r_ioport/hw/hw_ioport.o
                0x00001b64                HW_IOPORT_Init_Reference_Counter
 .text.HW_IOPORT_PFSWrite
                0x00001b70       0x80 ./synergy/ssp/src/driver/r_ioport/hw/hw_ioport.o
                0x00001b70                HW_IOPORT_PFSWrite
 .text.HW_IOPORT_PinDirectionSet
                0x00001bf0       0x34 ./synergy/ssp/src/driver/r_ioport/hw/hw_ioport.o
                0x00001bf0                HW_IOPORT_PinDirectionSet
 .text.R_IOPORT_VersionGet
                0x00001c24       0x10 ./synergy/ssp/src/driver/r_ioport/r_ioport.o
                0x00001c24                R_IOPORT_VersionGet
 .text.R_IOPORT_Init
                0x00001c34       0x34 ./synergy/ssp/src/driver/r_ioport/r_ioport.o
                0x00001c34                R_IOPORT_Init
 .text.R_IOPORT_PinCfg
                0x00001c68       0x3c ./synergy/ssp/src/driver/r_ioport/r_ioport.o
                0x00001c68                R_IOPORT_PinCfg
 .text.R_IOPORT_PinRead
                0x00001ca4       0x24 ./synergy/ssp/src/driver/r_ioport/r_ioport.o
                0x00001ca4                R_IOPORT_PinRead
 .text.R_IOPORT_PortRead
                0x00001cc8       0x24 ./synergy/ssp/src/driver/r_ioport/r_ioport.o
                0x00001cc8                R_IOPORT_PortRead
 .text.R_IOPORT_PortWrite
                0x00001cec       0x24 ./synergy/ssp/src/driver/r_ioport/r_ioport.o
                0x00001cec                R_IOPORT_PortWrite
 .text.R_IOPORT_PinWrite
                0x00001d10       0x20 ./synergy/ssp/src/driver/r_ioport/r_ioport.o
                0x00001d10                R_IOPORT_PinWrite
 .text.R_IOPORT_PortDirectionSet
                0x00001d30       0x30 ./synergy/ssp/src/driver/r_ioport/r_ioport.o
                0x00001d30                R_IOPORT_PortDirectionSet
 .text.R_IOPORT_PinDirectionSet
                0x00001d60       0x20 ./synergy/ssp/src/driver/r_ioport/r_ioport.o
                0x00001d60                R_IOPORT_PinDirectionSet
 .text.R_IOPORT_PortEventInputRead
                0x00001d80       0x24 ./synergy/ssp/src/driver/r_ioport/r_ioport.o
                0x00001d80                R_IOPORT_PortEventInputRead
 .text.R_IOPORT_PinEventInputRead
                0x00001da4       0x3c ./synergy/ssp/src/driver/r_ioport/r_ioport.o
                0x00001da4                R_IOPORT_PinEventInputRead
 .text.R_IOPORT_PortEventOutputWrite
                0x00001de0       0x20 ./synergy/ssp/src/driver/r_ioport/r_ioport.o
                0x00001de0                R_IOPORT_PortEventOutputWrite
 .text.R_IOPORT_PinEventOutputWrite
                0x00001e00       0x34 ./synergy/ssp/src/driver/r_ioport/r_ioport.o
                0x00001e00                R_IOPORT_PinEventOutputWrite
 .text.R_IOPORT_EthernetModeCfg
                0x00001e34       0x1c ./synergy/ssp/src/driver/r_ioport/r_ioport.o
                0x00001e34                R_IOPORT_EthernetModeCfg
 .text.R_ELC_LinkSet
                0x00001e50       0x10 ./synergy/ssp/src/driver/r_elc/r_elc.o
                0x00001e50                R_ELC_LinkSet
 .text.R_ELC_LinkBreak
                0x00001e60       0x10 ./synergy/ssp/src/driver/r_elc/r_elc.o
                0x00001e60                R_ELC_LinkBreak
 .text.R_ELC_Enable
                0x00001e70       0x14 ./synergy/ssp/src/driver/r_elc/r_elc.o
                0x00001e70                R_ELC_Enable
 .text.R_ELC_Disable
                0x00001e84       0x14 ./synergy/ssp/src/driver/r_elc/r_elc.o
                0x00001e84                R_ELC_Disable
 .text.R_ELC_VersionGet
                0x00001e98       0x14 ./synergy/ssp/src/driver/r_elc/r_elc.o
                0x00001e98                R_ELC_VersionGet
 .text.R_ELC_SoftwareEventGenerate
                0x00001eac       0x2c ./synergy/ssp/src/driver/r_elc/r_elc.o
                0x00001eac                R_ELC_SoftwareEventGenerate
 .text.R_ELC_Init
                0x00001ed8       0x50 ./synergy/ssp/src/driver/r_elc/r_elc.o
                0x00001ed8                R_ELC_Init
 .text.R_DTC_Start
                0x00001f28        0x4 ./synergy/ssp/src/driver/r_dtc/r_dtc.o
                0x00001f28                R_DTC_Start
 .text.R_DTC_Stop
                0x00001f2c        0x4 ./synergy/ssp/src/driver/r_dtc/r_dtc.o
                0x00001f2c                R_DTC_Stop
 .text.R_DTC_Enable
                0x00001f30       0x64 ./synergy/ssp/src/driver/r_dtc/r_dtc.o
                0x00001f30                R_DTC_Enable
 .text.R_DTC_Disable
                0x00001f94       0x34 ./synergy/ssp/src/driver/r_dtc/r_dtc.o
                0x00001f94                R_DTC_Disable
 .text.R_DTC_InfoGet
                0x00001fc8       0x74 ./synergy/ssp/src/driver/r_dtc/r_dtc.o
                0x00001fc8                R_DTC_InfoGet
 .text.R_DTC_VersionGet
                0x0000203c       0x14 ./synergy/ssp/src/driver/r_dtc/r_dtc.o
                0x0000203c                R_DTC_VersionGet
 .text.R_DTC_Reset
                0x00002050       0xb4 ./synergy/ssp/src/driver/r_dtc/r_dtc.o
                0x00002050                R_DTC_Reset
 .text.R_DTC_Close
                0x00002104       0x4c ./synergy/ssp/src/driver/r_dtc/r_dtc.o
                0x00002104                R_DTC_Close
 .text.R_DTC_Open
                0x00002150      0x160 ./synergy/ssp/src/driver/r_dtc/r_dtc.o
                0x00002150                R_DTC_Open
 .text.HW_CGC_Init
                0x000022b0       0x34 ./synergy/ssp/src/driver/r_cgc/hw/hw_cgc.o
                0x000022b0                HW_CGC_Init
 .text.HW_CGC_InitPLLFreq
                0x000022e4       0x74 ./synergy/ssp/src/driver/r_cgc/hw/hw_cgc.o
                0x000022e4                HW_CGC_InitPLLFreq
 .text.HW_CGC_MainClockDriveSet
                0x00002358       0x40 ./synergy/ssp/src/driver/r_cgc/hw/hw_cgc.o
                0x00002358                HW_CGC_MainClockDriveSet
 .text.HW_CGC_SubClockDriveSet
                0x00002398       0x40 ./synergy/ssp/src/driver/r_cgc/hw/hw_cgc.o
                0x00002398                HW_CGC_SubClockDriveSet
 .text.HW_CGC_ClockStart
                0x000023d8       0xa0 ./synergy/ssp/src/driver/r_cgc/hw/hw_cgc.o
                0x000023d8                HW_CGC_ClockStart
 .text.HW_CGC_ClockStop
                0x00002478       0xa0 ./synergy/ssp/src/driver/r_cgc/hw/hw_cgc.o
                0x00002478                HW_CGC_ClockStop
 .text.HW_CGC_ClockCheck
                0x00002518       0x38 ./synergy/ssp/src/driver/r_cgc/hw/hw_cgc.o
                0x00002518                HW_CGC_ClockCheck
 .text.HW_CGC_ClockRunStateGet
                0x00002550       0x78 ./synergy/ssp/src/driver/r_cgc/hw/hw_cgc.o
                0x00002550                HW_CGC_ClockRunStateGet
 .text.HW_CGC_DelayCycles
                0x000025c8       0x10 ./synergy/ssp/src/driver/r_cgc/hw/hw_cgc.o
                0x000025c8                HW_CGC_DelayCycles
 .text.HW_CGC_MainOscSourceSet
                0x000025d8       0x40 ./synergy/ssp/src/driver/r_cgc/hw/hw_cgc.o
                0x000025d8                HW_CGC_MainOscSourceSet
 .text.HW_CGC_ClockWaitSet
                0x00002618       0x40 ./synergy/ssp/src/driver/r_cgc/hw/hw_cgc.o
                0x00002618                HW_CGC_ClockWaitSet
 .text.HW_CGC_ClockSourceValidCheck
                0x00002658        0xc ./synergy/ssp/src/driver/r_cgc/hw/hw_cgc.o
                0x00002658                HW_CGC_ClockSourceValidCheck
 .text.HW_CGC_SystemClockValidCheck
                0x00002664        0xc ./synergy/ssp/src/driver/r_cgc/hw/hw_cgc.o
                0x00002664                HW_CGC_SystemClockValidCheck
 .text.HW_CGC_ClockSourceGet
                0x00002670       0x10 ./synergy/ssp/src/driver/r_cgc/hw/hw_cgc.o
                0x00002670                HW_CGC_ClockSourceGet
 .text.HW_CGC_ClockSourceSet
                0x00002680       0x40 ./synergy/ssp/src/driver/r_cgc/hw/hw_cgc.o
                0x00002680                HW_CGC_ClockSourceSet
 .text.HW_CGC_PLLClockSourceGet
                0x000026c0       0x14 ./synergy/ssp/src/driver/r_cgc/hw/hw_cgc.o
                0x000026c0                HW_CGC_PLLClockSourceGet
 .text.HW_CGC_PLLClockSourceSet
                0x000026d4       0x48 ./synergy/ssp/src/driver/r_cgc/hw/hw_cgc.o
                0x000026d4                HW_CGC_PLLClockSourceSet
 .text.HW_CGC_PLLMultiplierSet
                0x0000271c       0x4c ./synergy/ssp/src/driver/r_cgc/hw/hw_cgc.o
                0x0000271c                HW_CGC_PLLMultiplierSet
 .text.HW_CGC_PLLDividerSet
                0x00002768       0x44 ./synergy/ssp/src/driver/r_cgc/hw/hw_cgc.o
                0x00002768                HW_CGC_PLLDividerSet
 .text.HW_CGC_SystemDividersSet
                0x000027ac       0x60 ./synergy/ssp/src/driver/r_cgc/hw/hw_cgc.o
                0x000027ac                HW_CGC_SystemDividersSet
 .text.HW_CGC_SystemDividersGet
                0x0000280c       0x40 ./synergy/ssp/src/driver/r_cgc/hw/hw_cgc.o
                0x0000280c                HW_CGC_SystemDividersGet
 .text.HW_CGC_ClockCfgValidCheck
                0x0000284c       0x3c ./synergy/ssp/src/driver/r_cgc/hw/hw_cgc.o
                0x0000284c                HW_CGC_ClockCfgValidCheck
 .text.HW_CGC_ClockDividerGet
                0x00002888       0x60 ./synergy/ssp/src/driver/r_cgc/hw/hw_cgc.o
                0x00002888                HW_CGC_ClockDividerGet
 .text.HW_CGC_ClockHzGet
                0x000028e8       0x24 ./synergy/ssp/src/driver/r_cgc/hw/hw_cgc.o
                0x000028e8                HW_CGC_ClockHzGet
 .text.HW_CGC_ClockHzCalculate
                0x0000290c       0x10 ./synergy/ssp/src/driver/r_cgc/hw/hw_cgc.o
                0x0000290c                HW_CGC_ClockHzCalculate
 .text.HW_CGC_OscStopDetectEnable
                0x0000291c       0x44 ./synergy/ssp/src/driver/r_cgc/hw/hw_cgc.o
                0x0000291c                HW_CGC_OscStopDetectEnable
 .text.HW_CGC_OscStopDetectDisable
                0x00002960       0x44 ./synergy/ssp/src/driver/r_cgc/hw/hw_cgc.o
                0x00002960                HW_CGC_OscStopDetectDisable
 .text.HW_CGC_OscStopDetectEnabledGet
                0x000029a4       0x10 ./synergy/ssp/src/driver/r_cgc/hw/hw_cgc.o
                0x000029a4                HW_CGC_OscStopDetectEnabledGet
 .text.HW_CGC_OscStopDetectGet
                0x000029b4       0x10 ./synergy/ssp/src/driver/r_cgc/hw/hw_cgc.o
                0x000029b4                HW_CGC_OscStopDetectGet
 .text.HW_CGC_OscStopStatusClear
                0x000029c4       0x4c ./synergy/ssp/src/driver/r_cgc/hw/hw_cgc.o
                0x000029c4                HW_CGC_OscStopStatusClear
 .text.HW_CGC_BusClockOutCfg
                0x00002a10       0x40 ./synergy/ssp/src/driver/r_cgc/hw/hw_cgc.o
                0x00002a10                HW_CGC_BusClockOutCfg
 .text.HW_CGC_BusClockOutEnable
                0x00002a50       0x38 ./synergy/ssp/src/driver/r_cgc/hw/hw_cgc.o
                0x00002a50                HW_CGC_BusClockOutEnable
 .text.HW_CGC_BusClockOutDisable
                0x00002a88       0x38 ./synergy/ssp/src/driver/r_cgc/hw/hw_cgc.o
                0x00002a88                HW_CGC_BusClockOutDisable
 .text.HW_CGC_ClockOutCfg
                0x00002ac0       0x60 ./synergy/ssp/src/driver/r_cgc/hw/hw_cgc.o
                0x00002ac0                HW_CGC_ClockOutCfg
 .text.HW_CGC_ClockOutEnable
                0x00002b20       0x38 ./synergy/ssp/src/driver/r_cgc/hw/hw_cgc.o
                0x00002b20                HW_CGC_ClockOutEnable
 .text.HW_CGC_ClockOutDisable
                0x00002b58       0x38 ./synergy/ssp/src/driver/r_cgc/hw/hw_cgc.o
                0x00002b58                HW_CGC_ClockOutDisable
 .text.HW_CGC_SDRAMClockOutEnable
                0x00002b90       0x38 ./synergy/ssp/src/driver/r_cgc/hw/hw_cgc.o
                0x00002b90                HW_CGC_SDRAMClockOutEnable
 .text.HW_CGC_SDRAMClockOutDisable
                0x00002bc8       0x38 ./synergy/ssp/src/driver/r_cgc/hw/hw_cgc.o
                0x00002bc8                HW_CGC_SDRAMClockOutDisable
 .text.HW_CGC_USBClockCfg
                0x00002c00       0x40 ./synergy/ssp/src/driver/r_cgc/hw/hw_cgc.o
                0x00002c00                HW_CGC_USBClockCfg
 .text.HW_CGC_SystickUpdate
                0x00002c40       0x44 ./synergy/ssp/src/driver/r_cgc/hw/hw_cgc.o
                0x00002c40                HW_CGC_SystickUpdate
 .text.HW_CGC_SRAM_RAMWaitSet
                0x00002c84       0x38 ./synergy/ssp/src/driver/r_cgc/hw/hw_cgc.o
                0x00002c84                HW_CGC_SRAM_RAMWaitSet
 .text.HW_CGC_SRAM_HSRAMWaitSet
                0x00002cbc       0x2c ./synergy/ssp/src/driver/r_cgc/hw/hw_cgc.o
                0x00002cbc                HW_CGC_SRAM_HSRAMWaitSet
 .text.HW_CGC_ROMWaitSet
                0x00002ce8       0x1c ./synergy/ssp/src/driver/r_cgc/hw/hw_cgc.o
                0x00002ce8                HW_CGC_ROMWaitSet
 .text.HW_CGC_ROMWaitGet
                0x00002d04       0x10 ./synergy/ssp/src/driver/r_cgc/hw/hw_cgc.o
                0x00002d04                HW_CGC_ROMWaitGet
 .text.R_CGC_LCDClockCfg
                0x00002d14        0x4 ./synergy/ssp/src/driver/r_cgc/r_cgc.o
                0x00002d14                R_CGC_LCDClockCfg
 .text.R_CGC_LCDClockEnable
                0x00002d18        0x4 ./synergy/ssp/src/driver/r_cgc/r_cgc.o
                0x00002d18                R_CGC_LCDClockEnable
 .text.R_CGC_LCDClockDisable
                0x00002d1c        0x4 ./synergy/ssp/src/driver/r_cgc/r_cgc.o
                0x00002d1c                R_CGC_LCDClockDisable
 .text.R_CGC_VersionGet
                0x00002d20       0x10 ./synergy/ssp/src/driver/r_cgc/r_cgc.o
                0x00002d20                R_CGC_VersionGet
 .text.R_CGC_SystemClockGet
                0x00002d30       0x18 ./synergy/ssp/src/driver/r_cgc/r_cgc.o
                0x00002d30                R_CGC_SystemClockGet
 .text.R_CGC_SystemClockFreqGet
                0x00002d48       0x24 ./synergy/ssp/src/driver/r_cgc/r_cgc.o
                0x00002d48                R_CGC_SystemClockFreqGet
 .text.R_CGC_OscStopStatusClear
                0x00002d6c       0x2c ./synergy/ssp/src/driver/r_cgc/r_cgc.o
                0x00002d6c                R_CGC_OscStopStatusClear
 .text.R_CGC_BusClockOutCfg
                0x00002d98        0xc ./synergy/ssp/src/driver/r_cgc/r_cgc.o
                0x00002d98                R_CGC_BusClockOutCfg
 .text.R_CGC_BusClockOutEnable
                0x00002da4        0xc ./synergy/ssp/src/driver/r_cgc/r_cgc.o
                0x00002da4                R_CGC_BusClockOutEnable
 .text.R_CGC_BusClockOutDisable
                0x00002db0        0xc ./synergy/ssp/src/driver/r_cgc/r_cgc.o
                0x00002db0                R_CGC_BusClockOutDisable
 .text.R_CGC_ClockOutCfg
                0x00002dbc        0xc ./synergy/ssp/src/driver/r_cgc/r_cgc.o
                0x00002dbc                R_CGC_ClockOutCfg
 .text.R_CGC_ClockOutEnable
                0x00002dc8        0xc ./synergy/ssp/src/driver/r_cgc/r_cgc.o
                0x00002dc8                R_CGC_ClockOutEnable
 .text.R_CGC_ClockOutDisable
                0x00002dd4        0xc ./synergy/ssp/src/driver/r_cgc/r_cgc.o
                0x00002dd4                R_CGC_ClockOutDisable
 .text.R_CGC_SDRAMClockOutEnable
                0x00002de0        0xc ./synergy/ssp/src/driver/r_cgc/r_cgc.o
                0x00002de0                R_CGC_SDRAMClockOutEnable
 .text.R_CGC_SDRAMClockOutDisable
                0x00002dec        0xc ./synergy/ssp/src/driver/r_cgc/r_cgc.o
                0x00002dec                R_CGC_SDRAMClockOutDisable
 .text.R_CGC_USBClockCfg
                0x00002df8        0xc ./synergy/ssp/src/driver/r_cgc/r_cgc.o
                0x00002df8                R_CGC_USBClockCfg
 .text.R_CGC_Init
                0x00002e04       0x50 ./synergy/ssp/src/driver/r_cgc/r_cgc.o
                0x00002e04                R_CGC_Init
 .text.R_CGC_ClockCheck
                0x00002e54       0x60 ./synergy/ssp/src/driver/r_cgc/r_cgc.o
                0x00002e54                R_CGC_ClockCheck
 .text.R_CGC_ClockStart
                0x00002eb4      0x104 ./synergy/ssp/src/driver/r_cgc/r_cgc.o
                0x00002eb4                R_CGC_ClockStart
 .text.R_CGC_ClockStop
                0x00002fb8       0xac ./synergy/ssp/src/driver/r_cgc/r_cgc.o
                0x00002fb8                R_CGC_ClockStop
 .text.R_CGC_OscStopDetect
                0x00003064       0x40 ./synergy/ssp/src/driver/r_cgc/r_cgc.o
                0x00003064                R_CGC_OscStopDetect
 .text.R_CGC_SystickUpdate.part.5
                0x000030a4       0x44 ./synergy/ssp/src/driver/r_cgc/r_cgc.o
 .text.R_CGC_SystickUpdate
                0x000030e8        0xc ./synergy/ssp/src/driver/r_cgc/r_cgc.o
                0x000030e8                R_CGC_SystickUpdate
 .text.R_CGC_SystemClockSet
                0x000030f4       0xf0 ./synergy/ssp/src/driver/r_cgc/r_cgc.o
                0x000030f4                R_CGC_SystemClockSet
 .text.bsp_clock_init
                0x000031e4       0x9c ./synergy/ssp/src/bsp/mcu/s7g2/bsp_clocks.o
                0x000031e4                bsp_clock_init
 .text.bsp_cpu_clock_get
                0x00003280       0x20 ./synergy/ssp/src/bsp/mcu/s7g2/bsp_clocks.o
                0x00003280                bsp_cpu_clock_get
 .text.bsp_group_interrupt_open
                0x000032a0       0x18 ./synergy/ssp/src/bsp/mcu/s7g2/bsp_group_irq.o
                0x000032a0                bsp_group_interrupt_open
 .text.R_BSP_GroupIrqWrite
                0x000032b8       0x10 ./synergy/ssp/src/bsp/mcu/s7g2/bsp_group_irq.o
                0x000032b8                R_BSP_GroupIrqWrite
 .text.NMI_Handler
                0x000032c8      0x1f4 ./synergy/ssp/src/bsp/mcu/s7g2/bsp_group_irq.o
                0x000032c8                NMI_Handler
 .text.R_BSP_IrqStatusClear
                0x000034bc       0x18 ./synergy/ssp/src/bsp/mcu/s7g2/bsp_irq.o
                0x000034bc                R_BSP_IrqStatusClear
 .text.bsp_irq_cfg
                0x000034d4       0x50 ./synergy/ssp/src/bsp/mcu/s7g2/bsp_irq.o
                0x000034d4                bsp_irq_cfg
 .text.R_BSP_HardwareLock
                0x00003524       0x28 ./synergy/ssp/src/bsp/mcu/s7g2/bsp_locking.o
                0x00003524                R_BSP_HardwareLock
 .text.R_BSP_HardwareUnlock
                0x0000354c        0xc ./synergy/ssp/src/bsp/mcu/s7g2/bsp_locking.o
                0x0000354c                R_BSP_HardwareUnlock
 .text.bsp_init_hardware_locks
                0x00003558       0x18 ./synergy/ssp/src/bsp/mcu/s7g2/bsp_locking.o
                0x00003558                bsp_init_hardware_locks
 .text.R_BSP_RegisterProtectEnable
                0x00003570       0x48 ./synergy/ssp/src/bsp/mcu/s7g2/bsp_register_protection.o
                0x00003570                R_BSP_RegisterProtectEnable
 .text.R_BSP_RegisterProtectDisable
                0x000035b8       0x50 ./synergy/ssp/src/bsp/mcu/s7g2/bsp_register_protection.o
                0x000035b8                R_BSP_RegisterProtectDisable
 .text.bsp_register_protect_open
                0x00003608       0x10 ./synergy/ssp/src/bsp/mcu/s7g2/bsp_register_protection.o
                0x00003608                bsp_register_protect_open
 .text.bsp_vbatt_init
                0x00003618       0x80 ./synergy/ssp/src/bsp/mcu/s7g2/bsp_vbatt.o
                0x00003618                bsp_vbatt_init
 .text.R_BSP_LedsGet
                0x00003698       0x20 ./synergy/ssp/src/bsp/mcu/all/bsp_common_leds.o
                0x00003698                R_BSP_LedsGet
 .text.software_delay_loop
                0x000036b8        0xc ./synergy/ssp/src/bsp/mcu/all/bsp_delay.o
 .text.R_BSP_SoftwareDelay
                0x000036c4       0x58 ./synergy/ssp/src/bsp/mcu/all/bsp_delay.o
                0x000036c4                R_BSP_SoftwareDelay
 .text.Default_Handler
                0x0000371c        0x4 ./synergy/ssp/src/bsp/cmsis/Device/RENESAS/S7G2/Source/startup_S7G2.o
                0x0000371c                gpt0_counter_overflow_isr
                0x0000371c                iic2_eri_isr
                0x0000371c                gpt10_counter_overflow_isr
                0x0000371c                gpt0_compare_e_isr
                0x0000371c                gpt7_counter_underflow_isr
                0x0000371c                gpt9_capture_compare_a_isr
                0x0000371c                DebugMon_Handler
                0x0000371c                ctsu_write_isr
                0x0000371c                dmac3_int_isr
                0x0000371c                sci3_txi_isr
                0x0000371c                ioport_event_4_isr
                0x0000371c                src_conversion_end_isr
                0x0000371c                sdhimmc1_accs_isr
                0x0000371c                gpt1_compare_c_isr
                0x0000371c                iic1_txi_isr
                0x0000371c                src_output_fifo_overflow_isr
                0x0000371c                gpt7_capture_compare_b_isr
                0x0000371c                sci5_eri_isr
                0x0000371c                ssi1_int_isr
                0x0000371c                elc_software_event_0_isr
                0x0000371c                gpt1_compare_d_isr
                0x0000371c                gpt5_ad_trig_b_isr
                0x0000371c                icu_irq5_isr
                0x0000371c                HardFault_Handler
                0x0000371c                eptpc_timer0_fall_isr
                0x0000371c                gpt12_counter_underflow_isr
                0x0000371c                key_int_isr
                0x0000371c                gpt4_capture_compare_a_isr
                0x0000371c                gpt11_compare_f_isr
                0x0000371c                sci9_eri_isr
                0x0000371c                gpt7_counter_overflow_isr
                0x0000371c                sci9_rxi_isr
                0x0000371c                icu_irq1_isr
                0x0000371c                sce_proc_busy_isr
                0x0000371c                gpt8_capture_compare_b_isr
                0x0000371c                gpt9_compare_e_isr
                0x0000371c                gpt6_ad_trig_b_isr
                0x0000371c                gpt0_counter_underflow_isr
                0x0000371c                sce_romok_isr
                0x0000371c                gpt2_compare_c_isr
                0x0000371c                gpt9_counter_underflow_isr
                0x0000371c                usbfs_int_isr
                0x0000371c                spi1_eri_isr
                0x0000371c                adc0_scan_end_b_isr
                0x0000371c                gpt11_counter_overflow_isr
                0x0000371c                iic2_rxi_isr
                0x0000371c                sci5_tei_isr
                0x0000371c                gpt5_compare_d_isr
                0x0000371c                poeg1_event_isr
                0x0000371c                iic1_eri_isr
                0x0000371c                icu_irq2_isr
                0x0000371c                iic0_tei_isr
                0x0000371c                adc0_compare_match_isr
                0x0000371c                sce_integrate_rdrdy_isr
                0x0000371c                spi1_txi_isr
                0x0000371c                pdc_frame_end_isr
                0x0000371c                dmac7_int_isr
                0x0000371c                gpt8_counter_overflow_isr
                0x0000371c                adc1_compare_match_isr
                0x0000371c                can1_mailbox_rx_isr
                0x0000371c                iic2_txi_isr
                0x0000371c                gpt5_capture_compare_b_isr
                0x0000371c                can1_fifo_tx_isr
                0x0000371c                adc1_compare_mismatch_isr
                0x0000371c                can1_fifo_rx_isr
                0x0000371c                sce_wrrdy_1_isr
                0x0000371c                sce_integrate_wrrdy_isr
                0x0000371c                poeg3_event_isr
                0x0000371c                gpt5_compare_c_isr
                0x0000371c                gpt6_capture_compare_a_isr
                0x0000371c                gpt2_compare_e_isr
                0x0000371c                gpt3_ad_trig_b_isr
                0x0000371c                agt1_int_isr
                0x0000371c                gpt0_capture_compare_b_isr
                0x0000371c                dmac5_int_isr
                0x0000371c                gpt12_compare_c_isr
                0x0000371c                gpt4_compare_e_isr
                0x0000371c                spi0_idle_isr
                0x0000371c                gpt9_counter_overflow_isr
                0x0000371c                gpt12_compare_d_isr
                0x0000371c                gpt1_ad_trig_a_isr
                0x0000371c                icu_irq14_isr
                0x0000371c                sci1_eri_isr
                0x0000371c                ssi0_rxi_isr
                0x0000371c                agt0_int_isr
                0x0000371c                glcdc_underflow_2_isr
                0x0000371c                sci9_am_isr
                0x0000371c                sdhimmc1_dma_req_isr
                0x0000371c                gpt7_compare_d_isr
                0x0000371c                gpt5_compare_e_isr
                0x0000371c                UsageFault_Handler
                0x0000371c                icu_irq9_isr
                0x0000371c                iic1_tei_isr
                0x0000371c                dmac4_int_isr
                0x0000371c                adc0_window_b_isr
                0x0000371c                iwdt_underflow_isr
                0x0000371c                icu_irq7_isr
                0x0000371c                gpt6_ad_trig_a_isr
                0x0000371c                gpt5_counter_overflow_isr
                0x0000371c                sci8_txi_isr
                0x0000371c                gpt3_compare_e_isr
                0x0000371c                gpt11_counter_underflow_isr
                0x0000371c                gpt2_capture_compare_a_isr
                0x0000371c                can0_mailbox_tx_isr
                0x0000371c                edmac0_eint_isr
                0x0000371c                gpt6_compare_e_isr
                0x0000371c                gpt3_capture_compare_b_isr
                0x0000371c                gpt13_capture_compare_a_isr
                0x0000371c                icu_irq13_isr
                0x0000371c                sci8_tei_isr
                0x0000371c                gpt2_capture_compare_b_isr
                0x0000371c                sce_test_busy_isr
                0x0000371c                eptpc_timer1_rise_isr
                0x0000371c                sci7_am_isr
                0x0000371c                gpt7_compare_f_isr
                0x0000371c                gpt0_compare_c_isr
                0x0000371c                eptpc_timer5_rise_isr
                0x0000371c                gpt1_capture_compare_b_isr
                0x0000371c                spi1_tei_isr
                0x0000371c                gpt11_compare_e_isr
                0x0000371c                dmac6_int_isr
                0x0000371c                sce_wrrdy_0_isr
                0x0000371c                cac_measurement_end_isr
                0x0000371c                gpt10_compare_f_isr
                0x0000371c                jpeg_jedi_isr
                0x0000371c                sci6_txi_isr
                0x0000371c                icu_irq3_isr
                0x0000371c                can1_error_isr
                0x0000371c                adc1_window_a_isr
                0x0000371c                icu_irq0_isr
                0x0000371c                gpt6_capture_compare_b_isr
                0x0000371c                usbhs_fifo_1_isr
                0x0000371c                eptpc_ipls_isr
                0x0000371c                gpt6_compare_d_isr
                0x0000371c                eptpc_timer4_rise_isr
                0x0000371c                gpt2_compare_f_isr
                0x0000371c                sdhimmc0_sdio_isr
                0x0000371c                can0_mailbox_rx_isr
                0x0000371c                adc0_window_a_isr
                0x0000371c                gpt11_compare_c_isr
                0x0000371c                sce_rdrdy_0_isr
                0x0000371c                gpt8_compare_e_isr
                0x0000371c                gpt1_ad_trig_b_isr
                0x0000371c                gpt2_ad_trig_b_isr
                0x0000371c                gpt1_compare_f_isr
                0x0000371c                dtc_complete_isr
                0x0000371c                dmac1_int_isr
                0x0000371c                gpt4_counter_underflow_isr
                0x0000371c                gpt3_compare_f_isr
                0x0000371c                iic2_tei_isr
                0x0000371c                eptpc_timer1_fall_isr
                0x0000371c                adc0_compare_mismatch_isr
                0x0000371c                sci9_tei_isr
                0x0000371c                sci5_rxi_isr
                0x0000371c                ops_uvw_edge_isr
                0x0000371c                dmac2_int_isr
                0x0000371c                gpt6_compare_c_isr
                0x0000371c                gpt1_compare_e_isr
                0x0000371c                gpt5_capture_compare_a_isr
                0x0000371c                sci2_tei_isr
                0x0000371c                sci7_txi_isr
                0x0000371c                sci4_eri_isr
                0x0000371c                gpt4_compare_d_isr
                0x0000371c                iic0_txi_isr
                0x0000371c                sci0_rxi_or_eri_isr
                0x0000371c                gpt4_counter_overflow_isr
                0x0000371c                gpt1_counter_underflow_isr
                0x0000371c                sce_wrrdy_4_isr
                0x0000371c                gpt2_ad_trig_a_isr
                0x0000371c                gpt3_capture_compare_a_isr
                0x0000371c                pdc_receive_data_ready_isr
                0x0000371c                gpt10_capture_compare_a_isr
                0x0000371c                gpt8_compare_f_isr
                0x0000371c                sci4_rxi_isr
                0x0000371c                gpt3_counter_overflow_isr
                0x0000371c                gpt4_ad_trig_b_isr
                0x0000371c                gpt13_compare_d_isr
                0x0000371c                sdhimmc0_dma_req_isr
                0x0000371c                gpt9_compare_f_isr
                0x0000371c                elc_software_event_1_isr
                0x0000371c                rtc_alarm_isr
                0x0000371c                gpt13_compare_f_isr
                0x0000371c                gpt0_compare_f_isr
                0x0000371c                adc1_scan_end_b_isr
                0x0000371c                wdt_underflow_isr
                0x0000371c                sci2_eri_isr
                0x0000371c                iic0_eri_isr
                0x0000371c                jpeg_jdti_isr
                0x0000371c                eptpc_timer2_fall_isr
                0x0000371c                adc1_window_b_isr
                0x0000371c                gpt4_compare_f_isr
                0x0000371c                gpt10_compare_d_isr
                0x0000371c                gpt7_ad_trig_b_isr
                0x0000371c                gpt10_compare_c_isr
                0x0000371c                gpt1_counter_overflow_isr
                0x0000371c                sci6_tei_isr
                0x0000371c                Default_Handler
                0x0000371c                cgc_mosc_stop_isr
                0x0000371c                gpt7_capture_compare_a_isr
                0x0000371c                usbhs_usb_int_resume_isr
                0x0000371c                gpt3_compare_c_isr
                0x0000371c                agt1_compare_a_isr
                0x0000371c                sdhimmc1_card_isr
                0x0000371c                sci3_tei_isr
                0x0000371c                gpt0_compare_d_isr
                0x0000371c                sci6_am_isr
                0x0000371c                gpt1_capture_compare_a_isr
                0x0000371c                eptpc_timer2_rise_isr
                0x0000371c                eptpc_timer3_fall_isr
                0x0000371c                gpt8_capture_compare_a_isr
                0x0000371c                sci1_tei_isr
                0x0000371c                gpt4_capture_compare_b_isr
                0x0000371c                iic1_rxi_isr
                0x0000371c                gpt4_compare_c_isr
                0x0000371c                icu_irq10_isr
                0x0000371c                usbfs_resume_isr
                0x0000371c                gpt6_compare_f_isr
                0x0000371c                gpt8_compare_d_isr
                0x0000371c                sdhimmc0_card_isr
                0x0000371c                gpt10_counter_underflow_isr
                0x0000371c                sci2_rxi_isr
                0x0000371c                can0_error_isr
                0x0000371c                gpt11_capture_compare_a_isr
                0x0000371c                sci7_rxi_isr
                0x0000371c                comp_hs_0_isr
                0x0000371c                gpt13_capture_compare_b_isr
                0x0000371c                eptpc_timer5_fall_isr
                0x0000371c                spi0_rxi_isr
                0x0000371c                eptpc_mint_isr
                0x0000371c                ctsu_end_isr
                0x0000371c                spi1_rxi_isr
                0x0000371c                spi0_eri_isr
                0x0000371c                comp_hs_2_isr
                0x0000371c                sci8_eri_isr
                0x0000371c                sci0_am_isr
                0x0000371c                ssi0_int_isr
                0x0000371c                gpt13_counter_overflow_isr
                0x0000371c                icu_irq6_isr
                0x0000371c                MemManage_Handler
                0x0000371c                sci4_am_isr
                0x0000371c                src_output_fifo_underflow_isr
                0x0000371c                sdhimmc0_accs_isr
                0x0000371c                doc_int_isr
                0x0000371c                sci3_eri_isr
                0x0000371c                SVC_Handler
                0x0000371c                gpt3_compare_d_isr
                0x0000371c                sci8_am_isr
                0x0000371c                eptpc_timer4_fall_isr
                0x0000371c                gpt12_counter_overflow_isr
                0x0000371c                sci4_txi_isr
                0x0000371c                adc1_scan_end_isr
                0x0000371c                usbfs_fifo_0_isr
                0x0000371c                ioport_event_3_isr
                0x0000371c                glcdc_underflow_1_isr
                0x0000371c                gpt2_counter_overflow_isr
                0x0000371c                can0_fifo_tx_isr
                0x0000371c                gpt7_compare_c_isr
                0x0000371c                icu_irq12_isr
                0x0000371c                gpt9_compare_d_isr
                0x0000371c                ioport_event_2_isr
                0x0000371c                gpt6_counter_overflow_isr
                0x0000371c                usbhs_fifo_0_isr
                0x0000371c                gpt0_ad_trig_b_isr
                0x0000371c                src_output_fifo_full_isr
                0x0000371c                can1_mailbox_tx_isr
                0x0000371c                gpt12_compare_f_isr
                0x0000371c                gpt4_ad_trig_a_isr
                0x0000371c                rtc_carry_isr
                0x0000371c                comp_hs_3_isr
                0x0000371c                sci1_rxi_isr
                0x0000371c                gpt2_compare_d_isr
                0x0000371c                sci5_am_isr
                0x0000371c                gpt9_compare_c_isr
                0x0000371c                dmac0_int_isr
                0x0000371c                spi0_tei_isr
                0x0000371c                sdhimmc1_sdio_isr
                0x0000371c                adc0_scan_end_isr
                0x0000371c                edmac1_eint_isr
                0x0000371c                ioport_event_1_isr
                0x0000371c                ssi0_txi_isr
                0x0000371c                sce_rdrdy_1_isr
                0x0000371c                gpt12_capture_compare_a_isr
                0x0000371c                gpt0_capture_compare_a_isr
                0x0000371c                spi1_idle_isr
                0x0000371c                gpt6_counter_underflow_isr
                0x0000371c                sce_long_plg_isr
                0x0000371c                rtc_period_isr
                0x0000371c                fcu_frdyi_isr
                0x0000371c                sci7_tei_isr
                0x0000371c                iic0_rxi_isr
                0x0000371c                gpt9_capture_compare_b_isr
                0x0000371c                src_input_fifo_empty_isr
                0x0000371c                gpt13_counter_underflow_isr
                0x0000371c                gpt5_compare_f_isr
                0x0000371c                cac_frequency_error_isr
                0x0000371c                gpt10_capture_compare_b_isr
                0x0000371c                lpm_snooze_request_isr
                0x0000371c                sci5_txi_isr
                0x0000371c                qspi_int_isr
                0x0000371c                dtc_end_isr
                0x0000371c                gpt11_capture_compare_b_isr
                0x0000371c                eptpc_pint_isr
                0x0000371c                gpt8_compare_c_isr
                0x0000371c                gpt3_ad_trig_a_isr
                0x0000371c                usbfs_fifo_1_isr
                0x0000371c                gpt8_counter_underflow_isr
                0x0000371c                pdc_int_isr
                0x0000371c                drw_int_isr
                0x0000371c                fcu_fiferr_isr
                0x0000371c                sci2_txi_isr
                0x0000371c                eptpc_timer3_rise_isr
                0x0000371c                sci6_rxi_isr
                0x0000371c                sci1_txi_isr
                0x0000371c                gpt10_compare_e_isr
                0x0000371c                gpt3_counter_underflow_isr
                0x0000371c                gpt11_compare_d_isr
                0x0000371c                gpt13_compare_c_isr
                0x0000371c                agt1_compare_b_isr
                0x0000371c                ctsu_read_isr
                0x0000371c                icu_irq4_isr
                0x0000371c                gpt13_compare_e_isr
                0x0000371c                gpt0_ad_trig_a_isr
                0x0000371c                gpt7_compare_e_isr
                0x0000371c                cac_overflow_isr
                0x0000371c                sci1_am_isr
                0x0000371c                BusFault_Handler
                0x0000371c                gpt7_ad_trig_a_isr
                0x0000371c                gpt12_capture_compare_b_isr
                0x0000371c                gpt5_counter_underflow_isr
                0x0000371c                gpt12_compare_e_isr
                0x0000371c                comp_hs_1_isr
                0x0000371c                sci6_eri_isr
                0x0000371c                gpt5_ad_trig_a_isr
                0x0000371c                poeg2_event_isr
                0x0000371c                sci8_rxi_isr
                0x0000371c                icu_irq8_isr
                0x0000371c                spi0_txi_isr
                0x0000371c                sci2_am_isr
                0x0000371c                lvd_lvd2_isr
                0x0000371c                comp_hs_4_isr
                0x0000371c                sci3_rxi_isr
                0x0000371c                icu_irq15_isr
                0x0000371c                glcdc_line_detect_isr
                0x0000371c                poeg0_event_isr
                0x0000371c                sci9_txi_isr
                0x0000371c                ssi1_txi_rxi_isr
                0x0000371c                icu_irq11_isr
                0x0000371c                lvd_lvd1_isr
                0x0000371c                sci7_eri_isr
                0x0000371c                agt0_compare_b_isr
                0x0000371c                agt0_compare_a_isr
                0x0000371c                sci4_tei_isr
                0x0000371c                icu_snooze_cancel_isr
                0x0000371c                can0_fifo_rx_isr
                0x0000371c                iic0_wui_isr
                0x0000371c                eptpc_timer0_rise_isr
                0x0000371c                gpt2_counter_underflow_isr
                0x0000371c                sci3_am_isr
                0x0000371c                comp_hs_5_isr
 .text.Reset_Handler
                0x00003720        0xc ./synergy/ssp/src/bsp/cmsis/Device/RENESAS/S7G2/Source/startup_S7G2.o
                0x00003720                Reset_Handler
 .text.R_BSP_WarmStart
                0x0000372c        0x4 ./synergy/ssp/src/bsp/cmsis/Device/RENESAS/S7G2/Source/system_S7G2.o
                0x0000372c                R_BSP_WarmStart
 .text.SystemInit
                0x00003730       0xb0 ./synergy/ssp/src/bsp/cmsis/Device/RENESAS/S7G2/Source/system_S7G2.o
                0x00003730                SystemInit
 .text.bsp_init
                0x000037e0        0x4 ./synergy/ssp/src/bsp/board/s7g2_sk/bsp_init.o
                0x000037e0                bsp_init
 .text.bsp_qspi_xip_mode
                0x000037e4       0x88 ./synergy/ssp/src/bsp/board/s7g2_sk/bsp_qspi.o
 .text.bsp_qspi_init
                0x0000386c      0x138 ./synergy/ssp/src/bsp/board/s7g2_sk/bsp_qspi.o
                0x0000386c                bsp_qspi_init
 .text.user_uart_callback_internal
                0x000039a4        0x4 ./src/synergy_gen/blinky_thread.o
                0x000039a4                user_uart_callback
                0x000039a4                user_uart_callback_internal
 .text.blinky_thread_func
                0x000039a8       0x24 ./src/synergy_gen/blinky_thread.o
 .text.blinky_thread_create
                0x000039cc       0x40 ./src/synergy_gen/blinky_thread.o
                0x000039cc                blinky_thread_create
 .text.g_common_init
                0x00003a0c        0x4 ./src/synergy_gen/common_data.o
                0x00003a0c                g_common_init
 .text.g_hal_init
                0x00003a10        0x4 ./src/synergy_gen/hal_data.o
                0x00003a10                g_hal_init
 .text.tx_application_define_internal
                0x00003a14        0x4 ./src/synergy_gen/main.o
                0x00003a14                tx_application_define_user
                0x00003a14                tx_application_define_internal
 .text.tx_application_define
                0x00003a18       0x14 ./src/synergy_gen/main.o
                0x00003a18                tx_application_define
 .text.startup.main
                0x00003a2c        0xc ./src/synergy_gen/main.o
                0x00003a2c                main
 .text.blinky_thread_entry
                0x00003a38       0x44 ./src/blinky_thread_entry.o
                0x00003a38                blinky_thread_entry
 .text._txe_event_flags_create
                0x00003a7c       0x98 C:\Users\Kirti\e2_studio\workspace\ThreadUART\synergy\ssp\src\framework\el\tx\cm4_gcc\libtx.a(txe_event_flags_create.o)
                0x00003a7c                _txe_event_flags_create
 .text._txe_event_flags_delete
                0x00003b14       0x2c C:\Users\Kirti\e2_studio\workspace\ThreadUART\synergy\ssp\src\framework\el\tx\cm4_gcc\libtx.a(txe_event_flags_delete.o)
                0x00003b14                _txe_event_flags_delete
 .text._txe_event_flags_get
                0x00003b40       0x44 C:\Users\Kirti\e2_studio\workspace\ThreadUART\synergy\ssp\src\framework\el\tx\cm4_gcc\libtx.a(txe_event_flags_get.o)
                0x00003b40                _txe_event_flags_get
 .text._txe_event_flags_set
                0x00003b84       0x2c C:\Users\Kirti\e2_studio\workspace\ThreadUART\synergy\ssp\src\framework\el\tx\cm4_gcc\libtx.a(txe_event_flags_set.o)
                0x00003b84                _txe_event_flags_set
 .text._txe_mutex_create
                0x00003bb0       0xb0 C:\Users\Kirti\e2_studio\workspace\ThreadUART\synergy\ssp\src\framework\el\tx\cm4_gcc\libtx.a(txe_mutex_create.o)
                0x00003bb0                _txe_mutex_create
 .text._txe_mutex_delete
                0x00003c60       0x2c C:\Users\Kirti\e2_studio\workspace\ThreadUART\synergy\ssp\src\framework\el\tx\cm4_gcc\libtx.a(txe_mutex_delete.o)
                0x00003c60                _txe_mutex_delete
 .text._txe_mutex_get
                0x00003c8c       0x58 C:\Users\Kirti\e2_studio\workspace\ThreadUART\synergy\ssp\src\framework\el\tx\cm4_gcc\libtx.a(txe_mutex_get.o)
                0x00003c8c                _txe_mutex_get
 .text._txe_mutex_put
                0x00003ce4       0x38 C:\Users\Kirti\e2_studio\workspace\ThreadUART\synergy\ssp\src\framework\el\tx\cm4_gcc\libtx.a(txe_mutex_put.o)
                0x00003ce4                _txe_mutex_put
 .text._txe_queue_create
                0x00003d1c       0xd0 C:\Users\Kirti\e2_studio\workspace\ThreadUART\synergy\ssp\src\framework\el\tx\cm4_gcc\libtx.a(txe_queue_create.o)
                0x00003d1c                _txe_queue_create
 .text._txe_queue_receive
                0x00003dec       0x40 C:\Users\Kirti\e2_studio\workspace\ThreadUART\synergy\ssp\src\framework\el\tx\cm4_gcc\libtx.a(txe_queue_receive.o)
                0x00003dec                _txe_queue_receive
 .text._txe_queue_send
                0x00003e2c       0x40 C:\Users\Kirti\e2_studio\workspace\ThreadUART\synergy\ssp\src\framework\el\tx\cm4_gcc\libtx.a(txe_queue_send.o)
                0x00003e2c                _txe_queue_send
 .text._txe_thread_create
                0x00003e6c      0x144 C:\Users\Kirti\e2_studio\workspace\ThreadUART\synergy\ssp\src\framework\el\tx\cm4_gcc\libtx.a(txe_thread_create.o)
                0x00003e6c                _txe_thread_create
 .text._tx_event_flags_create
                0x00003fb0       0x50 C:\Users\Kirti\e2_studio\workspace\ThreadUART\synergy\ssp\src\framework\el\tx\cm4_gcc\libtx.a(tx_event_flags_create.o)
                0x00003fb0                _tx_event_flags_create
 .text._tx_event_flags_delete
                0x00004000       0x9c C:\Users\Kirti\e2_studio\workspace\ThreadUART\synergy\ssp\src\framework\el\tx\cm4_gcc\libtx.a(tx_event_flags_delete.o)
                0x00004000                _tx_event_flags_delete
 .text._tx_event_flags_get
                0x0000409c       0xc8 C:\Users\Kirti\e2_studio\workspace\ThreadUART\synergy\ssp\src\framework\el\tx\cm4_gcc\libtx.a(tx_event_flags_get.o)
                0x0000409c                _tx_event_flags_get
 .text._tx_event_flags_set
                0x00004164      0x208 C:\Users\Kirti\e2_studio\workspace\ThreadUART\synergy\ssp\src\framework\el\tx\cm4_gcc\libtx.a(tx_event_flags_set.o)
                0x00004164                _tx_event_flags_set
 .text._tx_initialize_high_level
                0x0000436c       0x90 C:\Users\Kirti\e2_studio\workspace\ThreadUART\synergy\ssp\src\framework\el\tx\cm4_gcc\libtx.a(tx_initialize_high_level.o)
                0x0000436c                _tx_initialize_high_level
 .text._tx_initialize_kernel_enter
                0x000043fc       0x3c C:\Users\Kirti\e2_studio\workspace\ThreadUART\synergy\ssp\src\framework\el\tx\cm4_gcc\libtx.a(tx_initialize_kernel_enter.o)
                0x000043fc                _tx_initialize_kernel_enter
 .text.tx_isr_end
                0x00004438        0x4 C:\Users\Kirti\e2_studio\workspace\ThreadUART\synergy\ssp\src\framework\el\tx\cm4_gcc\libtx.a(tx_isr_end.o)
                0x00004438                tx_isr_end
 .text.tx_isr_start
                0x0000443c        0x4 C:\Users\Kirti\e2_studio\workspace\ThreadUART\synergy\ssp\src\framework\el\tx\cm4_gcc\libtx.a(tx_isr_start.o)
                0x0000443c                tx_isr_start
 .text._tx_mutex_create
                0x00004440       0x60 C:\Users\Kirti\e2_studio\workspace\ThreadUART\synergy\ssp\src\framework\el\tx\cm4_gcc\libtx.a(tx_mutex_create.o)
                0x00004440                _tx_mutex_create
 .text._tx_mutex_delete
                0x000044a0       0xc0 C:\Users\Kirti\e2_studio\workspace\ThreadUART\synergy\ssp\src\framework\el\tx\cm4_gcc\libtx.a(tx_mutex_delete.o)
                0x000044a0                _tx_mutex_delete
 .text._tx_mutex_get
                0x00004560       0xe4 C:\Users\Kirti\e2_studio\workspace\ThreadUART\synergy\ssp\src\framework\el\tx\cm4_gcc\libtx.a(tx_mutex_get.o)
                0x00004560                _tx_mutex_get
 .text._tx_mutex_priority_change
                0x00004644       0xc4 C:\Users\Kirti\e2_studio\workspace\ThreadUART\synergy\ssp\src\framework\el\tx\cm4_gcc\libtx.a(tx_mutex_priority_change.o)
                0x00004644                _tx_mutex_priority_change
 .text._tx_mutex_put
                0x00004708      0x210 C:\Users\Kirti\e2_studio\workspace\ThreadUART\synergy\ssp\src\framework\el\tx\cm4_gcc\libtx.a(tx_mutex_put.o)
                0x00004708                _tx_mutex_put
 .text._tx_queue_create
                0x00004918       0x6c C:\Users\Kirti\e2_studio\workspace\ThreadUART\synergy\ssp\src\framework\el\tx\cm4_gcc\libtx.a(tx_queue_create.o)
                0x00004918                _tx_queue_create
 .text._tx_queue_receive
                0x00004984      0x1d8 C:\Users\Kirti\e2_studio\workspace\ThreadUART\synergy\ssp\src\framework\el\tx\cm4_gcc\libtx.a(tx_queue_receive.o)
                0x00004984                _tx_queue_receive
 .text._tx_queue_send
                0x00004b5c      0x114 C:\Users\Kirti\e2_studio\workspace\ThreadUART\synergy\ssp\src\framework\el\tx\cm4_gcc\libtx.a(tx_queue_send.o)
                0x00004b5c                _tx_queue_send
 .text._tx_thread_create
                0x00004c70      0x108 C:\Users\Kirti\e2_studio\workspace\ThreadUART\synergy\ssp\src\framework\el\tx\cm4_gcc\libtx.a(tx_thread_create.o)
                0x00004c70                _tx_thread_create
 .text._tx_thread_initialize
                0x00004d78       0x68 C:\Users\Kirti\e2_studio\workspace\ThreadUART\synergy\ssp\src\framework\el\tx\cm4_gcc\libtx.a(tx_thread_initialize.o)
                0x00004d78                _tx_thread_initialize
 .text._tx_thread_shell_entry
                0x00004de0       0x48 C:\Users\Kirti\e2_studio\workspace\ThreadUART\synergy\ssp\src\framework\el\tx\cm4_gcc\libtx.a(tx_thread_shell_entry.o)
                0x00004de0                _tx_thread_shell_entry
 .text._tx_thread_sleep
                0x00004e28       0x5c C:\Users\Kirti\e2_studio\workspace\ThreadUART\synergy\ssp\src\framework\el\tx\cm4_gcc\libtx.a(tx_thread_sleep.o)
                0x00004e28                _tx_thread_sleep
 .text._tx_thread_system_preempt_check
                0x00004e84       0x3c C:\Users\Kirti\e2_studio\workspace\ThreadUART\synergy\ssp\src\framework\el\tx\cm4_gcc\libtx.a(tx_thread_system_preempt_check.o)
                0x00004e84                _tx_thread_system_preempt_check
 .text._tx_thread_system_resume
                0x00004ec0       0xec C:\Users\Kirti\e2_studio\workspace\ThreadUART\synergy\ssp\src\framework\el\tx\cm4_gcc\libtx.a(tx_thread_system_resume.o)
                0x00004ec0                _tx_thread_system_resume
 .text._tx_thread_system_suspend
                0x00004fac      0x110 C:\Users\Kirti\e2_studio\workspace\ThreadUART\synergy\ssp\src\framework\el\tx\cm4_gcc\libtx.a(tx_thread_system_suspend.o)
                0x00004fac                _tx_thread_system_suspend
 .text._tx_thread_timeout
                0x000050bc       0x2c C:\Users\Kirti\e2_studio\workspace\ThreadUART\synergy\ssp\src\framework\el\tx\cm4_gcc\libtx.a(tx_thread_timeout.o)
                0x000050bc                _tx_thread_timeout
 .text._tx_timer_initialize
                0x000050e8       0x70 C:\Users\Kirti\e2_studio\workspace\ThreadUART\synergy\ssp\src\framework\el\tx\cm4_gcc\libtx.a(tx_timer_initialize.o)
                0x000050e8                _tx_timer_initialize
 .text._tx_timer_system_activate
                0x00005158       0x74 C:\Users\Kirti\e2_studio\workspace\ThreadUART\synergy\ssp\src\framework\el\tx\cm4_gcc\libtx.a(tx_timer_system_activate.o)
                0x00005158                _tx_timer_system_activate
 .text._tx_timer_system_deactivate
                0x000051cc       0x3c C:\Users\Kirti\e2_studio\workspace\ThreadUART\synergy\ssp\src\framework\el\tx\cm4_gcc\libtx.a(tx_timer_system_deactivate.o)
                0x000051cc                _tx_timer_system_deactivate
 .text._tx_initialize_low_level
                0x00005208       0x80 C:\Users\Kirti\e2_studio\workspace\ThreadUART\synergy\ssp\src\framework\el\tx\cm4_gcc\libtx.a(tx_initialize_low_level.o)
                0x00005208                _tx_initialize_low_level
 .text._tx_thread_schedule
                0x00005288       0x60 C:\Users\Kirti\e2_studio\workspace\ThreadUART\synergy\ssp\src\framework\el\tx\cm4_gcc\libtx.a(tx_thread_schedule.o)
                0x00005288                _tx_thread_schedule
 .text.PendSV_Handler
                0x000052e8       0xd0 C:\Users\Kirti\e2_studio\workspace\ThreadUART\synergy\ssp\src\framework\el\tx\cm4_gcc\libtx.a(tx_thread_schedule.o)
                0x000052e8                PendSV_Handler
 .text.SysTick_Handler
                0x000053b8        0x4 C:\Users\Kirti\e2_studio\workspace\ThreadUART\synergy\ssp\src\framework\el\tx\cm4_gcc\libtx.a(tx_thread_schedule.o)
                0x000053b8                SysTick_Handler
 .text._tx_thread_stack_build
                0x000053bc       0x48 C:\Users\Kirti\e2_studio\workspace\ThreadUART\synergy\ssp\src\framework\el\tx\cm4_gcc\libtx.a(tx_thread_stack_build.o)
                0x000053bc                _tx_thread_stack_build
 .text._tx_timer_interrupt
                0x00005404       0xd4 C:\Users\Kirti\e2_studio\workspace\ThreadUART\synergy\ssp\src\framework\el\tx\cm4_gcc\libtx.a(tx_timer_interrupt.o)
                0x00005404                _tx_timer_interrupt
 .text._tx_event_flags_cleanup
                0x000054d8       0x6c C:\Users\Kirti\e2_studio\workspace\ThreadUART\synergy\ssp\src\framework\el\tx\cm4_gcc\libtx.a(tx_event_flags_cleanup.o)
                0x000054d8                _tx_event_flags_cleanup
 .text._tx_mutex_cleanup
                0x00005544       0x6c C:\Users\Kirti\e2_studio\workspace\ThreadUART\synergy\ssp\src\framework\el\tx\cm4_gcc\libtx.a(tx_mutex_cleanup.o)
                0x00005544                _tx_mutex_cleanup
 .text._tx_mutex_thread_release
                0x000055b0       0x44 C:\Users\Kirti\e2_studio\workspace\ThreadUART\synergy\ssp\src\framework\el\tx\cm4_gcc\libtx.a(tx_mutex_cleanup.o)
                0x000055b0                _tx_mutex_thread_release
 .text._tx_mutex_prioritize
                0x000055f4       0xa8 C:\Users\Kirti\e2_studio\workspace\ThreadUART\synergy\ssp\src\framework\el\tx\cm4_gcc\libtx.a(tx_mutex_prioritize.o)
                0x000055f4                _tx_mutex_prioritize
 .text._tx_queue_cleanup
                0x0000569c       0x78 C:\Users\Kirti\e2_studio\workspace\ThreadUART\synergy\ssp\src\framework\el\tx\cm4_gcc\libtx.a(tx_queue_cleanup.o)
                0x0000569c                _tx_queue_cleanup
 .text._tx_thread_time_slice
                0x00005714       0x74 C:\Users\Kirti\e2_studio\workspace\ThreadUART\synergy\ssp\src\framework\el\tx\cm4_gcc\libtx.a(tx_thread_time_slice.o)
                0x00005714                _tx_thread_time_slice
 .text._tx_timer_expiration_process
                0x00005788      0x114 C:\Users\Kirti\e2_studio\workspace\ThreadUART\synergy\ssp\src\framework\el\tx\cm4_gcc\libtx.a(tx_timer_expiration_process.o)
                0x00005788                _tx_timer_expiration_process
 .text.memset   0x0000589c       0x9c c:/program files (x86)/gnu tools arm embedded/4.9 2015q3/bin/../lib/gcc/arm-none-eabi/4.9.3/../../../../arm-none-eabi/lib/armv7e-m/fpu\libg.a(lib_a-memset.o)
                0x0000589c                memset
 .text.startup.register_fini
                0x00005938       0x14 c:/program files (x86)/gnu tools arm embedded/4.9 2015q3/bin/../lib/gcc/arm-none-eabi/4.9.3/../../../../arm-none-eabi/lib/armv7e-m/fpu\libg.a(lib_a-__call_atexit.o)
 .text.atexit   0x0000594c        0xc c:/program files (x86)/gnu tools arm embedded/4.9 2015q3/bin/../lib/gcc/arm-none-eabi/4.9.3/../../../../arm-none-eabi/lib/armv7e-m/fpu\libg.a(lib_a-atexit.o)
                0x0000594c                atexit
 .text.__libc_fini_array
                0x00005958       0x2c c:/program files (x86)/gnu tools arm embedded/4.9 2015q3/bin/../lib/gcc/arm-none-eabi/4.9.3/../../../../arm-none-eabi/lib/armv7e-m/fpu\libg.a(lib_a-fini.o)
                0x00005958                __libc_fini_array
 .text.__register_exitproc
                0x00005984       0xa4 c:/program files (x86)/gnu tools arm embedded/4.9 2015q3/bin/../lib/gcc/arm-none-eabi/4.9.3/../../../../arm-none-eabi/lib/armv7e-m/fpu\libg.a(lib_a-__atexit.o)
                0x00005984                __register_exitproc
 *(.version)
 .version       0x00005a28       0x60 ./synergy/ssp/src/bsp/mcu/all/bsp_common.o
                0x00005a28                g_ssp_version_build_string
                0x00005a7c                g_ssp_version_string
                0x00005a84                g_ssp_version
 *(.init)
 .init          0x00005a88        0x4 c:/program files (x86)/gnu tools arm embedded/4.9 2015q3/bin/../lib/gcc/arm-none-eabi/4.9.3/armv7e-m/fpu/crti.o
                0x00005a88                _init
 .init          0x00005a8c        0x8 c:/program files (x86)/gnu tools arm embedded/4.9 2015q3/bin/../lib/gcc/arm-none-eabi/4.9.3/armv7e-m/fpu/crtn.o
 *(.fini)
 .fini          0x00005a94        0x4 c:/program files (x86)/gnu tools arm embedded/4.9 2015q3/bin/../lib/gcc/arm-none-eabi/4.9.3/armv7e-m/fpu/crti.o
                0x00005a94                _fini
 .fini          0x00005a98        0x8 c:/program files (x86)/gnu tools arm embedded/4.9 2015q3/bin/../lib/gcc/arm-none-eabi/4.9.3/armv7e-m/fpu/crtn.o
 *crtbegin.o(.ctors)
 *crtbegin?.o(.ctors)
 *(EXCLUDE_FILE(*crtend.o *crtend?.o) .ctors)
 *(SORT(.ctors.*))
 *(.ctors)
 *crtbegin.o(.dtors)
 *crtbegin?.o(.dtors)
 *(EXCLUDE_FILE(*crtend.o *crtend?.o) .dtors)
 *(SORT(.dtors.*))
 *(.dtors)
 *(.rodata*)
 .rodata.g_sf_comms_on_sf_uart_comms
                0x00005aa0       0x1c ./synergy/ssp/src/framework/sf_uart_comms/sf_uart_comms.o
                0x00005aa0                g_sf_comms_on_sf_uart_comms
 .rodata.str1.4
                0x00005abc       0x16 ./synergy/ssp/src/framework/sf_uart_comms/sf_uart_comms.o
 *fill*         0x00005ad2        0x2 ff
 .rodata.module_version
                0x00005ad4        0x4 ./synergy/ssp/src/framework/sf_uart_comms/sf_uart_comms.o
 .rodata.async_baud
                0x00005ad8       0x4e ./synergy/ssp/src/driver/r_sci_uart/r_sci_uart.o
 *fill*         0x00005b26        0x2 ff
 .rodata.g_uart_on_sci
                0x00005b28       0x1c ./synergy/ssp/src/driver/r_sci_uart/r_sci_uart.o
                0x00005b28                g_uart_on_sci
 .rodata.g_ioport_on_ioport
                0x00005b44       0x38 ./synergy/ssp/src/driver/r_ioport/r_ioport.o
                0x00005b44                g_ioport_on_ioport
 .rodata.g_elc_on_elc
                0x00005b7c       0x1c ./synergy/ssp/src/driver/r_elc/r_elc.o
                0x00005b7c                g_elc_on_elc
 .rodata.s_elc_version
                0x00005b98        0x4 ./synergy/ssp/src/driver/r_elc/r_elc.o
 .rodata.g_dtc_version
                0x00005b9c        0x4 ./synergy/ssp/src/driver/r_dtc/r_dtc.o
 .rodata.g_transfer_on_dtc
                0x00005ba0       0x24 ./synergy/ssp/src/driver/r_dtc/r_dtc.o
                0x00005ba0                g_transfer_on_dtc
 .rodata.g_pllccr_div_value
                0x00005bc4        0x6 ./synergy/ssp/src/driver/r_cgc/hw/hw_cgc.o
 *fill*         0x00005bca        0x2 ff
 .rodata.g_pllccr_div_setting
                0x00005bcc        0x6 ./synergy/ssp/src/driver/r_cgc/hw/hw_cgc.o
 *fill*         0x00005bd2        0x2 ff
 .rodata.g_pllccr_src_setting
                0x00005bd4        0x8 ./synergy/ssp/src/driver/r_cgc/hw/hw_cgc.o
 .rodata.g_cgc_on_cgc
                0x00005bdc       0x5c ./synergy/ssp/src/driver/r_cgc/r_cgc.o
                0x00005bdc                g_cgc_on_cgc
 .rodata.g_cgc_version
                0x00005c38        0x4 ./synergy/ssp/src/driver/r_cgc/r_cgc.o
 .rodata.g_prcr_masks
                0x00005c3c        0x6 ./synergy/ssp/src/bsp/mcu/s7g2/bsp_register_protection.o
 *fill*         0x00005c42        0x2 ff
 .rodata.g_vbatt_pins_input
                0x00005c44        0x6 ./synergy/ssp/src/bsp/mcu/s7g2/bsp_vbatt.o
 *fill*         0x00005c4a        0x2 ff
 .rodata.g_elc_cfg
                0x00005c4c        0xc ./synergy/ssp/src/bsp/cmsis/Device/RENESAS/S7G2/Source/system_S7G2.o
 .rodata.g_bsp_leds
                0x00005c58        0x8 ./synergy/ssp/src/bsp/board/s7g2_sk/bsp_leds.o
                0x00005c58                g_bsp_leds
 .rodata.g_bsp_prv_leds
                0x00005c60        0x6 ./synergy/ssp/src/bsp/board/s7g2_sk/bsp_leds.o
 *fill*         0x00005c66        0x2 ff
 .rodata.g_transfer1_cfg
                0x00005c68       0x14 ./src/synergy_gen/blinky_thread.o
                0x00005c68                g_transfer1_cfg
 .rodata.g_uart0_cfg
                0x00005c7c       0x20 ./src/synergy_gen/blinky_thread.o
                0x00005c7c                g_uart0_cfg
 .rodata.g_transfer1
                0x00005c9c        0xc ./src/synergy_gen/blinky_thread.o
                0x00005c9c                g_transfer1
 .rodata.g_sf_comms0_cfg
                0x00005ca8        0x4 ./src/synergy_gen/blinky_thread.o
 .rodata.g_sf_comms0
                0x00005cac        0xc ./src/synergy_gen/blinky_thread.o
                0x00005cac                g_sf_comms0
 .rodata.g_sf_comms0_cfg_extend
                0x00005cb8        0x8 ./src/synergy_gen/blinky_thread.o
 .rodata.str1.4
                0x00005cc0        0xe ./src/synergy_gen/blinky_thread.o
 *fill*         0x00005cce        0x2 ff
 .rodata.g_uart0_cfg_extend
                0x00005cd0        0x8 ./src/synergy_gen/blinky_thread.o
                0x00005cd0                g_uart0_cfg_extend
 .rodata.g_uart0
                0x00005cd8        0xc ./src/synergy_gen/blinky_thread.o
                0x00005cd8                g_uart0
 .rodata.g_transfer0_cfg
                0x00005ce4       0x14 ./src/synergy_gen/blinky_thread.o
                0x00005ce4                g_transfer0_cfg
 .rodata.g_transfer0
                0x00005cf8        0xc ./src/synergy_gen/blinky_thread.o
                0x00005cf8                g_transfer0
 .rodata.g_bsp_pin_cfg
                0x00005d04        0x8 ./src/synergy_gen/pin_data.o
                0x00005d04                g_bsp_pin_cfg
 .rodata.g_bsp_pin_cfg_data
                0x00005d0c      0x3f0 ./src/synergy_gen/pin_data.o
                0x00005d0c                g_bsp_pin_cfg_data
 .rodata.str1.4
                0x000060fc       0x22 ./src/blinky_thread_entry.o
 *fill*         0x0000611e        0x2 ff
 .rodata.str1.4
                0x00006120        0x4 c:/program files (x86)/gnu tools arm embedded/4.9 2015q3/bin/../lib/gcc/arm-none-eabi/4.9.3/../../../../arm-none-eabi/lib/armv7e-m/fpu\libg.a(lib_a-impure.o)
                                  0x2 (size before relaxing)
 .rodata._global_impure_ptr
                0x00006124        0x4 c:/program files (x86)/gnu tools arm embedded/4.9 2015q3/bin/../lib/gcc/arm-none-eabi/4.9.3/../../../../arm-none-eabi/lib/armv7e-m/fpu\libg.a(lib_a-impure.o)
                0x00006124                _global_impure_ptr
 *(.eh_frame*)
 .eh_frame      0x00006128        0x0 c:/program files (x86)/gnu tools arm embedded/4.9 2015q3/bin/../lib/gcc/arm-none-eabi/4.9.3/armv7e-m/fpu/crtbegin.o
 .eh_frame      0x00006128        0x4 c:/program files (x86)/gnu tools arm embedded/4.9 2015q3/bin/../lib/gcc/arm-none-eabi/4.9.3/armv7e-m/fpu/crtend.o
                0x0000612c                __ROM_End = .

.glue_7         0x0000612c        0x0
 .glue_7        0x00000000        0x0 linker stubs

.glue_7t        0x0000612c        0x0
 .glue_7t       0x00000000        0x0 linker stubs

.vfp11_veneer   0x0000612c        0x0
 .vfp11_veneer  0x00000000        0x0 linker stubs

.v4_bx          0x0000612c        0x0
 .v4_bx         0x00000000        0x0 linker stubs

.iplt           0x0000612c        0x0
 .iplt          0x00000000        0x0 c:/program files (x86)/gnu tools arm embedded/4.9 2015q3/bin/../lib/gcc/arm-none-eabi/4.9.3/armv7e-m/fpu/crtbegin.o

.rel.dyn        0x0000612c        0x0
 .rel.iplt      0x00000000        0x0 c:/program files (x86)/gnu tools arm embedded/4.9 2015q3/bin/../lib/gcc/arm-none-eabi/4.9.3/armv7e-m/fpu/crtbegin.o

.ARM.extab
 *(.ARM.extab* .gnu.linkonce.armextab.*)
                0x0000612c                __exidx_start = .

.ARM.exidx
 *(.ARM.exidx* .gnu.linkonce.armexidx.*)
                0x0000612c                __exidx_end = .
                0x0000612c                __etext = .

.data           0x1ffe0000      0x460 load address 0x0000612c
                0x1ffe0000                __data_start__ = .
 *(vtable)
 *(.data.*)
 .data.g_transfer1_info
                0x1ffe0000       0x10 ./src/synergy_gen/blinky_thread.o
                0x1ffe0000                g_transfer1_info
 .data.g_transfer0_info
                0x1ffe0010       0x10 ./src/synergy_gen/blinky_thread.o
                0x1ffe0010                g_transfer0_info
 .data._tx_thread_system_state
                0x1ffe0020        0x4 C:\Users\Kirti\e2_studio\workspace\ThreadUART\synergy\ssp\src\framework\el\tx\cm4_gcc\libtx.a(tx_thread_initialize.o)
                0x1ffe0020                _tx_thread_system_state
 *fill*         0x1ffe0024        0x4 
 .data.impure_data
                0x1ffe0028      0x428 c:/program files (x86)/gnu tools arm embedded/4.9 2015q3/bin/../lib/gcc/arm-none-eabi/4.9.3/../../../../arm-none-eabi/lib/armv7e-m/fpu\libg.a(lib_a-impure.o)
                0x1ffe0450                . = ALIGN (0x4)
                0x1ffe0450                PROVIDE (__preinit_array_start, .)
 *(.preinit_array)
                0x1ffe0450                PROVIDE (__preinit_array_end, .)
                0x1ffe0450                . = ALIGN (0x4)
                0x1ffe0450                PROVIDE (__init_array_start, .)
 *(SORT(.init_array.*))
 .init_array.00000
                0x1ffe0450        0x4 c:/program files (x86)/gnu tools arm embedded/4.9 2015q3/bin/../lib/gcc/arm-none-eabi/4.9.3/../../../../arm-none-eabi/lib/armv7e-m/fpu\libg.a(lib_a-__call_atexit.o)
 *(.init_array)
 .init_array    0x1ffe0454        0x4 c:/program files (x86)/gnu tools arm embedded/4.9 2015q3/bin/../lib/gcc/arm-none-eabi/4.9.3/armv7e-m/fpu/crtbegin.o
                0x1ffe0458                PROVIDE (__init_array_end, .)
                0x1ffe0458                . = ALIGN (0x4)
                0x1ffe0458                PROVIDE (__fini_array_start, .)
 *(SORT(.fini_array.*))
 *(.fini_array)
 .fini_array    0x1ffe0458        0x4 c:/program files (x86)/gnu tools arm embedded/4.9 2015q3/bin/../lib/gcc/arm-none-eabi/4.9.3/armv7e-m/fpu/crtbegin.o
                0x1ffe045c                PROVIDE (__fini_array_end, .)
 *(.jcr*)
 .jcr           0x1ffe045c        0x0 c:/program files (x86)/gnu tools arm embedded/4.9 2015q3/bin/../lib/gcc/arm-none-eabi/4.9.3/armv7e-m/fpu/crtbegin.o
 .jcr           0x1ffe045c        0x4 c:/program files (x86)/gnu tools arm embedded/4.9 2015q3/bin/../lib/gcc/arm-none-eabi/4.9.3/armv7e-m/fpu/crtend.o
                0x1ffe0460                . = ALIGN (0x4)
                0x1ffe0460                __Code_In_RAM_Start = .
 *(.code_in_ram*)
                0x1ffe0460                __Code_In_RAM_End = .
                0x1ffe0460                __data_end__ = .

.igot.plt       0x1ffe0460        0x0 load address 0x0000658c
 .igot.plt      0x00000000        0x0 c:/program files (x86)/gnu tools arm embedded/4.9 2015q3/bin/../lib/gcc/arm-none-eabi/4.9.3/armv7e-m/fpu/crtbegin.o

.qspi_flash     0x60000000        0x0
                0x60000000                __qspi_flash_start__ = .
 *(.qspi_flash*)
                0x60000000                __qspi_flash_end__ = .
                0x00000000                __qspi_flash_code_size__ = (__qspi_flash_end__ - __qspi_flash_start__)
                0x0000658c                __qspi_flash_code_addr__ = (__etext + (__data_end__ - __data_start__))

.qspi_non_retentive
                0x60000000        0x0 load address 0x0000658c
                0x60000000                __qspi_non_retentive_start__ = .
 *(.qspi_non_retentive*)
                0x60000000                __qspi_non_retentive_end__ = .
                0x00000000                __qspi_non_retentive_size__ = (__qspi_non_retentive_end__ - __qspi_non_retentive_start__)
                0x04000000                __qspi_region_max_size__ = 0x4000000
                0x60000000                __qspi_region_start_address__ = __qspi_flash_start__
                0x64000000                __qspi_region_end_address__ = (__qspi_flash_start__ + __qspi_region_max_size__)

.noinit         0x1ffe0460       0x18 load address 0x0000658c
                0x1ffe0460                . = ALIGN (0x4)
                0x1ffe0460                __noinit_start = .
 *(.noinit*)
 .noinit        0x1ffe0460       0x18 ./synergy/ssp/src/driver/r_cgc/hw/hw_cgc.o
                0x1ffe0478                __noinit_end = .

.bss            0x1ffe0800      0x928 load address 0x00006c00
                0x1ffe0800                . = ALIGN (0x4)
                0x1ffe0800                __bss_start__ = .
 *(.bss*)
 .bss           0x1ffe0800       0x1c c:/program files (x86)/gnu tools arm embedded/4.9 2015q3/bin/../lib/gcc/arm-none-eabi/4.9.3/armv7e-m/fpu/crtbegin.o
 .bss.g_protect_pfswe_counter
                0x1ffe081c        0x2 ./synergy/ssp/src/driver/r_ioport/hw/hw_ioport.o
 *fill*         0x1ffe081e      0x3e2 
 .bss.gp_dtc_vector_table
                0x1ffe0c00       0x10 ./synergy/ssp/src/driver/r_dtc/r_dtc.o
 .bss.g_dtc_state_initialized
                0x1ffe0c10        0x1 ./synergy/ssp/src/driver/r_dtc/r_dtc.o
 *fill*         0x1ffe0c11        0x3 
 .bss.g_bsp_group_irq_sources
                0x1ffe0c14       0x30 ./synergy/ssp/src/bsp/mcu/s7g2/bsp_group_irq.o
 .bss.g_bsp_locks
                0x1ffe0c44       0x78 ./synergy/ssp/src/bsp/mcu/s7g2/bsp_locking.o
 .bss.g_protect_counters
                0x1ffe0cbc        0x6 ./synergy/ssp/src/bsp/mcu/s7g2/bsp_register_protection.o
 *fill*         0x1ffe0cc2        0x2 
 .bss.device_characteristics
                0x1ffe0cc4        0x3 ./synergy/ssp/src/bsp/board/s7g2_sk/bsp_qspi.o
 *fill*         0x1ffe0cc7        0x1 
 .bss.flag_status1
                0x1ffe0cc8        0x1 ./synergy/ssp/src/bsp/board/s7g2_sk/bsp_qspi.o
 *fill*         0x1ffe0cc9        0x3 
 .bss.flag_status2
                0x1ffe0ccc        0x1 ./synergy/ssp/src/bsp/board/s7g2_sk/bsp_qspi.o
 *fill*         0x1ffe0ccd        0x3 
 .bss.g_sf_comms0_ctrl_extend
                0x1ffe0cd0      0x14c ./src/synergy_gen/blinky_thread.o
 *(COMMON)
 COMMON         0x1ffe0e1c       0xa0 ./synergy/ssp/src/driver/r_sci_common/r_sci_common.o
                0x1ffe0e1c                g_sci_ctrl_blk
 COMMON         0x1ffe0ebc        0x4 ./synergy/ssp/src/bsp/cmsis/Device/RENESAS/S7G2/Source/system_S7G2.o
                0x1ffe0ebc                SystemCoreClock
 COMMON         0x1ffe0ec0       0xe4 ./src/synergy_gen/blinky_thread.o
                0x1ffe0ec0                blinky_thread
                0x1ffe0f70                g_transfer0_ctrl
                0x1ffe0f78                g_transfer1_ctrl
                0x1ffe0f80                g_sf_comms0_ctrl
                0x1ffe0f84                g_uart0_ctrl
 COMMON         0x1ffe0fa4       0x34 C:\Users\Kirti\e2_studio\workspace\ThreadUART\synergy\ssp\src\framework\el\tx\cm4_gcc\libtx.a(tx_initialize_high_level.o)
                0x1ffe0fa4                _tx_event_flags_created_ptr
                0x1ffe0fa8                _tx_mutex_created_count
                0x1ffe0fac                _tx_mutex_created_ptr
                0x1ffe0fb0                _tx_queue_created_count
                0x1ffe0fb4                _tx_semaphore_created_ptr
                0x1ffe0fb8                _tx_byte_pool_created_ptr
                0x1ffe0fbc                _tx_initialize_unused_memory
                0x1ffe0fc0                _tx_block_pool_created_count
                0x1ffe0fc4                _tx_semaphore_created_count
                0x1ffe0fc8                _tx_event_flags_created_count
                0x1ffe0fcc                _tx_block_pool_created_ptr
                0x1ffe0fd0                _tx_queue_created_ptr
                0x1ffe0fd4                _tx_byte_pool_created_count
 COMMON         0x1ffe0fd8       0xa8 C:\Users\Kirti\e2_studio\workspace\ThreadUART\synergy\ssp\src\framework\el\tx\cm4_gcc\libtx.a(tx_thread_initialize.o)
                0x1ffe0fd8                _tx_thread_priority_list
                0x1ffe1058                _tx_thread_mutex_release
                0x1ffe105c                _tx_thread_priority_maps
                0x1ffe1060                _tx_thread_created_ptr
                0x1ffe1064                _tx_build_options
                0x1ffe1068                _tx_thread_created_count
                0x1ffe106c                _tx_thread_system_stack_ptr
                0x1ffe1070                _tx_thread_preempt_disable
                0x1ffe1074                _tx_thread_current_ptr
                0x1ffe1078                _tx_thread_execute_ptr
                0x1ffe107c                _tx_thread_highest_priority
 COMMON         0x1ffe1080       0xa8 C:\Users\Kirti\e2_studio\workspace\ThreadUART\synergy\ssp\src\framework\el\tx\cm4_gcc\libtx.a(tx_timer_initialize.o)
                0x1ffe1080                _tx_timer_current_ptr
                0x1ffe1084                _tx_timer_list
                0x1ffe1104                _tx_timer_expired
                0x1ffe1108                _tx_timer_time_slice
                0x1ffe110c                _tx_timer_list_end
                0x1ffe1110                _tx_timer_processing_active
                0x1ffe1114                _tx_timer_list_start
                0x1ffe1118                _tx_timer_created_ptr
                0x1ffe111c                _tx_timer_created_count
                0x1ffe1120                _tx_timer_expired_time_slice
                0x1ffe1124                _tx_timer_system_clock
                0x1ffe1128                . = ALIGN (0x4)
                0x1ffe1128                __bss_end__ = .

.heap           0x1ffe1128     0x1000 load address 0x00007528
                0x1ffe1128                . = ALIGN (0x8)
                0x1ffe1128                __HeapBase = .
                0x1ffe1128                __end__ = .
                0x1ffe1128                end = __end__
 *(.heap*)
 .heap          0x1ffe1128     0x1000 ./synergy/ssp/src/bsp/cmsis/Device/RENESAS/S7G2/Source/startup_S7G2.o
                0x1ffe2128                __HeapLimit = .

.stack_dummy    0x1ffe2128     0x1400 load address 0x00008528
                0x1ffe2128                . = ALIGN (0x8)
                0x1ffe2128                __StackLimit = .
 *(.stack*)
 .stack         0x1ffe2128     0x1000 ./synergy/ssp/src/bsp/cmsis/Device/RENESAS/S7G2/Source/startup_S7G2.o
 .stack.blinky_thread
                0x1ffe3128      0x400 ./src/synergy_gen/blinky_thread.o
                0x1ffe3528                __StackTop = .
                0x1ffe3528                PROVIDE (__stack, __StackTop)
                0x1ffe3528                __RAM_segment_used_end__ = ALIGN (__StackTop, 0x4)

.data_flash     0x40100000        0x0
                0x40100000                __Data_Flash_Start = .
 *(.data_flash*)
                0x40100000                __Data_Flash_End = .

.sdram          0x90000000        0x0
                0x90000000                __SDRAM_Start = .
 *(.sdram*)
 *(.frame*)
                0x90000000                __SDRAM_End = .
OUTPUT(ThreadUART.elf elf32-littlearm)

.ARM.attributes
                0x00000000       0x30
 .ARM.attributes
                0x00000000       0x22 c:/program files (x86)/gnu tools arm embedded/4.9 2015q3/bin/../lib/gcc/arm-none-eabi/4.9.3/armv7e-m/fpu/crti.o
 .ARM.attributes
                0x00000022       0x34 c:/program files (x86)/gnu tools arm embedded/4.9 2015q3/bin/../lib/gcc/arm-none-eabi/4.9.3/armv7e-m/fpu/crtbegin.o
 .ARM.attributes
                0x00000056       0x39 ./synergy/ssp/src/framework/sf_uart_comms/sf_uart_comms.o
 .ARM.attributes
                0x0000008f       0x39 ./synergy/ssp/src/driver/r_sci_uart/r_sci_uart.o
 .ARM.attributes
                0x000000c8       0x39 ./synergy/ssp/src/driver/r_sci_common/r_sci_common.o
 .ARM.attributes
                0x00000101       0x39 ./synergy/ssp/src/driver/r_ioport/hw/hw_ioport.o
 .ARM.attributes
                0x0000013a       0x39 ./synergy/ssp/src/driver/r_ioport/r_ioport.o
 .ARM.attributes
                0x00000173       0x39 ./synergy/ssp/src/driver/r_elc/r_elc.o
 .ARM.attributes
                0x000001ac       0x39 ./synergy/ssp/src/driver/r_dtc/r_dtc.o
 .ARM.attributes
                0x000001e5       0x39 ./synergy/ssp/src/driver/r_cgc/hw/hw_cgc.o
 .ARM.attributes
                0x0000021e       0x39 ./synergy/ssp/src/driver/r_cgc/r_cgc.o
 .ARM.attributes
                0x00000257       0x39 ./synergy/ssp/src/bsp/mcu/s7g2/bsp_clocks.o
 .ARM.attributes
                0x00000290       0x39 ./synergy/ssp/src/bsp/mcu/s7g2/bsp_group_irq.o
 .ARM.attributes
                0x000002c9       0x39 ./synergy/ssp/src/bsp/mcu/s7g2/bsp_irq.o
 .ARM.attributes
                0x00000302       0x39 ./synergy/ssp/src/bsp/mcu/s7g2/bsp_locking.o
 .ARM.attributes
                0x0000033b       0x39 ./synergy/ssp/src/bsp/mcu/s7g2/bsp_register_protection.o
 .ARM.attributes
                0x00000374       0x39 ./synergy/ssp/src/bsp/mcu/s7g2/bsp_rom_registers.o
 .ARM.attributes
                0x000003ad       0x39 ./synergy/ssp/src/bsp/mcu/s7g2/bsp_vbatt.o
 .ARM.attributes
                0x000003e6       0x39 ./synergy/ssp/src/bsp/mcu/all/bsp_common.o
 .ARM.attributes
                0x0000041f       0x39 ./synergy/ssp/src/bsp/mcu/all/bsp_common_leds.o
 .ARM.attributes
                0x00000458       0x39 ./synergy/ssp/src/bsp/mcu/all/bsp_delay.o
 .ARM.attributes
                0x00000491       0x39 ./synergy/ssp/src/bsp/cmsis/Device/RENESAS/S7G2/Source/startup_S7G2.o
 .ARM.attributes
                0x000004ca       0x39 ./synergy/ssp/src/bsp/cmsis/Device/RENESAS/S7G2/Source/system_S7G2.o
 .ARM.attributes
                0x00000503       0x39 ./synergy/ssp/src/bsp/board/s7g2_sk/bsp_init.o
 .ARM.attributes
                0x0000053c       0x39 ./synergy/ssp/src/bsp/board/s7g2_sk/bsp_leds.o
 .ARM.attributes
                0x00000575       0x39 ./synergy/ssp/src/bsp/board/s7g2_sk/bsp_qspi.o
 .ARM.attributes
                0x000005ae       0x39 ./src/synergy_gen/blinky_thread.o
 .ARM.attributes